01-28 20:36:40.010 D/TelephonyProvider( 1961): dbh.insertAddingDefaults: db.insert returned >= 0; insert successful for cv is_default=1 mnc=751 mmsport=9401 ppp_number=null sub_id=-1 mmsc=http://mms1.live.vodafone.in/mms/ mmsproxy=10.10.1.100 numeric=405751 name=Vodafone IN MMS mcc=405 apn=portalnmms type=mms
01-28 20:36:40.011 D/TelephonyProvider( 1961): dbh.insertAddingDefaults: db.insert returned >= 0; insert successful for cv is_default=1 mnc=752 ppp_number=null sub_id=-1 numeric=405752 name=Vodafone IN internet mcc=405 apn=WWW type=default,supl
01-28 20:36:40.011 D/TelephonyProvider( 1961): dbh.insertAddingDefaults: db.insert returned >= 0; insert successful for cv is_default=1 mnc=752 mmsport=9401 ppp_number=null sub_id=-1 mmsc=http://mms1.live.vodafone.in/mms/ mmsproxy=10.10.1.100 numeric=405752 name=Vodafone IN MMS mcc=405 apn=portalnmms type=mms
01-28 20:36:40.011 D/TelephonyProvider( 1961): dbh.insertAddingDefaults: db.insert returned >= 0; insert successful for cv is_default=1 mnc=753 ppp_number=null sub_id=-1 numeric=405753 name=Vodafone IN internet mcc=405 apn=WWW type=default,supl
01-28 20:36:40.011 D/TelephonyProvider( 1961): dbh.insertAddingDefaults: db.insert returned >= 0; insert successful for cv is_default=1 mnc=753 mmsport=9401 ppp_number=null sub_id=-1 mmsc=http://mms1.live.vodafone.in/mms/ mmsproxy=10.10.1.100 numeric=405753 name=Vodafone IN MMS mcc=405 apn=portalnmms type=mms
01-28 20:36:40.012 D/TelephonyProvider( 1961): dbh.insertAddingDefaults: db.insert returned >= 0; insert successful for cv is_default=1 mnc=754 ppp_number=null sub_id=-1 numeric=405754 name=Vodafone IN internet mcc=405 apn=WWW type=default,supl
01-28 20:36:40.012 D/TelephonyProvider( 1961): dbh.insertAddingDefaults: db.insert returned >= 0; insert successful for cv is_default=1 mnc=754 mmsport=9401 ppp_number=null sub_id=-1 mmsc=http://mms1.live.vodafone.in/mms/ mmsproxy=10.10.1.100 numeric=405754 name=Vodafone IN MMS mcc=405 apn=portalnmms type=mms
01-28 20:36:40.012 D/TelephonyProvider( 1961): dbh.insertAddingDefaults: db.insert returned >= 0; insert successful for cv is_default=1 mnc=755 ppp_number=null sub_id=-1 numeric=405755 name=Vodafone IN internet mcc=405 apn=WWW type=default,supl
01-28 20:36:40.012 D/TelephonyProvider( 1961): dbh.insertAddingDefaults: db.insert returned >= 0; insert successful for cv is_default=1 mnc=755 mmsport=9401 ppp_number=null sub_id=-1 mmsc=http://mms1.live.vodafone.in/mms/ mmsproxy=10.10.1.100 numeric=405755 name=Vodafone IN MMS mcc=405 apn=portalnmms type=mms
01-28 20:36:40.013 D/TelephonyProvider( 1961): dbh.insertAddingDefaults: db.insert returned >= 0; insert successful for cv is_default=1 mnc=756 ppp_number=null sub_id=-1 numeric=405756 name=Vodafone IN internet mcc=405 apn=WWW type=default,supl
01-28 20:36:40.013 D/TelephonyProvider( 1961): dbh.insertAddingDefaults: db.insert returned >= 0; insert successful for cv is_default=1 mnc=756 mmsport=9401 ppp_number=null sub_id=-1 mmsc=http://mms1.live.vodafone.in/mms/ mmsproxy=10.10.1.100 numeric=405756 name=Vodafone IN MMS mcc=405 apn=portalnmms type=mms
01-28 20:36:40.013 D/XT9IME.AlphaInputView( 1889): preDeleteWords: delete word (git)
01-28 20:36:40.013 D/TelephonyProvider( 1961): dbh.insertAddingDefaults: db.insert returned >= 0; insert successful for cv is_default=1 password=3gprs mnc=89 ppp_number=null sub_id=-1 numeric=51089 name=3 HTTP mcc=510 apn=3gprs type=default,supl user=3gprs
01-28 20:36:40.013 D/TelephonyProvider( 1961): dbh.insertAddingDefaults: db.insert returned >= 0; insert successful for cv is_default=1 password=3mms ppp_number=null sub_id=-1 mmsc=http://mms.three.co.id numeric=51089 user=3mms mnc=89 mmsport=3128 mmsproxy=10.4.0.10 name=3 MMS mcc=510 apn=3mms type=mms
01-28 20:36:40.014 D/TelephonyProvider( 1961): dbh.insertAddingDefaults: db.insert returned >= 0; insert successful for cv is_default=1 password=123456 mnc=08 ppp_number=null sub_id=-1 proxy=10.8.3.8 numeric=51008 name=AXIS HTTP port=8080 mcc=510 apn=AXIS type=default user=axis
01-28 20:36:40.014 D/TelephonyProvider( 1961): dbh.insertAddingDefaults: db.insert returned >= 0; insert successful for cv is_default=1 password=123456 ppp_number=null sub_id=-1 mmsc=http://mmsc.AXIS numeric=51008 user=axis mnc=08 mmsport=8080 mmsproxy=10.8.3.8 name=AXIS MMS mcc=510 apn=AXISmms type=mms
01-28 20:36:40.015 D/TelephonyProvider( 1961): dbh.insertAddingDefaults: db.insert returned >= 0; insert successful for cv is_default=1 password=123456 mnc=08 ppp_number=null sub_id=-1 numeric=51008 name=AXIS Internet mcc=510 apn=AXIS type=default,supl user=axis
01-28 20:36:40.015 D/TelephonyProvider( 1961): dbh.insertAddingDefaults: db.insert returned >= 0; insert successful for cv is_default=1 mnc=11 ppp_number=null sub_id=-1 numeric=51011 name=XL 3G mcc=510 apn=internet type=default,supl,hipri
01-28 20:36:40.015 D/TelephonyProvider( 1961): dbh.insertAddingDefaults: db.insert returned >= 0; insert successful for cv is_default=1 password=proxl mnc=11 ppp_number=null sub_id=-1 proxy=202.152.240.50 numeric=51011 name=XL WAP port=8080 mcc=510 apn=www.xlgprs.net type=default user=xlgprs
01-28 20:36:40.016 D/TelephonyProvider( 1961): dbh.insertAddingDefaults: db.insert returned >= 0; insert successful for cv is_default=1 password=proxl ppp_number=null sub_id=-1 mmsc=http://mmc.xl.net.id/servlets/mms numeric=51011 user=xlgprs mnc=11 mmsport=8080 mmsproxy=202.152.240.050 name=XL MMS mcc=510 apn=www.xlmms.net type=mms
01-28 20:36:40.016 D/TelephonyProvider( 1961): dbh.insertAddingDefaults: db.insert returned >= 0; insert successful for cv is_default=1 password=im3 ppp_number=null sub_id=-1 mmsc=http://mmsc.m3-access.com numeric=51021 user=mms mnc=21 mmsport=8080 mmsproxy=10.19.19.19 name=Indosat 2G MMS mcc=510 apn=mms.indosat-m3.net type=mms
01-28 20:36:40.016 D/XT9IME.AlphaInputView( 1889): preDeleteWords: delete word (ess)
01-28 20:36:40.016 D/TelephonyProvider( 1961): dbh.insertAddingDefaults: db.insert returned >= 0; insert successful for cv is_default=1 password=im3 mnc=21 ppp_number=null sub_id=-1 proxy=10.19.19.19 numeric=51021 name=Indosat 2G HTTP port=9201 mcc=510 apn=www.indosat-m3.net type=default,supl user=gprs
01-28 20:36:40.017 D/TelephonyProvider( 1961): dbh.insertAddingDefaults: db.insert returned >= 0; insert successful for cv is_default=1 password=indosat mnc=01 ppp_number=null sub_id=-1 numeric=51001 name=Indosat 3G Internet mcc=510 apn=indosatgprs type=default,supl user=indosat
01-28 20:36:40.017 D/TelephonyProvider( 1961): dbh.insertAddingDefaults: db.insert returned >= 0; insert successful for cv is_default=1 password=indosat ppp_number=null sub_id=-1 mmsc=http://mmsc.indosat.com numeric=51001 user=indosat mnc=01 mmsport=8080 mmsproxy=10.19.19.19 name=Indosat 3G MMS mcc=510 apn=indosatmms type=mms
01-28 20:36:40.017 D/TelephonyProvider( 1961): dbh.insertAddingDefaults: db.insert returned >= 0; insert successful for cv is_default=1 password=wap123 mnc=10 ppp_number=null sub_id=-1 numeric=51010 name=TSEL-BROADBAND mcc=510 apn=internet type=default,supl user=wap
01-28 20:36:40.017 D/TelephonyProvider( 1961): dbh.insertAddingDefaults: db.insert returned >= 0; insert successful for cv is_default=1 password=wap123 mnc=10 ppp_number=null sub_id=-1 proxy=10.1.89.130 numeric=51010 name=TSEL-GPRS port=8000 mcc=510 apn=telkomsel type=default user=wap
01-28 20:36:40.018 D/TelephonyProvider( 1961): dbh.insertAddingDefaults: db.insert returned >= 0; insert successful for cv is_default=1 password=wap123 ppp_number=null sub_id=-1 mmsc=http://mms.telkomsel.com numeric=51010 user=wap mnc=10 mmsport=8000 mmsproxy=10.1.89.150 name=TSEL-MMS mcc=510 apn=mms type=mms
01-28 20:36:40.018 D/TelephonyProvider( 1961): dbh.insertAddingDefaults: db.insert returned >= 0; insert successful for cv is_default=1 password=Smartfren ppp_number=null sub_id=-1 mmsc=http://10.17.93.103:8080 numeric=51009 authtype=3 user=Smartfren protocol=IPV4V6 mnc=09 mmsport=8080 mmsproxy=10.17.27.250 name=Smartfren4G mcc=510 apn=Smartfren4G type=default,mms,supl
01-28 20:36:40.019 D/TelephonyProvider( 1961): dbh.insertAddingDefaults: db.insert returned >= 0; insert successful for cv is_default=1 password=Smartfren ppp_number=null sub_id=-1 mmsc=http://10.17.93.103:8080 numeric=51028 authtype=3 user=Smartfren protocol=IPV4V6 mnc=28 mmsport=8080 mmsproxy=10.17.27.250 name=Smartfren4G mcc=510 apn=Smartfren4G type=default,mms,supl
01-28 20:36:40.019 D/TelephonyProvider( 1961): dbh.insertAddingDefaults: db.insert returned >= 0; insert successful for cv is_default=1 mnc=20 ppp_number=null sub_id=-1 numeric=43220 name=Rightel mcc=432 apn=Rightel type=default,supl
01-28 20:36:40.019 D/TelephonyProvider( 1961): dbh.insertAddingDefaults: db.insert returned >= 0; insert successful for cv is_default=1 mnc=20 mmsport=8080 ppp_number=null sub_id=-1 mmsc=http://10.200.40.55:38090/was mmsproxy=10.200.39.10 numeric=43220 name=RighTel-MMS mcc=432 apn=RighTel-WAP type=mms
01-28 20:36:40.019 D/XT9IME.AlphaInputView( 1889): preDeleteWords: delete word (vBulletin)
01-28 20:36:40.020 D/TelephonyProvider( 1961): dbh.insertAddingDefaults: db.insert returned >= 0; insert successful for cv is_default=1 mnc=11 ppp_number=null sub_id=-1 numeric=43211 name=MCCI Internet mcc=432 authtype=1 apn=mcinet type=default,supl
01-28 20:36:40.020 D/TelephonyProvider( 1961): dbh.insertAddingDefaults: db.insert returned >= 0; insert successful for cv is_default=1 mnc=11 mmsport=8080 ppp_number=null sub_id=-1 mmsc=ttp://192.168.193.134:38090/was mmsproxy=192.168.194.073 numeric=43211 name=MCCI MMS mcc=432 authtype=1 apn=mcinet type=mms
01-28 20:36:40.020 D/TelephonyProvider( 1961): dbh.insertAddingDefaults: db.insert returned >= 0; insert successful for cv is_default=1 mnc=35 ppp_number=null sub_id=-1 numeric=43235 name=Irancell-GPRS mcc=432 apn=mtnirancell type=default
01-28 20:36:40.020 D/TelephonyProvider( 1961): dbh.insertAddingDefaults: db.insert returned >= 0; insert successful for cv is_default=1 mnc=35 mmsport=8080 ppp_number=null sub_id=-1 mmsc=http://mms:8002 mmsproxy=10.131.26.138 numeric=43235 name=Irancell-MMS mcc=432 authtype=1 apn=mtnirancell type=mms
01-28 20:36:40.021 D/TelephonyProvider( 1961): dbh.insertAddingDefaults: db.insert returned >= 0; insert successful for cv is_default=1 mnc=02 ppp_number=null sub_id=-1 numeric=42502 name=Cellcom Internet mcc=425 apn=sphone type=default,supl
01-28 20:36:40.021 D/TelephonyProvider( 1961): dbh.insertAddingDefaults: db.insert returned >= 0; insert successful for cv is_default=1 mnc=02 mmsport=8080 ppp_number=null sub_id=-1 mmsc=http://mms.cellcom.co.il mmsproxy=172.31.29.38 numeric=42502 name=Cellcom MMS mcc=425 apn=MMS type=mms
01-28 20:36:40.021 D/TelephonyProvider( 1961): dbh.insertAddingDefaults: db.insert returned >= 0; insert successful for cv is_default=1 mnc=01 mmsport=8080 ppp_number=null sub_id=-1 mmsc=http://192.168.220.15/servlets/mms mmsproxy=192.118.11.55 numeric=42501 name=3G Portal mcc=425 apn=uwap.orange.co.il type=*
01-28 20:36:40.022 D/TelephonyProvider( 1961): dbh.insertAddingDefaults: db.insert returned >= 0; insert successful for cv is_default=1 mnc=01 ppp_number=null sub_id=-1 numeric=42501 name=Orange DUN mcc=425 authtype=1 apn=modem.orange.co.il type=default
01-28 20:36:40.022 D/TelephonyProvider( 1961): dbh.insertAddingDefaults: db.insert returned >= 0; insert successful for cv is_default=1 password=pcl mnc=03 ppp_number=null sub_id=-1 numeric=42503 name=Sphone Pelephone mcc=425 apn=sphone.pelephone.net.il type=default,supl user=pcl@3g
01-28 20:36:40.022 D/TelephonyProvider( 1961): dbh.insertAddingDefaults: db.insert returned >= 0; insert successful for cv is_default=1 password=pcl ppp_number=null sub_id=-1 mmsc=http://mmsu.pelephone.net.il/ numeric=42503 user=pcl@3g mnc=03 mmsport=9093 mmsproxy=10.170.252.104 name=Multimedia Pelephone mcc=425 apn=mms.pelephone.net.il type=mms
01-28 20:36:40.022 D/TelephonyProvider( 1961): dbh.insertAddingDefaults: db.insert returned >= 0; insert successful for cv is_default=1 mnc=99 mmsport=8799 ppp_number=null sub_id=-1 mmsc=http://10.216.59.240:10021/mmsc mmsproxy=62.13.171.3 numeric=22299 name=3 mcc=222 apn=tre.it type=default,mms,supl,dun
01-28 20:36:40.023 D/TelephonyProvider( 1961): dbh.insertAddingDefaults: db.insert returned >= 0; insert successful for cv is_default=1 password=WAPTIM mnc=01 ppp_number=null sub_id=-1 numeric=22201 name=WAP TIM mcc=222 apn=wap.tim.it type=default,supl user=WAPTIM
01-28 20:36:40.023 D/XT9IME.AlphaInputView( 1889): preDeleteWords: delete word (dit)
01-28 20:36:40.023 D/TelephonyProvider( 1961): dbh.insertAddingDefaults: db.insert returned >= 0; insert successful for cv is_default=1 mnc=01 ppp_number=null sub_id=-1 numeric=22201 name=TIM Web mcc=222 apn=ibox.tim.it type=default,supl,dun
01-28 20:36:40.023 D/TelephonyProvider( 1961): dbh.insertAddingDefaults: db.insert returned >= 0; insert successful for cv is_default=1 mnc=01 mmsport=80 ppp_number=null sub_id=-1 mmsc=http://mms.tim.it/servlets/mms mmsproxy=213.230.130.89 numeric=22201 name=iTIM mcc=222 apn=unico.tim.it type=mms
01-28 20:36:40.023 D/TelephonyProvider( 1961): dbh.insertAddingDefaults: db.insert returned >= 0; insert successful for cv is_default=1 mnc=10 ppp_number=null sub_id=-1 numeric=22210 name=Acc. Internet da cell mcc=222 apn=mobile.vodafone.it type=default,supl
01-28 20:36:40.024 D/TelephonyProvider( 1961): dbh.insertAddingDefaults: db.insert returned >= 0; insert successful for cv is_default=1 mnc=10 ppp_number=null sub_id=-1 numeric=22210 name=Tethering Internet mcc=222 apn=web.omnitel.it type=dun
01-28 20:36:40.024 D/TelephonyProvider( 1961): dbh.insertAddingDefaults: db.insert returned >= 0; insert successful for cv is_default=1 mnc=10 mmsport=80 ppp_number=null sub_id=-1 mmsc=http://mms.vodafone.it/servlets/mms mmsproxy=10.128.224.10 numeric=22210 name=MMS Vodafone mcc=222 apn=mms.vodafone.it type=mms
01-28 20:36:40.024 D/TelephonyProvider( 1961): dbh.insertAddingDefaults: db.insert returned >= 0; insert successful for cv is_default=1 mnc=88 ppp_number=null sub_id=-1 numeric=22288 name=WIND WEB mcc=222 apn=internet.wind type=default,supl
01-28 20:36:40.024 D/TelephonyProvider( 1961): dbh.insertAddingDefaults: db.insert returned >= 0; insert successful for cv is_default=1 mnc=88 ppp_number=null sub_id=-1 numeric=22288 name=WIND DUN mcc=222 apn=internet.wind type=dun
01-28 20:36:40.025 D/TelephonyProvider( 1961): dbh.insertAddingDefaults: db.insert returned >= 0; insert successful for cv is_default=1 mnc=88 mmsport=8080 ppp_number=null sub_id=-1 mmsc=http://mms.wind.it mmsproxy=212.245.244.100 numeric=22288 name=MMS WIND mcc=222 apn=mms.wind type=mms
01-28 20:36:40.025 D/TelephonyProvider( 1961): dbh.insertAddingDefaults: db.insert returned >= 0; insert successful for cv is_default=1 mnc=10 ppp_number=null sub_id=-1 numeric=22210 name=PosteMobile mcc=222 apn=wap.postemobile.it type=default,supl,dun
01-28 20:36:40.025 D/TelephonyProvider( 1961): dbh.insertAddingDefaults: db.insert returned >= 0; insert successful for cv is_default=1 mnc=10 mmsport=80 ppp_number=null sub_id=-1 mmsc=http://mms.postemobile.it/servlets/mms mmsproxy=10.128.224.10 numeric=22210 name=PosteMobile MMS mcc=222 apn=mms.postemobile.it type=mms
01-28 20:36:40.026 D/TelephonyProvider( 1961): dbh.insertAddingDefaults: db.insert returned >= 0; insert successful for cv is_default=1 mnc=33 ppp_number=null sub_id=-1 numeric=22233 name=PosteMobile mcc=222 apn=wap.postemobile.it type=default,supl,dun
01-28 20:36:40.026 D/TelephonyProvider( 1961): dbh.insertAddingDefaults: db.insert returned >= 0; insert successful for cv is_default=1 mnc=33 mmsport=80 ppp_number=null sub_id=-1 mmsc=http://mms.postemobile.it/servlets/mms mmsproxy=10.128.224.10 numeric=22233 name=PosteMobile MMS mcc=222 apn=mms.postemobile.it type=mms
01-28 20:36:40.026 D/XT9IME.AlphaInputView( 1889): preDeleteWords: delete word (hoe)
01-28 20:36:40.026 D/TelephonyProvider( 1961): dbh.insertAddingDefaults: db.insert returned >= 0; insert successful for cv is_default=1 mnc=34 ppp_number=null sub_id=-1 numeric=22234 name=BT internet mcc=222 apn=internet.btitalia.it type=default,supl
01-28 20:36:40.026 D/TelephonyProvider( 1961): dbh.insertAddingDefaults: db.insert returned >= 0; insert successful for cv is_default=1 mnc=34 mmsport=80 ppp_number=null sub_id=-1 mmsc=http://mms.tim.it/servlets/mms mmsproxy=213.230.130.89 numeric=22234 name=BT MMS mcc=222 apn=mms.btitalia.it type=mms
01-28 20:36:40.027 D/TelephonyProvider( 1961): dbh.insertAddingDefaults: db.insert returned >= 0; insert successful for cv is_default=1 mvno_match_data=FASTWEB ppp_number=null sub_id=-1 mvno_type=spn mmsc=http://mms.fastweb.it/mms/wapenc numeric=22299 mnc=99 mmsport=8080 mmsproxy=10.0.65.9 name=FW WEB MOBILE mcc=222 apn=apn.fastweb.it type=default,mms,supl
01-28 20:36:40.027 D/TelephonyProvider( 1961): dbh.insertAddingDefaults: db.insert returned >= 0; insert successful for cv is_default=1 mvno_match_data=PosteMobile mnc=10 ppp_number=null sub_id=-1 mvno_type=spn numeric=22210 name=PosteMobile mcc=222 apn=wap.postemobile.it type=default,supl,dun
01-28 20:36:40.028 D/TelephonyProvider( 1961): dbh.insertAddingDefaults: db.insert returned >= 0; insert successful for cv is_default=1 mvno_match_data=PosteMobile ppp_number=null sub_id=-1 mvno_type=spn mmsc=http://mms.postemobile.it/servlets/mms numeric=22210 mnc=10 mmsport=80 mmsproxy=10.128.224.10 name=PosteMobile MMS mcc=222 apn=mms.postemobile.it type=mms
01-28 20:36:40.028 D/TelephonyProvider( 1961): dbh.insertAddingDefaults: db.insert returned >= 0; insert successful for cv is_default=1 mvno_match_data=222101306xxxxxx mnc=10 ppp_number=null sub_id=-1 mvno_type=imsi numeric=22210 name=DailyTelecomWAP mcc=222 apn=wap.dtm.it type=default,supl,dun
01-28 20:36:40.028 D/TelephonyProvider( 1961): dbh.insertAddingDefaults: db.insert returned >= 0; insert successful for cv is_default=1 mvno_match_data=Coop Mobile mnc=01 ppp_number=null sub_id=-1 mvno_type=spn numeric=22201 name=CoopVoce mcc=222 authtype=1 apn=web.coopvoce.it type=default,supl,dun
01-28 20:36:40.029 D/TelephonyProvider( 1961): dbh.insertAddingDefaults: db.insert returned >= 0; insert successful for cv is_default=1 mvno_match_data=Coop Mobile ppp_number=null sub_id=-1 mvno_type=spn mmsc=http://mms.coop.it/servlets/mms numeric=22201 mnc=01 mmsport=80 mmsproxy=213.230.130.89 name=MMS Coop mcc=222 apn=mms.coopvoce.it type=mms
01-28 20:36:40.029 D/XT9IME.AlphaInputView( 1889): preDeleteWords: delete word (ho)
01-28 20:36:40.029 D/TelephonyProvider( 1961): dbh.insertAddingDefaults: db.insert returned >= 0; insert successful for cv is_default=1 mvno_match_data=222101406xxxxxx mnc=10 ppp_number=null sub_id=-1 mvno_type=imsi numeric=22210 name=DailyTelecomWAP mcc=222 apn=wap.dtm.it type=default,supl,dun
01-28 20:36:40.029 D/TelephonyProvider( 1961): dbh.insertAddingDefaults: db.insert returned >= 0; insert successful for cv is_default=1 mnc=10 ppp_number=null sub_id=-1 numeric=44010 name=moperaU mcc=440 apn=mopera.net type=default,supl
01-28 20:36:40.030 D/TelephonyProvider( 1961): dbh.insertAddingDefaults: db.insert returned >= 0; insert successful for cv is_default=1 password=0000 mnc=10 ppp_number=null sub_id=-1 numeric=44010 name=BIGLOBE LTE3G mcc=440 authtype=3 apn=biglobe.jp type=default,supl user=user
01-28 20:36:40.030 D/TelephonyProvider( 1961): dbh.insertAddingDefaults: db.insert returned >= 0; insert successful for cv is_default=1 password=hi-ho mnc=10 ppp_number=null sub_id=-1 numeric=44010 name=hi-ho mcc=440 authtype=3 apn=vmobile.jp type=default,supl user=lte@hi-ho
01-28 20:36:40.030 D/TelephonyProvider( 1961): dbh.insertAddingDefaults: db.insert returned >= 0; insert successful for cv is_default=1 password=nuro mnc=10 ppp_number=null sub_id=-1 numeric=44010 name=So-net LTE mcc=440 authtype=3 apn=so-net.jp type=default,supl user=nuro
01-28 20:36:40.030 D/TelephonyProvider( 1961): dbh.insertAddingDefaults: db.insert returned >= 0; insert successful for cv is_default=1 password=iij mnc=10 ppp_number=null sub_id=-1 numeric=44010 name=IIJmio mcc=440 authtype=3 apn=iijmio.jp type=default,supl user=mio@iij
01-28 20:36:40.031 D/TelephonyProvider( 1961): dbh.insertAddingDefaults: db.insert returned >= 0; insert successful for cv is_default=1 password=mobile mnc=10 ppp_number=null sub_id=-1 numeric=44010 name=OCN  ONE (LTE) mcc=440 authtype=3 apn=lte-d.ocn.ne.jp type=default,supl user=mobileid@ocn
01-28 20:36:40.031 D/TelephonyProvider( 1961): dbh.insertAddingDefaults: db.insert returned >= 0; insert successful for cv is_default=1 password=mmt mnc=10 ppp_number=null sub_id=-1 numeric=44010 name=Marubeni Wireless (LTE) mcc=440 authtype=3 apn=mmtcom.jp type=default,supl user=mmt@mmt
01-28 20:36:40.031 D/TelephonyProvider( 1961): dbh.insertAddingDefaults: db.insert returned >= 0; insert successful for cv is_default=1 password=vrkt mnc=10 ppp_number=null sub_id=-1 numeric=44010 name=A (LTE/3G) mcc=440 authtype=3 apn=vdm.jp type=default,supl user=rakuten@vdm
01-28 20:36:40.031 D/TelephonyProvider( 1961): dbh.insertAddingDefaults: db.insert returned >= 0; insert successful for cv is_default=1 password=0000 mnc=10 ppp_number=null sub_id=-1 numeric=44010 name=B (LTE/3G) mcc=440 authtype=3 apn=rmobile.jp type=default,supl user=rm
01-28 20:36:40.032 D/TelephonyProvider( 1961): dbh.insertAddingDefaults: db.insert returned >= 0; insert successful for cv is_default=1 password=oxymo mnc=10 ppp_number=null sub_id=-1 numeric=44010 name=Oxymo mcc=440 authtype=3 apn=vmobile.jp type=default,supl user=fjk@oxymo.net
01-28 20:36:40.032 D/TelephonyProvider( 1961): dbh.insertAddingDefaults: db.insert returned >= 0; insert successful for cv is_default=1 password=umobile mnc=10 ppp_number=null sub_id=-1 numeric=44010 name=U-mobile mcc=440 authtype=3 apn=umobile.jp type=default,supl user=umobile@umobile.jp
01-28 20:36:40.032 D/XT9IME.AlphaInputView( 1889): preDeleteWords: delete word (yt?)
01-28 20:36:40.032 D/TelephonyProvider( 1961): dbh.insertAddingDefaults: db.insert returned >= 0; insert successful for cv is_default=1 password=nifty mnc=10 ppp_number=null sub_id=-1 numeric=44010 name=nifty mcc=440 authtype=2 apn=mda.nifty.com type=default,supl user=mda@nifty
01-28 20:36:40.032 D/TelephonyProvider( 1961): dbh.insertAddingDefaults: db.insert returned >= 0; insert successful for cv is_default=1 password=tok mnc=10 ppp_number=null sub_id=-1 numeric=44010 name=TOKAI4G/D mcc=440 authtype=3 apn=vmobile.jp type=default,supl user=tok@tokai.jp
01-28 20:36:40.033 D/TelephonyProvider( 1961): dbh.insertAddingDefaults: db.insert returned >= 0; insert successful for cv is_default=1 password=accel mnc=10 ppp_number=null sub_id=-1 numeric=44010 name=JPMobile mcc=440 authtype=3 apn=vdm.jp type=default,supl user=accel@vdm
01-28 20:36:40.033 D/TelephonyProvider( 1961): dbh.insertAddingDefaults: db.insert returned >= 0; insert successful for cv is_default=1 password=dmm mnc=10 ppp_number=null sub_id=-1 numeric=44010 name=DMM mobile (dmm.com) mcc=440 authtype=3 apn=dmm.com type=default,supl user=dmm@dmm.com
01-28 20:36:40.033 D/TelephonyProvider( 1961): dbh.insertAddingDefaults: db.insert returned >= 0; insert successful for cv is_default=1 mnc=10 ppp_number=null sub_id=-1 numeric=44010 name=LTE mcc=440 apn=lte.mair.jp type=default
01-28 20:36:40.033 D/TelephonyProvider( 1961): dbh.insertAddingDefaults: db.insert returned >= 0; insert successful for cv is_default=1 password=0000 mnc=10 ppp_number=null sub_id=-1 numeric=44010 name=ASAHI NET mcc=440 authtype=3 apn=lte.mobac.net type=default,supl user=d@w.asahinet.jp
01-28 20:36:40.033 D/TelephonyProvider( 1961): dbh.insertAddingDefaults: db.insert returned >= 0; insert successful for cv is_default=1 password=bbiq mnc=10 ppp_number=null sub_id=-1 numeric=44010 name=BBIQ mcc=440 authtype=3 apn=vmobile.jp type=default,supl user=qtnet@bbiq.jp
01-28 20:36:40.034 D/XT9IME.AlphaInputView( 1889): preDeleteWords: store new predelete_words_count with 25
01-28 20:36:40.034 D/TelephonyProvider( 1961): dbh.insertAddingDefaults: db.insert returned >= 0; insert successful for cv is_default=1 password=ym mnc=20 ppp_number=null sub_id=-1 numeric=44020 name=Y!mobile mcc=440 authtype=2 apn=plus.acs.jp type=default,supl user=ym
01-28 20:36:40.034 D/TelephonyProvider( 1961): dbh.insertAddingDefaults: db.insert returned >= 0; insert successful for cv is_default=1 password=wg mnc=10 ppp_number=null sub_id=-1 numeric=44010 name= mcc=440 authtype=3 apn=xi01.wi-gate.net type=default,supl user=wg@sim
01-28 20:36:40.034 D/TelephonyProvider( 1961): dbh.insertAddingDefaults: db.insert returned >= 0; insert successful for cv is_default=1 protocol=IPV4V6 password=uq mnc=50 ppp_number=null sub_id=-1 numeric=44050 name=uqmobile.jp mcc=440 authtype=2 apn=uqmobile.jp type=default,mms,supl,hipri,dun user=uq@uqmobile.jp
01-28 20:36:40.035 D/TelephonyProvider( 1961): dbh.insertAddingDefaults: db.insert returned >= 0; insert successful for cv is_default=1 protocol=IPV4V6 password=uq mnc=51 ppp_number=null sub_id=-1 numeric=44051 name=uqmobile.jp mcc=440 authtype=2 apn=uqmobile.jp type=default,mms,supl,hipri,dun user=uq@uqmobile.jp
01-28 20:36:40.035 D/TelephonyProvider( 1961): dbh.insertAddingDefaults: db.insert returned >= 0; insert successful for cv is_default=1 mnc=10 ppp_number=null sub_id=-1 numeric=44010 name= mcc=440 authtype=3 apn=vmobile.jp type=default,supl
01-28 20:36:40.035 D/TelephonyProvider( 1961): dbh.insertAddingDefaults: db.insert returned >= 0; insert successful for cv is_default=1 password=asus mnc=10 ppp_number=null sub_id=-1 numeric=44010 name=ASUS ZenSIM 1 mcc=440 authtype=3 apn=mmtmobile.jp type=default,supl user=asus@1day
01-28 20:36:40.035 D/TelephonyProvider( 1961): dbh.insertAddingDefaults: db.insert returned >= 0; insert successful for cv is_default=1 password=asus mnc=10 ppp_number=null sub_id=-1 numeric=44010 name=ASUS ZenSIM 2 mcc=440 authtype=3 apn=mmtmobile.jp type=default,supl user=asus@5gb
01-28 20:36:40.036 D/TelephonyProvider( 1961): dbh.insertAddingDefaults: db.insert returned >= 0; insert successful for cv is_default=1 password=0000 mnc=10 ppp_number=null sub_id=-1 numeric=44010 name=AEON MOBILE 1 mcc=440 authtype=3 apn=i-aeonmobile.com type=default,supl user=user
01-28 20:36:40.036 D/TelephonyProvider( 1961): dbh.insertAddingDefaults: db.insert returned >= 0; insert successful for cv is_default=1 mnc=03 ppp_number=null sub_id=-1 numeric=41603 name=Umniah Internet mcc=416 apn=net type=default,supl
01-28 20:36:40.036 D/TelephonyProvider( 1961): dbh.insertAddingDefaults: db.insert returned >= 0; insert successful for cv is_default=1 mnc=03 mmsport=9201 ppp_number=null sub_id=-1 mmsc=http://mms.umniah.com mmsproxy=10.1.1.10 numeric=41603 name=Umniah MMS mcc=416 apn=mms type=mms
01-28 20:36:40.037 D/TelephonyProvider( 1961): dbh.insertAddingDefaults: db.insert returned >= 0; insert successful for cv is_default=1 mnc=03 ppp_number=null sub_id=-1 proxy=10.1.1.10 numeric=41603 name=Umniah HTTP port=9201 mcc=416 authtype=1 apn=wap type=default
01-28 20:36:40.037 D/TelephonyProvider( 1961): dbh.insertAddingDefaults: db.insert returned >= 0; insert successful for cv is_default=1 password=beeline mnc=01 ppp_number=null sub_id=-1 numeric=40101 name=Beeline Internet mcc=401 apn=internet.beeline.kz type=default,supl user=@internet.beeline
01-28 20:36:40.037 D/TelephonyProvider( 1961): dbh.insertAddingDefaults: db.insert returned >= 0; insert successful for cv is_default=1 password=beeline ppp_number=null sub_id=-1 mmsc=http://mms.beeline.kz/mms/wapenc numeric=40101 user=@mms.beeline mnc=01 mmsport=8080 mmsproxy=172.027.006.093 name=Beeline mms mcc=401 apn=mms.beeline.kz type=mms
01-28 20:36:40.037 D/TelephonyProvider( 1961): dbh.insertAddingDefaults: db.insert returned >= 0; insert successful for cv is_default=1 mnc=02 ppp_number=null sub_id=-1 numeric=40102 name=Kcell gprs mcc=401 apn=internet type=default,supl
01-28 20:36:40.038 D/TelephonyProvider( 1961): dbh.insertAddingDefaults: db.insert returned >= 0; insert successful for cv is_default=1 mnc=02 mmsport=8080 ppp_number=null sub_id=-1 mmsc=http://mms.kcell.kz/post mmsproxy=195.047.255.007 numeric=40102 name=Kcell MMS mcc=401 apn=mms type=default
01-28 20:36:40.038 D/TelephonyProvider( 1961): dbh.insertAddingDefaults: db.insert returned >= 0; insert successful for cv is_default=1 mnc=77 ppp_number=null sub_id=-1 numeric=40177 name=Tele2 Internet mcc=401 apn=internet type=default,supl
01-28 20:36:40.038 D/TelephonyProvider( 1961): dbh.insertAddingDefaults: db.insert returned >= 0; insert successful for cv is_default=1 mnc=77 mmsport=8080 ppp_number=null sub_id=-1 mmsc=http://mms.tele2.kz/mms/wapenc mmsproxy=10.1.26.10 numeric=40177 name=Tele2 MMS mcc=401 apn=mms type=mms
01-28 20:36:40.038 D/TelephonyProvider( 1961): dbh.insertAddingDefaults: db.insert returned >= 0; insert successful for cv is_default=1 mnc=08 ppp_number=null sub_id=-1 mmsc=http://mmsc.ktfwing.com:9082 numeric=45008 name=KT mcc=450 apn=lte.ktfwing.com type=*
01-28 20:36:40.039 D/TelephonyProvider( 1961): dbh.insertAddingDefaults: db.insert returned >= 0; insert successful for cv is_default=1 mnc=06 ppp_number=null sub_id=-1 numeric=45006 name=LG U+ mcc=450 apn=internet.lguplus.co.kr type=default,supl
01-28 20:36:40.039 D/TelephonyProvider( 1961): dbh.insertAddingDefaults: db.insert returned >= 0; insert successful for cv is_default=1 mnc=06 ppp_number=null sub_id=-1 mmsc=http://omammsc.uplus.co.kr:9084 numeric=45006 name=LG U+ MMS mcc=450 apn=ims.lguplus.co.kr type=default,mms
01-28 20:36:40.039 D/TelephonyProvider( 1961): dbh.insertAddingDefaults: db.insert returned >= 0; insert successful for cv is_default=1 mnc=06 ppp_number=null sub_id=-1 mmsc=http://omammsc.uplus.co.kr:9084 numeric=45006 name=LG U+ Roaming mcc=450 apn=wroaming.lguplus.co.kr type=default,mms,supl,dun
01-28 20:36:40.039 D/TelephonyProvider( 1961): dbh.insertAddingDefaults: db.insert returned >= 0; insert successful for cv is_default=1 mnc=06 ppp_number=null sub_id=-1 numeric=45006 name=LG U+ tethering mcc=450 apn=tethering.lguplus.co.kr type=dun
01-28 20:36:40.040 D/TelephonyProvider( 1961): dbh.insertAddingDefaults: db.insert returned >= 0; insert successful for cv is_default=1 ppp_number=null sub_id=-1 mmsc=http://omms.nate.com:9082/oma_mms numeric=45005 authtype=1 mnc=05 mmsport=9093 mmsproxy=smart.nate.com server=* name=SK Telecom mcc=450 apn=lte.sktelecom.com type=default,mms,supl
01-28 20:36:40.040 D/TelephonyProvider( 1961): dbh.insertAddingDefaults: db.insert returned >= 0; insert successful for cv is_default=1 mnc=04 ppp_number=null sub_id=-1 numeric=41904 name=Viva Internet mcc=419 apn=viva type=default,supl
01-28 20:36:40.040 D/TelephonyProvider( 1961): dbh.insertAddingDefaults: db.insert returned >= 0; insert successful for cv is_default=1 mnc=04 mmsport=8080 ppp_number=null sub_id=-1 mmsc=http://172.16.128.80:38090/was mmsproxy=172.16.128.228 numeric=41904 name=Viva MMS mcc=419 apn=vivamms type=mms
01-28 20:36:40.041 D/TelephonyProvider( 1961): dbh.insertAddingDefaults: db.insert returned >= 0; insert successful for cv is_default=1 mnc=3 ppp_number=null sub_id=-1 numeric=4193 name=wataniya Internet mcc=419 apn=action.wataniya.com type=default,supl
01-28 20:36:40.041 D/TelephonyProvider( 1961): dbh.insertAddingDefaults: db.insert returned >= 0; insert successful for cv is_default=1 mnc=3 ppp_number=null sub_id=-1 proxy=194.126.53.64 numeric=4193 name=wataniya HTTP port=8080 mcc=419 apn=wap.wataniya.com type=default
01-28 20:36:40.041 D/TelephonyProvider( 1961): dbh.insertAddingDefaults: db.insert returned >= 0; insert successful for cv is_default=1 mnc=3 mmsport=8080 ppp_number=null sub_id=-1 mmsc=http://action.wataniya.com mmsproxy=194.126.53.64 numeric=4193 name=wataniya MMS mcc=419 apn=mms.wataniya.com type=mms
01-28 20:36:40.041 D/TelephonyProvider( 1961): dbh.insertAddingDefaults: db.insert returned >= 0; insert successful for cv is_default=1 password=online mnc=2 ppp_number=null sub_id=-1 numeric=4192 name=Zain Internet mcc=419 authtype=1 apn=pps type=default,supl user=annyway
01-28 20:36:40.042 D/TelephonyProvider( 1961): dbh.insertAddingDefaults: db.insert returned >= 0; insert successful for cv is_default=1 password=online ppp_number=null sub_id=-1 mmsc=http://176.0.0.21 numeric=4192 authtype=1 user=annyway mnc=2 mmsport=8080 mmsproxy=176.0.0.65 name=Zain MMS mcc=419 apn=pps type=mms
01-28 20:36:40.042 D/TelephonyProvider( 1961): dbh.insertAddingDefaults: db.insert returned >= 0; insert successful for cv is_default=1 password=online ppp_number=null sub_id=-1 numeric=4192 authtype=1 user=annyway mnc=2 proxy=176.0.0.65 name=Zain HTTP port=8080 mcc=419 apn=pps type=default
01-28 20:36:40.042 D/TelephonyProvider( 1961): dbh.insertAddingDefaults: db.insert returned >= 0; insert successful for cv is_default=1 mnc=03 ppp_number=null sub_id=-1 numeric=24703 name=Bite GPRS mcc=247 apn=internet type=default,supl
01-28 20:36:40.042 D/TelephonyProvider( 1961): dbh.insertAddingDefaults: db.insert returned >= 0; insert successful for cv is_default=1 password=mms ppp_number=null sub_id=-1 mmsc=http://mmsc numeric=24703 user=mms@mms mnc=03 mmsport=8080 mmsproxy=192.168.150.2 name=Bite MMS mcc=247 apn=mms type=mms
01-28 20:36:40.043 D/TelephonyProvider( 1961): dbh.insertAddingDefaults: db.insert returned >= 0; insert successful for cv is_default=1 mnc=01 ppp_number=null sub_id=-1 numeric=24701 name=LMT INTERNET mcc=247 apn=internet.lmt.lv type=default,supl
01-28 20:36:40.043 D/TelephonyProvider( 1961): dbh.insertAddingDefaults: db.insert returned >= 0; insert successful for cv is_default=1 password=LMT ppp_number=null sub_id=-1 mmsc=http://mmsc.lmt.lv/mmsc numeric=24701 user=LMT mnc=01 mmsport=80 mmsproxy=212.93.97.201 name=LMT MMS mcc=247 apn=internet.lmt.lv type=mms
01-28 20:36:40.043 D/TelephonyProvider( 1961): dbh.insertAddingDefaults: db.insert returned >= 0; insert successful for cv is_default=1 password=wap mnc=02 ppp_number=null sub_id=-1 numeric=24702 name=LV TELE2 Internet mcc=247 apn=mobileinternet.tele2.lv type=default,supl user=wap
01-28 20:36:40.043 D/TelephonyProvider( 1961): dbh.insertAddingDefaults: db.insert returned >= 0; insert successful for cv is_default=1 password=wap ppp_number=null sub_id=-1 mmsc=http://mmsc.tele2.lv numeric=24702 user=wap mnc=02 mmsport=8080 mmsproxy=193.012.040.038 name=LV TELE2 MMS mcc=247 apn=mms.tele2.lv type=mms
01-28 20:36:40.044 D/TelephonyProvider( 1961): dbh.insertAddingDefaults: db.insert returned >= 0; insert successful for cv is_default=1 mnc=02 ppp_number=null sub_id=-1 numeric=24702 name=LV TELE2 Internet(Prepaid) mcc=247 apn=data.tele2.lv type=default,supl
01-28 20:36:40.044 D/TelephonyProvider( 1961): dbh.insertAddingDefaults: db.insert returned >= 0; insert successful for cv is_default=1 password=wap ppp_number=null sub_id=-1 mmsc=http://mmsc.tele2.lv numeric=24702 user=wap mnc=02 mmsport=8080 mmsproxy=193.012.040.038 name=LV TELE2 MMS(Prepaid) mcc=247 apn=mms.tele2.lv type=mms
01-28 20:36:40.044 D/TelephonyProvider( 1961): dbh.insertAddingDefaults: db.insert returned >= 0; insert successful for cv is_default=1 password=mic1 mnc=01 ppp_number=null sub_id=-1 numeric=41501 name=Alfa Internet mcc=415 authtype=1 apn=internet.mic1.com.lb type=default,supl user=mic1
01-28 20:36:40.045 D/TelephonyProvider( 1961): dbh.insertAddingDefaults: db.insert returned >= 0; insert successful for cv is_default=1 password=mic1 ppp_number=null sub_id=-1 mmsc=http://mms.mic1.com.lb numeric=41501 authtype=1 user=mic1 mnc=01 mmsport=9201 mmsproxy=192.168.23.51 name=Alfa MMS mcc=415 apn=mms.mic1.com.lb type=mms
01-28 20:36:40.045 D/TelephonyProvider( 1961): dbh.insertAddingDefaults: db.insert returned >= 0; insert successful for cv is_default=1 mnc=03 ppp_number=null sub_id=-1 numeric=41503 name=mtc touch Internet mcc=415 apn=gprs.mtctouch.com.lb type=default,supl
01-28 20:36:40.045 D/TelephonyProvider( 1961): dbh.insertAddingDefaults: db.insert returned >= 0; insert successful for cv is_default=1 ppp_number=null sub_id=-1 mmsc=http://mms:8080/mms/ numeric=41503 authtype=1 user=mtctouch mnc=03 mmsport=9201 mmsproxy=192.168.4.103 name=mtc touch MMS mcc=415 apn=mms.mtctouch.com.lb type=mms
01-28 20:36:40.045 D/TelephonyProvider( 1961): dbh.insertAddingDefaults: db.insert returned >= 0; insert successful for cv is_default=1 mnc=02 ppp_number=null sub_id=-1 numeric=24602 name=Bite Internet mcc=246 apn=internet type=default,supl
01-28 20:36:40.046 D/TelephonyProvider( 1961): dbh.insertAddingDefaults: db.insert returned >= 0; insert successful for cv is_default=1 mnc=02 ppp_number=null sub_id=-1 proxy=213.226.131.133 numeric=24602 name=Bite HTTP port=8080 mcc=246 apn=wap type=default
01-28 20:36:40.046 D/TelephonyProvider( 1961): dbh.insertAddingDefaults: db.insert returned >= 0; insert successful for cv is_default=1 password=mms ppp_number=null sub_id=-1 mmsc=http://mmsc numeric=24602 user=mms@mms mnc=02 mmsport=8080 mmsproxy=192.168.150.2 name=Bite MMS mcc=246 apn=mms type=mms
01-28 20:36:40.046 D/TelephonyProvider( 1961): dbh.insertAddingDefaults: db.insert returned >= 0; insert successful for cv is_default=1 mnc=01 ppp_number=null sub_id=-1 numeric=24601 name=Omnitel Internet mcc=246 apn=omnitel type=default,supl
01-28 20:36:40.046 D/TelephonyProvider( 1961): dbh.insertAddingDefaults: db.insert returned >= 0; insert successful for cv is_default=1 password=omni mnc=01 ppp_number=null sub_id=-1 numeric=24601 name=Omnitel HTTP mcc=246 authtype=1 apn=omnitel type=default user=omni
01-28 20:36:40.046 D/TelephonyProvider( 1961): dbh.insertAddingDefaults: db.insert returned >= 0; insert successful for cv is_default=1 password=mms ppp_number=null sub_id=-1 mmsc=http://mms.omnitel.net:8002/ numeric=24601 authtype=1 user=mms mnc=01 mmsport=8080 mmsproxy=194.176.32.149 name=Omnitel MMS mcc=246 apn=gprs.mms.lt type=mms
01-28 20:36:40.047 D/TelephonyProvider( 1961): dbh.insertAddingDefaults: db.insert returned >= 0; insert successful for cv is_default=1 password=wap mnc=03 ppp_number=null sub_id=-1 numeric=24603 name=Tele 2 HTTP mcc=246 apn=internet.tele2.lt type=default,supl user=wap
01-28 20:36:40.047 D/TelephonyProvider( 1961): dbh.insertAddingDefaults: db.insert returned >= 0; insert successful for cv is_default=1 password=wap ppp_number=null sub_id=-1 mmsc=http://mmsc.tele2.lt numeric=24603 user=wap mnc=03 mmsport=8080 mmsproxy=193.12.40.29 name=Tele 2 MMS mcc=246 apn=mms.tele2.lt type=mms
01-28 20:36:40.047 D/TelephonyProvider( 1961): dbh.insertAddingDefaults: db.insert returned >= 0; insert successful for cv is_default=1 password=wap mnc=03 ppp_number=null sub_id=-1 numeric=24603 name=PILDYK Internet(Prepaid) mcc=246 apn=internet.tele2.lt type=default,supl user=wap
01-28 20:36:40.047 D/TelephonyProvider( 1961): dbh.insertAddingDefaults: db.insert returned >= 0; insert successful for cv is_default=1 mnc=03 mmsport=8080 ppp_number=null sub_id=-1 mmsc=http://mmsc.tele2.lt mmsproxy=193.012.040.029 numeric=24603 name=PILDYK MMS(Prepaid) mcc=246 apn=mms.tele2.lt type=mms
01-28 20:36:40.048 D/TelephonyProvider( 1961): dbh.insertAddingDefaults: db.insert returned >= 0; insert successful for cv is_default=1 password=web mnc=01 ppp_number=null sub_id=-1 numeric=27001 name=LUXGSM Internet postpaid mcc=270 authtype=1 apn=web.pt.lu type=default,supl user=web
01-28 20:36:40.048 D/TelephonyProvider( 1961): dbh.insertAddingDefaults: db.insert returned >= 0; insert successful for cv is_default=1 password=wap ppp_number=null sub_id=-1 numeric=27001 authtype=1 user=wap mnc=01 proxy=194.154.192.98 name=LUXGSM HTTP postpaid port=8080 mcc=270 apn=wap.pt.lu type=default
01-28 20:36:40.048 D/TelephonyProvider( 1961): dbh.insertAddingDefaults: db.insert returned >= 0; insert successful for cv is_default=1 password=mms ppp_number=null sub_id=-1 mmsc=http://mmsc.pt.lu numeric=27001 authtype=1 user=mms mnc=01 mmsport=8080 mmsproxy=194.154.192.88 name=LUXGSM MMS postpaid mcc=270 apn=mms.pt.lu type=mms
01-28 20:36:40.048 D/TelephonyProvider( 1961): dbh.insertAddingDefaults: db.insert returned >= 0; insert successful for cv is_default=1 password=tango mnc=77 ppp_number=null sub_id=-1 numeric=27077 name=Tango Internet postpaid mcc=270 authtype=1 apn=internet type=default,supl user=tango
01-28 20:36:40.049 D/TelephonyProvider( 1961): dbh.insertAddingDefaults: db.insert returned >= 0; insert successful for cv is_default=1 password=tango ppp_number=null sub_id=-1 mmsc=http://mms.tango.lu/ numeric=27077 authtype=1 user=tango mnc=77 mmsport=8080 mmsproxy=212.66.75.3 name=Tango MMS postpaid mcc=270 apn=mms type=mms
01-28 20:36:40.049 D/TelephonyProvider( 1961): dbh.insertAddingDefaults: db.insert returned >= 0; insert successful for cv is_default=1 mnc=99 ppp_number=null sub_id=-1 numeric=27099 name=VOX Internet postpaid mcc=270 apn=vox.lu type=default,supl
01-28 20:36:40.049 D/TelephonyProvider( 1961): dbh.insertAddingDefaults: db.insert returned >= 0; insert successful for cv is_default=1 mnc=99 ppp_number=null sub_id=-1 proxy=212.88.139.44 numeric=27099 name=VOX HTTP postpaid port=8080 mcc=270 apn=vox.lu type=default
01-28 20:36:40.049 D/TelephonyProvider( 1961): dbh.insertAddingDefaults: db.insert returned >= 0; insert successful for cv is_default=1 mnc=99 mmsport=8080 ppp_number=null sub_id=-1 mmsc=http://mms.vox.lu/ mmsproxy=212.88.139.44 numeric=27099 name=VOX MMS postpaid mcc=270 apn=vox.lu type=mms
01-28 20:36:40.049 D/TelephonyProvider( 1961): dbh.insertAddingDefaults: db.insert returned >= 0; insert successful for cv is_default=1 mnc=03 ppp_number=null sub_id=-1 numeric=45503 name=3 Macau mcc=455 authtype=3 apn=mobile.three.com.mo type=default,supl
01-28 20:36:40.050 D/TelephonyProvider( 1961): dbh.insertAddingDefaults: db.insert returned >= 0; insert successful for cv is_default=1 mnc=03 mmsport=8080 ppp_number=null sub_id=-1 mmsc=http://mms.three.com.mo:10021/mmsc mmsproxy=172.20.80.80 numeric=45503 name=3 Macau MMS mcc=455 authtype=3 apn=mobile.three.com.mo type=mms
01-28 20:36:40.050 D/TelephonyProvider( 1961): dbh.insertAddingDefaults: db.insert returned >= 0; insert successful for cv is_default=1 mnc=01 ppp_number=null sub_id=-1 proxy=192.168.99.2 numeric=45501 name=CTM Data port=8080 mcc=455 apn=ctm-mobile type=default,supl
01-28 20:36:40.050 D/TelephonyProvider( 1961): dbh.insertAddingDefaults: db.insert returned >= 0; insert successful for cv is_default=1 ppp_number=null sub_id=-1 mmsc=http://mms.wap.ctm.net:8002 numeric=45501 mnc=01 mmsport=8080 mmsproxy=192.168.99.3 proxy=192.168.99.2 name=CTM (Prepaid) port=8080 mcc=455 apn=ctmprepaid type=default,mms
01-28 20:36:40.050 D/TelephonyProvider( 1961): dbh.insertAddingDefaults: db.insert returned >= 0; insert successful for cv is_default=1 mnc=01 mmsport=8080 ppp_number=null sub_id=-1 mmsc=http://mms.wap.ctm.net:8002 mmsproxy=192.168.99.3 numeric=45501 name=CTM MMS mcc=455 apn=ctmmms type=mms
01-28 20:36:40.051 D/TelephonyProvider( 1961): dbh.insertAddingDefaults: db.insert returned >= 0; insert successful for cv is_default=1 mnc=00 ppp_number=null sub_id=-1 numeric=45500 name=SmarTone Macau mcc=455 authtype=1 apn=smartgprs type=default,supl
01-28 20:36:40.051 D/TelephonyProvider( 1961): dbh.insertAddingDefaults: db.insert returned >= 0; insert successful for cv is_default=1 mnc=00 mmsport=8080 ppp_number=null sub_id=-1 mmsc=http://momms.smartone.com/dmog/mo mmsproxy=10.9.9.29 numeric=45500 name=SmarTone Macau MMS mcc=455 authtype=3 apn=smartgprs type=mms
01-28 20:36:40.051 D/TelephonyProvider( 1961): dbh.insertAddingDefaults: db.insert returned >= 0; insert successful for cv is_default=1 password=t-mobile mnc=01 ppp_number=null sub_id=-1 numeric=29401 name=TM MK Internet mcc=294 apn=internet type=default,supl user=internet
01-28 20:36:40.051 D/TelephonyProvider( 1961): dbh.insertAddingDefaults: db.insert returned >= 0; insert successful for cv is_default=1 password=t-mobile ppp_number=null sub_id=-1 mmsc=http://mms.t-mobile.com.mk numeric=29401 user=internet mnc=01 mmsport=8080 mmsproxy=062.162.155.227 name=TM MK MMS mcc=294 apn=internet type=mms
01-28 20:36:40.052 D/TelephonyProvider( 1961): dbh.insertAddingDefaults: db.insert returned >= 0; insert successful for cv is_default=1 mnc=18 ppp_number=null sub_id=-1 numeric=50218 name=U Mobile Internet mcc=502 apn=my3g type=default,hipri
01-28 20:36:40.052 D/TelephonyProvider( 1961): dbh.insertAddingDefaults: db.insert returned >= 0; insert successful for cv is_default=1 mnc=18 mmsport=8080 ppp_number=null sub_id=-1 mmsc=http://10.30.3.11/servlets/mms mmsproxy=10.30.5.11 numeric=50218 name=U Mobile MMS mcc=502 apn=my3g type=mms
01-28 20:36:40.052 D/TelephonyProvider( 1961): dbh.insertAddingDefaults: db.insert returned >= 0; insert successful for cv is_default=1 mnc=13 mmsport=8080 ppp_number=null sub_id=-1 mmsc=http://mms.celcom.net.my mmsproxy=10.128.1.242 numeric=50213 name=Celcom 3G Internet mcc=502 apn=celcom3g type=default,mms,supl
01-28 20:36:40.052 D/TelephonyProvider( 1961): dbh.insertAddingDefaults: db.insert returned >= 0; insert successful for cv is_default=1 password=gsm ppp_number=null sub_id=-1 mmsc=http://mms.celcom.net.my numeric=50213 user=celcom mnc=13 mmsport=8080 mmsproxy=10.128.1.242 proxy=10.128.1.242 name=Celcom(3G) HTTP port=9201 mcc=502 apn=celcom3g type=*
01-28 20:36:40.053 D/TelephonyProvider( 1961): dbh.insertAddingDefaults: db.insert returned >= 0; insert successful for cv is_default=1 mnc=19 mmsport=8080 ppp_number=null sub_id=-1 mmsc=http://mms.celcom.net.my mmsproxy=10.128.1.242 numeric=50219 name=Celcom 3G Internet mcc=502 apn=celcom3g type=default,mms,supl
01-28 20:36:40.053 D/TelephonyProvider( 1961): dbh.insertAddingDefaults: db.insert returned >= 0; insert successful for cv is_default=1 password=gsm ppp_number=null sub_id=-1 mmsc=http://mms.celcom.net.my numeric=50219 user=celcom mnc=19 mmsport=8080 mmsproxy=10.128.1.242 proxy=10.128.1.242 name=Celcom(3G) HTTP port=9201 mcc=502 apn=celcom3g type=*
01-28 20:36:40.053 D/TelephonyProvider( 1961): dbh.insertAddingDefaults: db.insert returned >= 0; insert successful for cv is_default=1 password=digi mnc=16 ppp_number=null sub_id=-1 numeric=50216 name=Digi Internet mcc=502 apn=diginet type=default,supl user=digi
01-28 20:36:40.053 D/TelephonyProvider( 1961): dbh.insertAddingDefaults: db.insert returned >= 0; insert successful for cv is_default=1 password=digi mnc=16 ppp_number=null sub_id=-1 proxy=203.92.128.188 numeric=50216 name=Digi HTTP port=80 mcc=502 apn=digiwap type=default user=digi
01-28 20:36:40.053 V/BoostFramework( 1889): mAcquireFunc method = public int com.qualcomm.qti.Performance.perfLockAcquire(int,int[])
01-28 20:36:40.053 V/BoostFramework( 1889): mReleaseFunc method = public int com.qualcomm.qti.Performance.perfLockRelease()
01-28 20:36:40.053 V/BoostFramework( 1889): mAcquireTouchFunc method = public int com.qualcomm.qti.Performance.perfLockAcquireTouch(android.view.MotionEvent,android.util.DisplayMetrics,int,int[])
01-28 20:36:40.054 V/BoostFramework( 1889): mIOPStart method = public int com.qualcomm.qti.Performance.perfIOPrefetchStart(int,java.lang.String)
01-28 20:36:40.054 V/BoostFramework( 1889): mIOPStop method = public int com.qualcomm.qti.Performance.perfIOPrefetchStop()
01-28 20:36:40.054 D/TelephonyProvider( 1961): dbh.insertAddingDefaults: db.insert returned >= 0; insert successful for cv is_default=1 password=mms ppp_number=null sub_id=-1 mmsc=http://mms.digi.com.my/servlets/mms numeric=50216 authtype=1 user=mms mnc=16 mmsport=80 mmsproxy=203.92.128.160 name=Digi MMS mcc=502 apn=digimms type=mms
01-28 20:36:40.054 D/TelephonyProvider( 1961): dbh.insertAddingDefaults: db.insert returned >= 0; insert successful for cv is_default=1 password=wap ppp_number=null sub_id=-1 mmsc=http://172.16.74.100:10021/mmsc numeric=50212 user=maxis mnc=12 mmsport=80 mmsproxy=202.75.133.49 name=Maxis(3G) Internet mcc=502 apn=unet type=*
01-28 20:36:40.054 D/TelephonyProvider( 1961): dbh.insertAddingDefaults: db.insert returned >= 0; insert successful for cv is_default=1 mnc=19 ppp_number=null sub_id=-1 numeric=50219 name=Celcom Internet postpaid mcc=502 apn=celcom.net.my type=default,supl
01-28 20:36:40.054 D/TelephonyProvider( 1961): dbh.insertAddingDefaults: db.insert returned >= 0; insert successful for cv is_default=1 password=gsm mnc=19 ppp_number=null sub_id=-1 proxy=10.128.1.242 numeric=50219 name=Celcom HTTP postpaid port=8080 mcc=502 apn=wap.celcom.net.my type=default user=celcom
01-28 20:36:40.054 D/TelephonyProvider( 1961): dbh.insertAddingDefaults: db.insert returned >= 0; insert successful for cv is_default=1 mnc=19 mmsport=8080 ppp_number=null sub_id=-1 mmsc=http://mms.celcom.net.my mmsproxy=10.128.1.242 numeric=50219 name=Celcom MMS postpaid mcc=502 authtype=1 apn=mms.celcom.net.my type=mms
01-28 20:36:40.055 D/TelephonyProvider( 1961): dbh.insertAddingDefaults: db.insert returned >= 0; insert successful for cv is_default=1 mnc=19 ppp_number=null sub_id=-1 numeric=50219 name=Celcom Internet prepaid mcc=502 apn=celcom type=default,supl
01-28 20:36:40.055 D/TelephonyProvider( 1961): dbh.insertAddingDefaults: db.insert returned >= 0; insert successful for cv is_default=1 mnc=19 ppp_number=null sub_id=-1 proxy=10.128.1.242 numeric=50219 name=Celcom HTTP prepaid port=8080 mcc=502 apn=celcom type=default
01-28 20:36:40.055 D/TelephonyProvider( 1961): dbh.insertAddingDefaults: db.insert returned >= 0; insert successful for cv is_default=1 mnc=19 mmsport=8080 ppp_number=null sub_id=-1 mmsc=http://mms.celcom.net.my mmsproxy=10.128.1.242 numeric=50219 name=Celcom MMS prepaid mcc=502 authtype=1 apn=celcom type=mms
01-28 20:36:40.055 D/TelephonyProvider( 1961): dbh.insertAddingDefaults: db.insert returned >= 0; insert successful for cv is_default=1 password=38267 mnc=02 ppp_number=null sub_id=-1 numeric=29702 name=T-Mobile Internet mcc=297 authtype=1 apn=tmcg-wnw type=default,supl user=38267
