01-28 20:36:30.265 I/SystemServer( 1232): Network Score Service
01-28 20:36:30.266 I/SystemServer( 1232): NetworkStats Service
01-28 20:36:30.272 I/SystemServer( 1232): NetworkPolicy Service
01-28 20:36:30.284 I/SystemServiceManager( 1232): Starting com.android.server.wifi.p2p.WifiP2pService
01-28 20:36:30.311 I/SystemServiceManager( 1232): Starting com.android.server.wifi.WifiService
01-28 20:36:30.408 I/SystemServiceManager( 1232): Starting com.android.server.wifi.WifiScanningService
01-28 20:36:30.408 I/SystemServiceManager( 1232): Starting com.android.server.wifi.RttService
01-28 20:36:30.410 I/SystemServiceManager( 1232): Starting com.android.server.ethernet.EthernetService
01-28 20:36:30.413 I/SystemServer( 1232): Connectivity Service
01-28 20:36:30.414 D/ConnectivityService( 1232): ConnectivityService starting up
01-28 20:36:30.417 D/ConnectivityService( 1232): wifiOnly=false
01-28 20:36:30.417 E/ConnectivityService( 1232): Ignoring protectedNetwork 14
01-28 20:36:30.421 I/SystemServer( 1232): Network Service Discovery Service
01-28 20:36:30.423 D/NsdService( 1232): Network service discovery enabled true
01-28 20:36:30.424 I/SystemServer( 1232): UpdateLock Service
01-28 20:36:30.425 I/SystemServiceManager( 1232): Starting com.android.server.notification.NotificationManagerService
01-28 20:36:30.430 I/ActivityManager( 1232): Config changes=8 {0 1.0 ?mcc?mnc zh_TW ldltr sw360dp w360dp h616dp 480dpi nrml long port finger -keyb/h/h -nav/h s.6}
01-28 20:36:30.460 I/SystemServiceManager( 1232): Starting com.android.server.storage.DeviceStorageMonitorService
01-28 20:36:30.462 I/SystemServer( 1232): Location Manager
01-28 20:36:30.464 I/SystemServer( 1232): Country Detector
01-28 20:36:30.465 I/SystemServer( 1232): Search Service
01-28 20:36:30.467 I/SystemServer( 1232): DropBox Service
01-28 20:36:30.468 I/SystemServer( 1232): Wallpaper Service
01-28 20:36:30.470 V/WallpaperManagerService( 1232): loadSettingsLocked: isDdsPad : false
01-28 20:36:30.471 W/WallpaperManagerService( 1232): no current wallpaper -- first boot?
01-28 20:36:30.471 I/SystemServer( 1232): Audio Service
01-28 20:36:35.460 E/ActivityManager( 1232): Attempt to launch receivers of broadcast intent Intent { act=com.asus.action.NOTIFICATION_COUNT_ALARM flg=0x4 (has extras) } before boot completion
01-28 20:36:35.460 W/ActivityManager( 1232): Unable to send startActivity intent
01-28 20:36:35.460 W/ActivityManager( 1232): java.lang.IllegalStateException: Cannot broadcast before boot completed
01-28 20:36:35.460 W/ActivityManager( 1232): 	at com.android.server.am.ActivityManagerService.verifyBroadcastLocked(ActivityManagerService.java:17254)
01-28 20:36:35.460 W/ActivityManager( 1232): 	at com.android.server.am.ActivityManagerService.broadcastIntentInPackage(ActivityManagerService.java:17296)
01-28 20:36:35.460 W/ActivityManager( 1232): 	at com.android.server.am.PendingIntentRecord.sendInner(PendingIntentRecord.java:295)
01-28 20:36:35.460 W/ActivityManager( 1232): 	at com.android.server.am.PendingIntentRecord.send(PendingIntentRecord.java:203)
01-28 20:36:35.460 W/ActivityManager( 1232): 	at android.app.PendingIntent.send(PendingIntent.java:824)
01-28 20:36:35.460 W/ActivityManager( 1232): 	at com.android.server.AlarmManagerService.deliverAlarmsLocked(AlarmManagerService.java:2266)
01-28 20:36:35.460 W/ActivityManager( 1232): 	at com.android.server.AlarmManagerService$AlarmThread.run(AlarmManagerService.java:2456)
01-28 20:36:35.997 I/SystemServiceManager( 1232): Starting com.android.server.DockObserver
01-28 20:36:35.997 W/DockObserver( 1232): This kernel does not have dock station support
01-28 20:36:35.998 E/DockObserver( 1232): initDockName exception : 
01-28 20:36:35.998 E/DockObserver( 1232): java.io.FileNotFoundException: /sys/class/switch/dock/name: open failed: ENOENT (No such file or directory)
01-28 20:36:35.998 E/DockObserver( 1232): 	at libcore.io.IoBridge.open(IoBridge.java:452)
01-28 20:36:35.998 E/DockObserver( 1232): 	at java.io.FileInputStream.<init>(FileInputStream.java:76)
01-28 20:36:35.998 E/DockObserver( 1232): 	at java.io.FileInputStream.<init>(FileInputStream.java:103)
01-28 20:36:35.998 E/DockObserver( 1232): 	at java.io.FileReader.<init>(FileReader.java:66)
01-28 20:36:35.998 E/DockObserver( 1232): 	at com.android.server.DockObserver.initDockName(DockObserver.java:345)
01-28 20:36:35.998 E/DockObserver( 1232): 	at com.android.server.DockObserver.<init>(DockObserver.java:102)
01-28 20:36:35.998 E/DockObserver( 1232): 	at java.lang.reflect.Constructor.newInstance(Native Method)
01-28 20:36:35.998 E/DockObserver( 1232): 	at com.android.server.SystemServiceManager.startService(SystemServiceManager.java:89)
01-28 20:36:35.998 E/DockObserver( 1232): 	at com.android.server.SystemServer.startOtherServices(SystemServer.java:871)
01-28 20:36:35.998 E/DockObserver( 1232): 	at com.android.server.SystemServer.run(SystemServer.java:283)
01-28 20:36:35.998 E/DockObserver( 1232): 	at com.android.server.SystemServer.main(SystemServer.java:181)
01-28 20:36:35.998 E/DockObserver( 1232): 	at java.lang.reflect.Method.invoke(Native Method)
01-28 20:36:35.998 E/DockObserver( 1232): 	at com.android.internal.os.ZygoteInit$MethodAndArgsCaller.run(ZygoteInit.java:756)
01-28 20:36:35.998 E/DockObserver( 1232): 	at com.android.internal.os.ZygoteInit.main(ZygoteInit.java:646)
01-28 20:36:35.998 E/DockObserver( 1232): Caused by: android.system.ErrnoException: open failed: ENOENT (No such file or directory)
01-28 20:36:35.998 E/DockObserver( 1232): 	at libcore.io.Posix.open(Native Method)
01-28 20:36:35.998 E/DockObserver( 1232): 	at libcore.io.BlockGuardOs.open(BlockGuardOs.java:186)
01-28 20:36:35.998 E/DockObserver( 1232): 	at libcore.io.IoBridge.open(IoBridge.java:438)
01-28 20:36:35.998 E/DockObserver( 1232): 	... 13 more
01-28 20:36:35.999 I/SystemServer( 1232): Wired Accessory Manager
01-28 20:36:36.001 W/WiredAccessoryManager( 1232): This kernel does not have usb audio support
01-28 20:36:36.001 W/WiredAccessoryManager( 1232): This kernel does not have HDMI audio support
01-28 20:36:36.001 I/SystemServiceManager( 1232): Starting com.android.server.midi.MidiService$Lifecycle
01-28 20:36:36.015 I/SystemServiceManager( 1232): Starting com.android.server.usb.UsbService$Lifecycle
01-28 20:36:36.019 E/UsbDeviceManager( 1232): DefaultFunctions is: mtp,mass_storage
01-28 20:36:36.019 E/UsbDeviceManager( 1232): current config is: mtp,mass_storage
01-28 20:36:36.019 E/UsbDeviceManager( 1232): trySetEnabledFunctions from (mtp,mass_storage) to (mtp,mass_storage)
01-28 20:36:36.019 I/UsbDeviceManager( 1232): Setting USB config to mtp,adb,mass_storage
01-28 20:36:36.122 D/UsbDeviceManager( 1232): Disable debugger manager
01-28 20:36:36.125 I/SystemServer( 1232): Serial Service
01-28 20:36:36.126 I/SystemServiceManager( 1232): Starting com.android.server.twilight.TwilightService
01-28 20:36:36.127 I/SystemServiceManager( 1232): Starting com.android.server.job.JobSchedulerService
01-28 20:36:36.131 I/SystemServiceManager( 1232): Starting com.android.server.backup.BackupManagerService$Lifecycle
01-28 20:36:36.133 I/SystemServiceManager( 1232): Starting com.android.server.appwidget.AppWidgetService
01-28 20:36:36.134 I/SystemServiceManager( 1232): Starting com.android.server.voiceinteraction.VoiceInteractionManagerService
01-28 20:36:36.135 W/SoundTriggerHelper( 1232): listModules status=0, # of modules=0
01-28 20:36:36.137 I/SystemServer( 1232): Gesture Launcher Service
01-28 20:36:36.137 I/SystemServiceManager( 1232): Starting com.android.server.GestureLauncherService
01-28 20:36:36.137 I/SystemServer( 1232): DiskStats Service
01-28 20:36:36.137 I/SystemServer( 1232): SamplingProfiler Service
01-28 20:36:36.139 I/SystemServer( 1232): NetworkTimeUpdateService
01-28 20:36:36.139 I/SystemServer( 1232): CommonTimeManagementService
01-28 20:36:36.141 I/SystemServer( 1232): CertBlacklister
01-28 20:36:36.141 I/SystemServiceManager( 1232): Starting com.android.server.dreams.DreamManagerService
01-28 20:36:36.143 I/SystemServiceManager( 1232): Starting com.android.server.print.PrintManagerService
01-28 20:36:36.144 I/SystemServiceManager( 1232): Starting com.android.server.restrictions.RestrictionsManagerService
01-28 20:36:36.145 I/SystemServiceManager( 1232): Starting com.android.server.media.MediaSessionService
01-28 20:36:36.147 I/SystemServer( 1232): Theme Service
01-28 20:36:36.149 I/SystemServer( 1232): Media Router Service
01-28 20:36:36.150 I/SystemServiceManager( 1232): Starting com.android.server.trust.TrustManagerService
01-28 20:36:36.151 I/SystemServiceManager( 1232): Starting com.android.server.fingerprint.FingerprintService
01-28 20:36:36.154 W/FingerprintService( 1232): fingerprint service not available
01-28 20:36:36.154 V/FingerprintService( 1232): Fingerprint HAL id: 0
01-28 20:36:36.154 I/SystemServer( 1232): BackgroundDexOptService
01-28 20:36:36.156 I/SystemServiceManager( 1232): Starting com.android.server.pm.LauncherAppsService
01-28 20:36:36.157 I/SystemServiceManager( 1232): Starting com.android.server.media.projection.MediaProjectionManagerService
01-28 20:36:36.161 D/VibratorService( 1232): uid:1000, packageName:android, Vibrating with pattern: 0 1 20 21, level:-1, cate :32000
01-28 20:36:36.162 D/VibratorService( 1232): Turning vibrator off.
01-28 20:36:36.163 I/SystemServiceManager( 1232): Starting com.android.server.MmsServiceBroker
01-28 20:36:36.163 D/VibratorService( 1232): Turning vibrator level (DB value) on for 1 ms.
01-28 20:36:36.164 D/VibratorService( 1232): case 2: vibCate: 32000, vibLevel: 2
01-28 20:36:36.164 I/SystemServiceManager( 1232): Starting com.android.server.SystemMonitorService
01-28 20:36:36.165 D/SystemMonitorService( 1232): SystemMonitorService onStart()
01-28 20:36:36.165 I/SystemServiceManager( 1232): Starting com.android.server.SystemGaService
01-28 20:36:36.166 D/SystemGaService( 1232): SystemGaService onStart()
01-28 20:36:36.167 D/VibratorService( 1232): Turning vibrator off.
01-28 20:36:36.175 I/LockSettingsService( 1232): Migrated lock settings to new location
01-28 20:36:36.177 I/LockSettingsService( 1232): Migrated per-user lock settings to new location
01-28 20:36:36.178 I/LockSettingsService( 1232): Migrated biometric weak to use the fallback instead
01-28 20:36:36.178 I/LockSettingsService( 1232): Migrated lockscreen disabled flag
01-28 20:36:36.178 E/LockSettingsService( 1232): Unable to acquire GateKeeperService
01-28 20:36:36.179 E/LockSettingsStorage( 1232): Cannot read file java.io.FileNotFoundException: /data/system/gatekeeper.password.key: open failed: ENOENT (No such file or directory)
01-28 20:36:36.179 E/LockSettingsStorage( 1232): Cannot read file java.io.FileNotFoundException: /data/system/password.key: open failed: ENOENT (No such file or directory)
01-28 20:36:36.179 E/LockSettingsStorage( 1232): Cannot read file java.io.FileNotFoundException: /data/system/gatekeeper.pattern.key: open failed: ENOENT (No such file or directory)
01-28 20:36:36.180 E/LockSettingsStorage( 1232): Cannot read file java.io.FileNotFoundException: /data/system/gatekeeper.gesture.key: open failed: ENOENT (No such file or directory)
01-28 20:36:36.180 E/LockSettingsStorage( 1232): Cannot read file java.io.FileNotFoundException: /data/system/gesture.key: open failed: ENOENT (No such file or directory)
01-28 20:36:36.180 I/SystemServiceManager( 1232): Starting phase 480
01-28 20:36:36.182 I/SystemServiceManager( 1232): Starting phase 500
01-28 20:36:36.186 I/DeviceIdleController( 1232): becomeActiveLocked, reason = screen
01-28 20:36:36.186 I/WifiService( 1232): WifiService starting up with Wi-Fi disabled
01-28 20:36:36.191 D/WifiService( 1232): New client listening to asynchronous messages
01-28 20:36:36.197 D/ConnectivityService( 1232): Got NetworkFactory Messenger for Ethernet
01-28 20:36:36.199 E/NetdConnector( 1232): SND -> {1 interface list}
01-28 20:36:36.199 E/NetdConnector( 1232): RCV <- {110 1 rmnet_data7}
01-28 20:36:36.199 E/NetdConnector( 1232): RCV <- {110 1 rmnet_data5}
01-28 20:36:36.199 E/NetdConnector( 1232): RMV <- {110 1 rmnet_data7}
01-28 20:36:36.199 E/NetdConnector( 1232): RCV <- {110 1 rmnet_data6}
01-28 20:36:36.199 E/NetdConnector( 1232): RMV <- {110 1 rmnet_data5}
01-28 20:36:36.199 E/NetdConnector( 1232): RCV <- {110 1 rmnet_data1}
01-28 20:36:36.199 E/NetdConnector( 1232): RMV <- {110 1 rmnet_data6}
01-28 20:36:36.200 E/NetdConnector( 1232): RCV <- {110 1 rmnet_data0}
01-28 20:36:36.200 E/NetdConnector( 1232): RMV <- {110 1 rmnet_data1}
01-28 20:36:36.200 E/NetdConnector( 1232): RCV <- {110 1 rmnet_data4}
01-28 20:36:36.200 E/NetdConnector( 1232): RMV <- {110 1 rmnet_data0}
01-28 20:36:36.200 E/NetdConnector( 1232): RCV <- {110 1 rmnet_data2}
01-28 20:36:36.200 E/NetdConnector( 1232): RMV <- {110 1 rmnet_data4}
01-28 20:36:36.200 E/NetdConnector( 1232): RCV <- {110 1 rmnet_data3}
01-28 20:36:36.200 E/NetdConnector( 1232): RMV <- {110 1 rmnet_data2}
01-28 20:36:36.200 E/NetdConnector( 1232): RCV <- {110 1 r_rmnet_data7}
01-28 20:36:36.200 E/NetdConnector( 1232): RMV <- {110 1 rmnet_data3}
01-28 20:36:36.200 E/NetdConnector( 1232): RCV <- {110 1 r_rmnet_data5}
01-28 20:36:36.200 E/NetdConnector( 1232): RMV <- {110 1 r_rmnet_data7}
01-28 20:36:36.200 E/NetdConnector( 1232): RCV <- {110 1 r_rmnet_data6}
01-28 20:36:36.200 E/NetdConnector( 1232): RMV <- {110 1 r_rmnet_data5}
01-28 20:36:36.200 E/NetdConnector( 1232): RCV <- {110 1 r_rmnet_data8}
01-28 20:36:36.200 E/NetdConnector( 1232): RMV <- {110 1 r_rmnet_data6}
01-28 20:36:36.200 E/NetdConnector( 1232): RCV <- {110 1 r_rmnet_data1}
01-28 20:36:36.200 E/NetdConnector( 1232): RMV <- {110 1 r_rmnet_data8}
01-28 20:36:36.201 E/NetdConnector( 1232): RCV <- {110 1 r_rmnet_data2}
01-28 20:36:36.201 E/NetdConnector( 1232): RMV <- {110 1 r_rmnet_data1}
01-28 20:36:36.201 E/NetdConnector( 1232): RCV <- {110 1 r_rmnet_data0}
01-28 20:36:36.201 E/NetdConnector( 1232): RMV <- {110 1 r_rmnet_data2}
01-28 20:36:36.201 E/NetdConnector( 1232): RCV <- {110 1 r_rmnet_data4}
01-28 20:36:36.201 E/NetdConnector( 1232): RMV <- {110 1 r_rmnet_data0}
01-28 20:36:36.201 E/NetdConnector( 1232): RCV <- {110 1 r_rmnet_data3}
01-28 20:36:36.201 E/NetdConnector( 1232): RMV <- {110 1 r_rmnet_data4}
01-28 20:36:36.201 E/NetdConnector( 1232): RCV <- {110 1 dummy0}
01-28 20:36:36.201 E/NetdConnector( 1232): RMV <- {110 1 r_rmnet_data3}
01-28 20:36:36.201 E/NetdConnector( 1232): RCV <- {110 1 rmnet_ipa0}
01-28 20:36:36.201 E/NetdConnector( 1232): RMV <- {110 1 dummy0}
01-28 20:36:36.201 E/NetdConnector( 1232): RCV <- {110 1 lo}
01-28 20:36:36.201 E/NetdConnector( 1232): RMV <- {110 1 rmnet_ipa0}
01-28 20:36:36.201 E/NetdConnector( 1232): RCV <- {110 1 sit0}
01-28 20:36:36.201 E/NetdConnector( 1232): RMV <- {110 1 lo}
01-28 20:36:36.202 E/NetdConnector( 1232): RCV <- {110 1 tunl0}
01-28 20:36:36.202 E/NetdConnector( 1232): RMV <- {110 1 sit0}
01-28 20:36:36.202 E/NetdConnector( 1232): RCV <- {200 1 Interface list completed}
01-28 20:36:36.202 E/NetdConnector( 1232): RMV <- {110 1 tunl0}
01-28 20:36:36.202 E/NetdConnector( 1232): RMV <- {200 1 Interface list completed}
01-28 20:36:36.206 V/BackupManagerService( 1232): No ancestral data
01-28 20:36:36.214 V/KeyValueBackupJob( 1232): Scheduling k/v pass in 249 minutes
01-28 20:36:36.214 V/BackupManagerService( 1232): Starting with transport com.google.android.backup/.BackupTransportService
01-28 20:36:36.215 V/BackupManagerService( 1232): Found transports: 1
01-28 20:36:36.227 D/WindowManager( 1232): mIsInstantCameraEnabled=false
01-28 20:36:36.227 D/WindowManager( 1232): mIsLongPressInstantCameraEnabled=false
01-28 20:36:36.228 D/WindowManager( 1232): mIsLaunchCameraFromFpEnabled=false
01-28 20:36:36.229 I/PowerManagerNotifier( 1232): mBroadcastedInteractiveState has init = 1
01-28 20:36:36.230 W/DisplayPowerController( 1232): asusWarmUp: 0
01-28 20:36:36.233 E/VoldConnector( 1232): SND -> {4 volume remount_uid 1001 none}
01-28 20:36:36.234 D/vold    (  433): Remounting 1001 as mode none
01-28 20:36:36.235 W/KeyguardServiceDelegate( 1232): onScreenTurningOn(): no keyguard service!
01-28 20:36:36.238 D/AutomaticBrightnessController( 1232): setLightSensorEnabled enable AsusWarmUpTime:0
01-28 20:36:36.241 D/vold    (  433): Found matching PID 620
01-28 20:36:36.241 W/vold    (  433): Skipping due to root namespace
01-28 20:36:36.241 D/vold    (  433): Found matching PID 713
01-28 20:36:36.241 W/vold    (  433): Skipping due to root namespace
01-28 20:36:36.241 D/vold    (  433): Found matching PID 758
01-28 20:36:36.241 W/vold    (  433): Skipping due to root namespace
01-28 20:36:36.241 D/vold    (  433): Found matching PID 762
01-28 20:36:36.242 W/vold    (  433): Skipping due to root namespace
01-28 20:36:36.242 D/vold    (  433): Found matching PID 766
01-28 20:36:36.242 W/vold    (  433): Skipping due to root namespace
01-28 20:36:36.242 E/VoldConnector( 1232): RCV <- {200 4 Command succeeded}
01-28 20:36:36.242 D/VoldConnector( 1232): RCV <- {200 4 Command succeeded}
01-28 20:36:36.242 E/VoldConnector( 1232): RMV <- {200 4 Command succeeded}
01-28 20:36:36.242 E/VoldConnector( 1232): SND -> {5 volume remount_uid 1001 none}
01-28 20:36:36.243 D/vold    (  433): Remounting 1001 as mode none
01-28 20:36:36.249 D/vold    (  433): Found matching PID 620
01-28 20:36:36.249 W/vold    (  433): Skipping due to root namespace
01-28 20:36:36.249 D/vold    (  433): Found matching PID 713
01-28 20:36:36.250 W/vold    (  433): Skipping due to root namespace
01-28 20:36:36.250 D/vold    (  433): Found matching PID 758
01-28 20:36:36.250 W/vold    (  433): Skipping due to root namespace
01-28 20:36:36.250 D/vold    (  433): Found matching PID 762
01-28 20:36:36.250 W/vold    (  433): Skipping due to root namespace
01-28 20:36:36.250 D/vold    (  433): Found matching PID 766
01-28 20:36:36.250 W/vold    (  433): Skipping due to root namespace
01-28 20:36:36.250 E/VoldConnector( 1232): RCV <- {200 5 Command succeeded}
01-28 20:36:36.250 D/VoldConnector( 1232): RCV <- {200 5 Command succeeded}
01-28 20:36:36.250 E/VoldConnector( 1232): RMV <- {200 5 Command succeeded}
01-28 20:36:36.251 E/VoldConnector( 1232): SND -> {6 volume remount_uid 1000 none}
01-28 20:36:36.251 D/vold    (  433): Remounting 1000 as mode none
01-28 20:36:36.257 D/vold    (  433): Found matching PID 543
01-28 20:36:36.257 W/vold    (  433): Skipping due to root namespace
01-28 20:36:36.258 D/vold    (  433): Found matching PID 544
01-28 20:36:36.258 W/vold    (  433): Skipping due to root namespace
01-28 20:36:36.258 D/vold    (  433): Found matching PID 553
01-28 20:36:36.258 W/vold    (  433): Skipping due to root namespace
01-28 20:36:36.258 D/vold    (  433): Found matching PID 554
01-28 20:36:36.258 W/vold    (  433): Skipping due to root namespace
01-28 20:36:36.258 D/vold    (  433): Found matching PID 603
01-28 20:36:36.258 W/vold    (  433): Skipping due to root namespace
01-28 20:36:36.258 D/vold    (  433): Found matching PID 631
01-28 20:36:36.258 W/vold    (  433): Skipping due to root namespace
01-28 20:36:36.258 D/vold    (  433): Found matching PID 636
01-28 20:36:36.258 W/vold    (  433): Skipping due to root namespace
01-28 20:36:36.258 D/vold    (  433): Found matching PID 640
01-28 20:36:36.258 W/vold    (  433): Skipping due to root namespace
01-28 20:36:36.258 D/vold    (  433): Found matching PID 644
01-28 20:36:36.258 W/vold    (  433): Skipping due to root namespace
01-28 20:36:36.258 D/vold    (  433): Found matching PID 650
01-28 20:36:36.258 W/vold    (  433): Skipping due to root namespace
01-28 20:36:36.258 D/vold    (  433): Found matching PID 652
01-28 20:36:36.258 W/vold    (  433): Skipping due to root namespace
01-28 20:36:36.258 D/vold    (  433): Found matching PID 701
01-28 20:36:36.259 W/vold    (  433): Skipping due to root namespace
01-28 20:36:36.259 D/vold    (  433): Found matching PID 732
01-28 20:36:36.259 W/vold    (  433): Skipping due to root namespace
01-28 20:36:36.259 D/vold    (  433): Found matching PID 1232
01-28 20:36:36.303 D/BatteryService( 1232): updateLightsLocked turnOff, Log: 5
01-28 20:36:36.303 E/BatteryStatsService( 1232): Wifi is in disabled state
01-28 20:36:36.322 I/BatteryStatsImpl( 1232): Resetting battery stats: level=99 status=2 dischargeLevel=99 lowAmount=0 highAmount=0
01-28 20:36:36.323 D/BatteryStatsImpl( 1232): [Frameworks][setOnBatteryLocked] qeury clear wakeup
01-28 20:36:36.323 D/ActivityManager( 1232): [Frameworks][AMS][queryClearWakeup]call qeury clear wakeup, send intent
01-28 20:36:36.323 W/ContextImpl( 1232): Calling a method in the system process without a qualified user: android.app.ContextImpl.sendBroadcast:784 com.android.server.am.ActivityManagerService.queryClearWakeup:21511 com.android.internal.os.BatteryStatsImpl$MyHandler.handleMessage:185 android.os.Handler.dispatchMessage:102 android.os.Looper.loop:148 
01-28 20:36:36.374 V/AutomaticBrightnessController( 1232): new lux=455.0
01-28 20:36:36.374 D/AutomaticBrightnessController( 1232): updateAmbientLux: Initializing: mAmbientLightRingBuffer=[455.0 / 0ms], mAmbientLux=455.00003
01-28 20:36:36.374 D/AutomaticBrightnessController( 1232): updateAutoBrightness: mScreenAutoBrightness=-1, newScreenAutoBrightness=66, in=0.25986668, out=0.25986668,gain=1.0
01-28 20:36:36.376 E/VoldConnector( 1232): RCV <- {200 6 Command succeeded}
01-28 20:36:36.376 D/VoldConnector( 1232): RCV <- {200 6 Command succeeded}
01-28 20:36:36.376 E/VoldConnector( 1232): RMV <- {200 6 Command succeeded}
01-28 20:36:36.377 E/VoldConnector( 1232): SND -> {7 volume remount_uid 1000 none}
01-28 20:36:36.377 D/vold    (  433): Remounting 1000 as mode none
01-28 20:36:36.383 D/vold    (  433): Found matching PID 543
01-28 20:36:36.383 W/vold    (  433): Skipping due to root namespace
01-28 20:36:36.383 D/vold    (  433): Found matching PID 544
01-28 20:36:36.383 W/vold    (  433): Skipping due to root namespace
01-28 20:36:36.383 D/vold    (  433): Found matching PID 553
01-28 20:36:36.383 W/vold    (  433): Skipping due to root namespace
01-28 20:36:36.383 D/vold    (  433): Found matching PID 554
01-28 20:36:36.383 W/vold    (  433): Skipping due to root namespace
01-28 20:36:36.383 D/vold    (  433): Found matching PID 603
01-28 20:36:36.383 W/vold    (  433): Skipping due to root namespace
01-28 20:36:36.384 D/vold    (  433): Found matching PID 631
01-28 20:36:36.384 W/vold    (  433): Skipping due to root namespace
01-28 20:36:36.384 D/vold    (  433): Found matching PID 636
01-28 20:36:36.384 W/vold    (  433): Skipping due to root namespace
01-28 20:36:36.384 D/vold    (  433): Found matching PID 640
01-28 20:36:36.384 W/vold    (  433): Skipping due to root namespace
01-28 20:36:36.384 D/vold    (  433): Found matching PID 644
01-28 20:36:36.384 W/vold    (  433): Skipping due to root namespace
01-28 20:36:36.384 D/vold    (  433): Found matching PID 650
01-28 20:36:36.384 W/vold    (  433): Skipping due to root namespace
01-28 20:36:36.384 D/vold    (  433): Found matching PID 652
01-28 20:36:36.384 W/vold    (  433): Skipping due to root namespace
01-28 20:36:36.384 D/vold    (  433): Found matching PID 701
01-28 20:36:36.384 W/vold    (  433): Skipping due to root namespace
01-28 20:36:36.384 D/vold    (  433): Found matching PID 732
01-28 20:36:36.384 W/vold    (  433): Skipping due to root namespace
01-28 20:36:36.384 D/vold    (  433): Found matching PID 1232
01-28 20:36:36.387 E/VoldConnector( 1232): RCV <- {200 7 Command succeeded}
01-28 20:36:36.387 D/VoldConnector( 1232): RCV <- {200 7 Command succeeded}
01-28 20:36:36.387 E/VoldConnector( 1232): RMV <- {200 7 Command succeeded}
01-28 20:36:36.388 E/VoldConnector( 1232): SND -> {8 volume remount_uid 2000 none}
01-28 20:36:36.388 D/vold    (  433): Remounting 2000 as mode none
01-28 20:36:36.395 D/vold    (  433): Found matching PID 1584
01-28 20:36:36.395 W/vold    (  433): Skipping due to root namespace
01-28 20:36:36.396 E/VoldConnector( 1232): RCV <- {200 8 Command succeeded}
01-28 20:36:36.396 D/VoldConnector( 1232): RCV <- {200 8 Command succeeded}
01-28 20:36:36.396 E/VoldConnector( 1232): RMV <- {200 8 Command succeeded}
01-28 20:36:36.396 E/VoldConnector( 1232): SND -> {9 volume remount_uid 2000 none}
01-28 20:36:36.396 D/vold    (  433): Remounting 2000 as mode none
01-28 20:36:36.403 D/vold    (  433): Found matching PID 1584
01-28 20:36:36.403 W/vold    (  433): Skipping due to root namespace
01-28 20:36:36.403 E/VoldConnector( 1232): RCV <- {200 9 Command succeeded}
01-28 20:36:36.403 D/VoldConnector( 1232): RCV <- {200 9 Command succeeded}
01-28 20:36:36.404 E/VoldConnector( 1232): RMV <- {200 9 Command succeeded}
01-28 20:36:36.404 E/VoldConnector( 1232): SND -> {10 volume remount_uid 10004 none}
01-28 20:36:36.404 D/vold    (  433): Remounting 10004 as mode none
01-28 20:36:36.411 E/VoldConnector( 1232): RCV <- {200 10 Command succeeded}
01-28 20:36:36.411 D/VoldConnector( 1232): RCV <- {200 10 Command succeeded}
01-28 20:36:36.411 E/VoldConnector( 1232): RMV <- {200 10 Command succeeded}
01-28 20:36:36.412 E/VoldConnector( 1232): SND -> {11 volume remount_uid 10004 none}
01-28 20:36:36.412 D/vold    (  433): Remounting 10004 as mode none
01-28 20:36:36.419 E/VoldConnector( 1232): RCV <- {200 11 Command succeeded}
01-28 20:36:36.419 D/VoldConnector( 1232): RCV <- {200 11 Command succeeded}
01-28 20:36:36.419 E/VoldConnector( 1232): RMV <- {200 11 Command succeeded}
01-28 20:36:36.420 W/VoiceInteractionManagerService( 1232): no available voice interaction services found for user 0
01-28 20:36:36.420 W/VoiceInteractionManagerService( 1232): no available voice recognition services found for user 0
01-28 20:36:36.421 E/VoldConnector( 1232): SND -> {12 volume remount_uid 10001 none}
01-28 20:36:36.421 D/vold    (  433): Remounting 10001 as mode none
01-28 20:36:36.428 E/VoldConnector( 1232): RCV <- {200 12 Command succeeded}
01-28 20:36:36.428 D/VoldConnector( 1232): RCV <- {200 12 Command succeeded}
01-28 20:36:36.428 E/VoldConnector( 1232): RMV <- {200 12 Command succeeded}
01-28 20:36:36.434 E/BatteryStatsService( 1232): Wifi is in disabled state
01-28 20:36:36.447 I/ActivityManager( 1232): Pre-boot of {com.android.settings/com.android.settings.ManagedProfileSetup} for user 0
01-28 20:36:36.470 I/ActivityManager( 1232): Start proc 1620:com.android.settings/1000 for broadcast com.android.settings/.ManagedProfileSetup
01-28 20:36:36.478 D/BatteryService( 1232): updateLightsLocked(charging) setColor(0xFFFF7F00), Log: 4
01-28 20:36:36.500 V/BackupManagerService( 1232): Connected to transport ComponentInfo{android/com.android.internal.backup.LocalTransportService}
01-28 20:36:36.500 V/BackupManagerService( 1232): Registering transport android/com.android.internal.backup.LocalTransportService::android/com.android.internal.backup.LocalTransport = android.app.backup.BackupTransport$TransportImpl@2e13698
01-28 20:36:36.518 I/EntropyMixer( 1232): Writing entropy...
01-28 20:36:36.538 I/ActivityManager( 1232): Launching preboot mode app: ProcessRecord{a16bef1 1620:com.android.settings/1000}
01-28 20:36:36.720 I/ActivityManager( 1232): Removing system update proc: ProcessRecord{a16bef1 1620:com.android.settings/1000}
01-28 20:36:36.720 I/ActivityManager( 1232): Killing 1620:com.android.settings/1000 (adj 9): system update done
01-28 20:36:36.798 I/ActivityManager( 1232): System now ready
01-28 20:36:36.798 W/ActivityManager( 1232): Spurious death for ProcessRecord{a16bef1 0:com.android.settings/1000}, curProc for 1620: null
01-28 20:36:36.800 I/SystemServer( 1232): Making services ready
01-28 20:36:36.800 I/SystemServiceManager( 1232): Starting phase 550
01-28 20:36:36.819 D/MountService( 1232): Thinking about reset, mSystemReady=true, mDaemonConnected=true
01-28 20:36:36.819 E/VoldConnector( 1232): SND -> {13 volume reset}
01-28 20:36:36.820 E/VoldConnector( 1232): RCV <- {651 emulated 7}
01-28 20:36:36.820 D/VoldConnector( 1232): RCV <- {651 emulated 7}
01-28 20:36:36.820 V/vold    (  433): /system/bin/sgdisk
01-28 20:36:36.820 V/vold    (  433):     --android-dump
01-28 20:36:36.820 V/vold    (  433):     /dev/block/vold/disk:179,64
01-28 20:36:36.825 E/VoldConnector( 1232): RCV <- {659 emulated}
01-28 20:36:36.825 D/VoldConnector( 1232): RCV <- {659 emulated}
01-28 20:36:36.825 E/VoldConnector( 1232): RCV <- {650 emulated 2 "" ""}
01-28 20:36:36.825 D/VoldConnector( 1232): RCV <- {650 emulated 2 "" ""}
01-28 20:36:36.825 E/VoldConnector( 1232): RCV <- {651 emulated 0}
01-28 20:36:36.825 D/VoldConnector( 1232): RCV <- {651 emulated 0}
01-28 20:36:36.825 E/VoldConnector( 1232): RCV <- {651 public:179,65 7}
01-28 20:36:36.826 D/VoldConnector( 1232): RCV <- {651 public:179,65 7}
01-28 20:36:36.826 E/VoldConnector( 1232): RCV <- {659 public:179,65}
01-28 20:36:36.826 D/VoldConnector( 1232): RCV <- {659 public:179,65}
01-28 20:36:36.826 E/VoldConnector( 1232): RCV <- {649 disk:179,64}
01-28 20:36:36.826 D/UsbAlsaManager( 1232): Adding ALSA device AlsaDevice: [card: 0, device: 36, type: 2]
01-28 20:36:36.826 D/VoldConnector( 1232): RCV <- {649 disk:179,64}
01-28 20:36:36.826 D/UsbAlsaManager( 1232): Adding ALSA device AlsaDevice: [card: 0, device: 36, type: 1]
01-28 20:36:36.826 E/VoldConnector( 1232): RCV <- {640 disk:179,64 6}
01-28 20:36:36.826 D/UsbAlsaManager( 1232): Adding ALSA device AlsaDevice: [card: 0, device: 35, type: 2]
01-28 20:36:36.826 D/UsbAlsaManager( 1232): Adding ALSA device AlsaDevice: [card: 0, device: 35, type: 1]
01-28 20:36:36.826 D/VoldConnector( 1232): RCV <- {640 disk:179,64 6}
01-28 20:36:36.826 D/UsbAlsaManager( 1232): Adding ALSA device AlsaDevice: [card: 0, device: 34, type: 2]
01-28 20:36:36.826 D/UsbAlsaManager( 1232): Adding ALSA device AlsaDevice: [card: 0, device: 34, type: 1]
01-28 20:36:36.826 E/VoldConnector( 1232): RCV <- {641 disk:179,64 15931539456}
01-28 20:36:36.826 D/UsbAlsaManager( 1232): Adding ALSA device AlsaDevice: [card: 0, device: 26, type: 2]
01-28 20:36:36.826 D/UsbAlsaManager( 1232): Adding ALSA device AlsaDevice: [card: 0, device: 25, type: 2]
01-28 20:36:36.826 D/VoldConnector( 1232): RCV <- {641 disk:179,64 15931539456}
01-28 20:36:36.826 D/UsbAlsaManager( 1232): Adding ALSA device AlsaDevice: [card: 0, device: 25, type: 1]
01-28 20:36:36.826 D/UsbAlsaManager( 1232): Adding ALSA device AlsaDevice: [card: 0, device: 23, type: 2]
01-28 20:36:36.826 D/UsbAlsaManager( 1232): Adding ALSA device AlsaDevice: [card: 0, device: 22, type: 2]
01-28 20:36:36.826 E/VoldConnector( 1232): RCV <- {642 disk:179,64 }
01-28 20:36:36.826 D/UsbAlsaManager( 1232): Adding ALSA device AlsaDevice: [card: 0, device: 21, type: 2]
01-28 20:36:36.826 D/VoldConnector( 1232): RCV <- {642 disk:179,64 }
01-28 20:36:36.826 D/UsbAlsaManager( 1232): Adding ALSA device AlsaDevice: [card: 0, device: 20, type: 2]
01-28 20:36:36.826 D/UsbAlsaManager( 1232): Adding ALSA device AlsaDevice: [card: 0, device: 19, type: 2]
01-28 20:36:36.826 D/UsbAlsaManager( 1232): Adding ALSA device AlsaDevice: [card: 0, device: 19, type: 1]
01-28 20:36:36.826 E/VoldConnector( 1232): RCV <- {644 disk:179,64 /sys//devices/soc/7864900.sdhci/mmc_host/mmc1/mmc1:e624/block/mmcblk1}
01-28 20:36:36.826 D/UsbAlsaManager( 1232): Adding ALSA device AlsaDevice: [card: 0, device: 18, type: 2]
01-28 20:36:36.826 D/UsbAlsaManager( 1232): Adding ALSA device AlsaDevice: [card: 0, device: 18, type: 1]
01-28 20:36:36.826 D/VoldConnector( 1232): RCV <- {644 disk:179,64 /sys//devices/soc/7864900.sdhci/mmc_host/mmc1/mmc1:e624/block/mmcblk1}
01-28 20:36:36.826 D/UsbAlsaManager( 1232): Adding ALSA device AlsaDevice: [card: 0, device: 17, type: 2]
01-28 20:36:36.826 D/UsbAlsaManager( 1232): Adding ALSA device AlsaDevice: [card: 0, device: 17, type: 1]
01-28 20:36:36.826 D/UsbAlsaManager( 1232): Adding ALSA device AlsaDevice: [card: 0, device: 16, type: 2]
01-28 20:36:36.826 D/UsbAlsaManager( 1232): Adding ALSA device AlsaDevice: [card: 0, device: 16, type: 1]
01-28 20:36:36.826 D/UsbAlsaManager( 1232): Adding ALSA device AlsaDevice: [card: 0, device: 15, type: 2]
01-28 20:36:36.826 D/UsbAlsaManager( 1232): Adding ALSA device AlsaDevice: [card: 0, device: 15, type: 1]
01-28 20:36:36.826 D/UsbAlsaManager( 1232): Adding ALSA device AlsaDevice: [card: 0, device: 14, type: 2]
01-28 20:36:36.826 D/UsbAlsaManager( 1232): Adding ALSA device AlsaDevice: [card: 0, device: 14, type: 1]
01-28 20:36:36.826 D/UsbAlsaManager( 1232): Adding ALSA device AlsaDevice: [card: 0, device: 13, type: 2]
01-28 20:36:36.827 D/UsbAlsaManager( 1232): Adding ALSA device AlsaDevice: [card: 0, device: 13, type: 1]
01-28 20:36:36.827 D/UsbAlsaManager( 1232): Adding ALSA device AlsaDevice: [card: 0, device: 12, type: 2]
01-28 20:36:36.827 D/UsbAlsaManager( 1232): Adding ALSA device AlsaDevice: [card: 0, device: 12, type: 1]
01-28 20:36:36.827 D/UsbAlsaManager( 1232): Adding ALSA device AlsaDevice: [card: 0, device: 11, type: 2]
01-28 20:36:36.827 D/UsbAlsaManager( 1232): Adding ALSA device AlsaDevice: [card: 0, device: 10, type: 2]
01-28 20:36:36.827 D/UsbAlsaManager( 1232): Adding ALSA device AlsaDevice: [card: 0, device: 10, type: 1]
01-28 20:36:36.827 D/UsbAlsaManager( 1232): Adding ALSA device AlsaDevice: [card: 0, device: 8, type: 2]
01-28 20:36:36.827 D/UsbAlsaManager( 1232): Adding ALSA device AlsaDevice: [card: 0, device: 7, type: 1]
01-28 20:36:36.827 D/UsbAlsaManager( 1232): Adding ALSA device AlsaDevice: [card: 0, device: 6, type: 2]
01-28 20:36:36.827 D/UsbAlsaManager( 1232): Adding ALSA device AlsaDevice: [card: 0, device: 5, type: 2]
01-28 20:36:36.827 D/UsbAlsaManager( 1232): Adding ALSA device AlsaDevice: [card: 0, device: 5, type: 1]
01-28 20:36:36.827 D/UsbAlsaManager( 1232): Adding ALSA device AlsaDevice: [card: 0, device: 4, type: 1]
01-28 20:36:36.827 D/UsbAlsaManager( 1232): Adding ALSA device AlsaDevice: [card: 0, device: 3, type: 2]
01-28 20:36:36.827 D/UsbAlsaManager( 1232): Adding ALSA device AlsaDevice: [card: 0, device: 3, type: 1]
01-28 20:36:36.827 D/UsbAlsaManager( 1232): Adding ALSA device AlsaDevice: [card: 0, device: 2, type: 2]
01-28 20:36:36.827 D/UsbAlsaManager( 1232): Adding ALSA device AlsaDevice: [card: 0, device: 2, type: 1]
01-28 20:36:36.827 D/UsbAlsaManager( 1232): Adding ALSA device AlsaDevice: [card: 0, device: 1, type: 2]
01-28 20:36:36.827 D/UsbAlsaManager( 1232): Adding ALSA device AlsaDevice: [card: 0, device: 1, type: 1]
01-28 20:36:36.827 D/UsbAlsaManager( 1232): Adding ALSA device AlsaDevice: [card: 0, device: 0, type: 2]
01-28 20:36:36.827 D/UsbAlsaManager( 1232): Adding ALSA device AlsaDevice: [card: 0, device: 0, type: 1]
01-28 20:36:36.870 E/ActivityThread( 1232): Failed to find provider info for call_log
01-28 20:36:36.876 E/ActivityThread( 1232): Failed to find provider info for com.asus.kidslauncher.settings
01-28 20:36:36.877 W/ContextImpl( 1232): Calling a method in the system process without a qualified user: android.app.ContextImpl.startService:1242 android.content.ContextWrapper.startService:588 com.android.server.telecom.components.TelecomService.initializeTelecomSystem:117 com.android.server.telecom.components.TelecomService.onBind:48 android.app.ActivityThread.handleBindService:2922 
01-28 20:36:37.021 V/vold    (  433): DISK mbr
01-28 20:36:37.021 V/vold    (  433): PART 1 c
01-28 20:36:37.022 W/vold    (  433): switch condition :12
01-28 20:36:37.023 E/VoldConnector( 1232): RCV <- {650 public:179,65 0 "disk:179,64" ""}
01-28 20:36:37.023 D/VoldConnector( 1232): RCV <- {650 public:179,65 0 "disk:179,64" ""}
01-28 20:36:37.023 E/VoldConnector( 1232): RCV <- {651 public:179,65 0}
01-28 20:36:37.023 D/VoldConnector( 1232): RCV <- {651 public:179,65 0}
01-28 20:36:37.023 E/VoldConnector( 1232): RCV <- {643 disk:179,64}
01-28 20:36:37.024 D/VoldConnector( 1232): RCV <- {643 disk:179,64}
01-28 20:36:37.024 E/VoldConnector( 1232): RCV <- {200 13 Command succeeded}
01-28 20:36:37.024 D/VoldConnector( 1232): RCV <- {200 13 Command succeeded}
01-28 20:36:37.024 E/VoldConnector( 1232): RMV <- {200 13 Command succeeded}
01-28 20:36:37.025 E/VoldConnector( 1232): SND -> {14 volume user_added 0 0}
01-28 20:36:37.025 E/VoldConnector( 1232): RCV <- {200 14 Command succeeded}
01-28 20:36:37.025 D/VoldConnector( 1232): RCV <- {200 14 Command succeeded}
01-28 20:36:37.025 E/VoldConnector( 1232): RMV <- {200 14 Command succeeded}
01-28 20:36:37.026 V/MountService( 1232): Found primary storage at VolumeInfo{emulated}:
01-28 20:36:37.026 V/MountService( 1232):     type=EMULATED diskId=null partGuid=null mountFlags=0 mountUserId=-1 
01-28 20:36:37.026 V/MountService( 1232):     state=UNMOUNTED 
01-28 20:36:37.026 V/MountService( 1232):     fsType=null fsUuid=null fsLabel=null 
01-28 20:36:37.026 V/MountService( 1232):     path=null internalPath=null 
01-28 20:36:37.026 E/VoldConnector( 1232): SND -> {15 volume mount emulated 3 -1}
01-28 20:36:37.026 E/UsbDeviceManager( 1232): MSG_ENABLE_ADB:false,false
01-28 20:36:37.026 I/vold    (  433): EmulatedVolume::doMount()
01-28 20:36:37.026 I/vold    (  433): Use eMMC as primary storage
01-28 20:36:37.026 E/VoldConnector( 1232): RCV <- {651 emulated 1}
01-28 20:36:37.027 D/VoldConnector( 1232): RCV <- {651 emulated 1}
01-28 20:36:37.027 E/VoldConnector( 1232): RCV <- {656 emulated /data/media}
01-28 20:36:37.027 D/VoldConnector( 1232): RCV <- {656 emulated /data/media}
01-28 20:36:37.027 E/VoldConnector( 1232): RCV <- {655 emulated /storage/emulated}
01-28 20:36:37.027 D/VoldConnector( 1232): RCV <- {655 emulated /storage/emulated}
01-28 20:36:37.028 I/SystemServer( 1232): WebViewFactory preparation
01-28 20:36:37.028 V/vold    (  433): Waiting for FUSE to spin up...
01-28 20:36:37.043 I/ActivityManager( 1232): Start proc 1646:com.android.systemui/u0a4 for service com.android.systemui/.SystemUIService
01-28 20:36:37.044 D/NetworkManagement( 1232): enabling bandwidth control
01-28 20:36:37.045 E/NetdConnector( 1232): SND -> {2 bandwidth enable}
01-28 20:36:37.079 E/VoldConnector( 1232): RCV <- {651 emulated 2}
01-28 20:36:37.079 D/VoldConnector( 1232): RCV <- {651 emulated 2}
01-28 20:36:37.079 E/VoldConnector( 1232): RCV <- {200 15 Command succeeded}
01-28 20:36:37.079 D/VoldConnector( 1232): RCV <- {200 15 Command succeeded}
01-28 20:36:37.079 E/VoldConnector( 1232): RMV <- {200 15 Command succeeded}
01-28 20:36:37.080 E/VoldConnector( 1232): SND -> {16 volume mount public:179,65 2 0}
01-28 20:36:37.080 E/VoldConnector( 1232): RCV <- {651 public:179,65 1}
01-28 20:36:37.080 I/vold    (  433): PublicVolume::doMount()
01-28 20:36:37.080 D/VoldConnector( 1232): RCV <- {651 public:179,65 1}
01-28 20:36:37.089 V/vold    (  433): /system/bin/blkid
01-28 20:36:37.089 V/vold    (  433):     -c
01-28 20:36:37.089 V/vold    (  433):     /dev/null
01-28 20:36:37.089 V/vold    (  433):     -s
01-28 20:36:37.089 V/vold    (  433):     TYPE
01-28 20:36:37.089 V/vold    (  433):     -s
01-28 20:36:37.089 V/vold    (  433):     UUID
01-28 20:36:37.089 V/vold    (  433):     -s
01-28 20:36:37.089 V/vold    (  433):     LABEL
01-28 20:36:37.089 V/vold    (  433):     /dev/block/vold/public:179,65
01-28 20:36:37.235 W/WindowManager( 1232): Keyguard drawn timeout. Setting mKeyguardDrawComplete
01-28 20:36:37.345 E/NetdConnector( 1232): RCV <- {200 2 Bandwidth command succeeeded}
01-28 20:36:37.345 E/NetdConnector( 1232): RMV <- {200 2 Bandwidth command succeeeded}
01-28 20:36:37.346 E/NetdConnector( 1232): SND -> {3 strict enable}
01-28 20:36:37.351 E/ActivityThread( 1646): Failed to find provider info for com.asus.kidslauncher.settings
01-28 20:36:37.435 V/vold    (  433): /dev/block/vold/public:179,65: UUID="3234-3438" TYPE="vfat" 
01-28 20:36:37.436 V/vold    (  433): /system/bin/fsck_msdos
01-28 20:36:37.436 V/vold    (  433):     -p
01-28 20:36:37.436 V/vold    (  433):     -f
01-28 20:36:37.436 V/vold    (  433):     /dev/block/vold/public:179,65
01-28 20:36:37.437 E/VoldConnector( 1232): RCV <- {652 public:179,65 vfat}
01-28 20:36:37.437 D/VoldConnector( 1232): RCV <- {652 public:179,65 vfat}
01-28 20:36:37.437 E/VoldConnector( 1232): RCV <- {653 public:179,65 3234-3438}
01-28 20:36:37.437 D/VoldConnector( 1232): RCV <- {653 public:179,65 3234-3438}
01-28 20:36:37.437 E/VoldConnector( 1232): RCV <- {654 public:179,65 }
01-28 20:36:37.437 D/VoldConnector( 1232): RCV <- {654 public:179,65 }
01-28 20:36:37.497 W/AppWidgetServiceImpl( 1232): Failed to read state: java.io.FileNotFoundException: /data/system/users/0/appwidgets.xml: open failed: ENOENT (No such file or directory)
01-28 20:36:37.497 V/AppWidgetServiceImpl( 1232): Upgrading widget database from 0 to 1
01-28 20:36:37.738 D/Lockscreen.ThemeUtils( 1646): checkOldThemeSetting
01-28 20:36:37.738 D/Lockscreen.ThemeUtils( 1646): new theme pref not exists
01-28 20:36:37.739 I/Lockscreen.ThemeUtils( 1646): updateThemeInfo:com.asus.res.defaulttheme
01-28 20:36:37.749 E/ActivityThread( 1646): Failed to find provider info for com.android.launcher2.asus.settings
01-28 20:36:37.750 E/ActivityThread( 1646): Failed to find provider info for com.android.launcher2.settings
01-28 20:36:37.750 E/ActivityThread( 1646): Failed to find provider info for com.android.launcher2.asus.settings
01-28 20:36:37.750 E/ActivityThread( 1646): Failed to find provider info for com.android.launcher2.settings
01-28 20:36:37.751 E/ActivityThread( 1646): Failed to find provider info for com.android.launcher2.asus.settings
01-28 20:36:37.751 E/ActivityThread( 1646): Failed to find provider info for com.android.launcher2.settings
01-28 20:36:37.752 E/ActivityThread( 1646): Failed to find provider info for com.android.launcher2.asus.settings
01-28 20:36:37.752 E/ActivityThread( 1646): Failed to find provider info for com.android.launcher2.settings
01-28 20:36:37.752 E/ActivityThread( 1646): Failed to find provider info for com.android.launcher2.asus.settings
01-28 20:36:37.753 E/ActivityThread( 1646): Failed to find provider info for com.android.launcher2.settings
01-28 20:36:37.753 E/ActivityThread( 1646): Failed to find provider info for com.android.launcher2.asus.settings
01-28 20:36:37.754 E/ActivityThread( 1646): Failed to find provider info for com.android.launcher2.settings
01-28 20:36:37.754 E/ActivityThread( 1646): Failed to find provider info for com.android.launcher2.asus.settings
01-28 20:36:37.754 E/ActivityThread( 1646): Failed to find provider info for com.android.launcher2.settings
01-28 20:36:37.755 E/ActivityThread( 1646): Failed to find provider info for com.android.launcher2.asus.settings
01-28 20:36:37.755 E/ActivityThread( 1646): Failed to find provider info for com.android.launcher2.settings
01-28 20:36:37.760 D/Systemui.doubletap( 1646): HasDoubleTapFeature: true
01-28 20:36:37.761 D/Systemui.doubletap( 1646): Register double tap observer 
01-28 20:36:37.761 D/Systemui.doubletap( 1646): mIsDoubleTapEnabled: false
01-28 20:36:37.770 I/StatusBarManagerService( 1232): registerStatusBar bar=com.android.internal.statusbar.IStatusBar$Stub$Proxy@9ff289a
01-28 20:36:37.822 D/ThemeChanged( 1646): UpdateThemeInfo---
01-28 20:36:37.823 D/ThemeChanged( 1646): isThemeChangeNeeded: false
01-28 20:36:37.823 D/ThemeChanged( 1646): mCurrentPkgName: com.asus.res.defaulttheme
01-28 20:36:37.852 E/NetdConnector( 1232): RCV <- {200 3 Strict command succeeded}
01-28 20:36:37.853 E/NetdConnector( 1232): RMV <- {200 3 Strict command succeeded}
01-28 20:36:37.853 E/NetdConnector( 1232): NDC Command {3 strict enable} took too long (506ms)
01-28 20:36:37.855 E/NetdConnector( 1232): SND -> {4 firewall enable blacklist}
01-28 20:36:37.855 E/NetdConnector( 1232): RCV <- {200 4 Firewall command succeeded}
01-28 20:36:37.855 E/NetdConnector( 1232): RMV <- {200 4 Firewall command succeeded}
01-28 20:36:37.858 E/NetdConnector( 1232): SND -> {5 bandwidth gettetherstats}
01-28 20:36:37.858 E/NetdConnector( 1232): RCV <- {200 5 Tethering stats list completed}
01-28 20:36:37.858 E/NetdConnector( 1232): RMV <- {200 5 Tethering stats list completed}
01-28 20:36:37.862 E/NetdConnector( 1232): SND -> {6 bandwidth setglobalalert 2097152}
01-28 20:36:37.905 E/NetdConnector( 1232): RCV <- {200 6 Bandwidth command succeeeded}
01-28 20:36:37.906 E/NetdConnector( 1232): RMV <- {200 6 Bandwidth command succeeeded}
01-28 20:36:37.910 E/NetdConnector( 1232): SND -> {7 firewall enable blacklist}
01-28 20:36:37.911 E/NetdConnector( 1232): RCV <- {200 7 Firewall command succeeded}
01-28 20:36:37.911 E/NetdConnector( 1232): RMV <- {200 7 Firewall command succeeded}
01-28 20:36:37.916 E/NetdConnector( 1232): SND -> {8 network permission user set SYSTEM 10005 10002 1001 10004 10001 10007 10003 2000 1000 10000}
01-28 20:36:37.916 E/NetdConnector( 1232): RCV <- {200 8 success}
01-28 20:36:37.916 E/NetdConnector( 1232): RMV <- {200 8 success}
01-28 20:36:37.917 E/NetdConnector( 1232): SND -> {9 network permission user set SYSTEM 10006}
01-28 20:36:37.917 E/NetdConnector( 1232): RCV <- {200 9 success}
01-28 20:36:37.917 E/NetdConnector( 1232): RMV <- {200 9 success}
01-28 20:36:37.917 I/SystemServiceManager( 1232): Starting phase 600
01-28 20:36:37.918 D/NotificationService( 1232): updateLightsLocked turnOff
01-28 20:36:37.921 I/BackupManagerService( 1232): Backup enabled => false
01-28 20:36:37.925 V/WallpaperManagerService( 1232): saveDdsComponentLocked: phoneName =  , phoneComponent = ComponentInfo{com.android.systemui/com.android.systemui.ImageWallpaper}
01-28 20:36:37.926 E/InputMethodManagerService( 1232): Ignoring updateSystemUiLocked due to an invalid token. uid:1000 token:null
01-28 20:36:37.930 W/InputMethodManagerService( 1232): Reset the default IME as "Resource" is ready here.
01-28 20:36:37.932 V/KeyValueBackupJob( 1232): Scheduling k/v pass in 242 minutes
01-28 20:36:37.932 D/WindowManager( 1232): mIsInstantCameraEnabled=false
01-28 20:36:37.933 D/WindowManager( 1232): mIsLongPressInstantCameraEnabled=false
01-28 20:36:37.933 D/WindowManager( 1232): mIsLaunchCameraFromFpEnabled=false
01-28 20:36:37.980 I/ActivityManager( 1232): Start proc 1889:com.asus.ime/u0a7 for service com.asus.ime/.IME
01-28 20:36:37.981 V/InputMethodManagerService( 1232): Adding window token: android.os.Binder@619f3f8
01-28 20:36:37.981 I/ActivityManager( 1232): Config changes=20 {0 1.0 ?mcc?mnc zh_TW ldltr sw360dp w360dp h616dp 480dpi nrml long port finger -keyb/v/h -nav/h s.7}
01-28 20:36:37.981 W/InputMethodManagerService( 1232): Illegal subtype state: old subtype = null, new subtype = android.view.inputmethod.InputMethodSubtype@70d2bd4e
01-28 20:36:37.997 W/LocationManagerService( 1232): no network location provider found
01-28 20:36:38.000 E/LocationManagerService( 1232): no geocoder provider found
01-28 20:36:38.018 E/LocationManagerService( 1232): Unable to bind FusedProxy.
01-28 20:36:38.020 E/LocationManagerService( 1232): Unable to bind FLP Geofence proxy.
01-28 20:36:38.028 E/LocationManagerService( 1232): Unable to bind ActivityRecognitionProxy.
01-28 20:36:38.034 I/MmsServiceBroker( 1232): Delay connecting to MmsService until an API is called
01-28 20:36:38.034 V/WiredAccessoryManager( 1232): notifyWiredAccessoryChanged: when=0 bits= mask=54
01-28 20:36:38.034 V/WiredAccessoryManager( 1232): newName=h2w newState=0 headsetState=0 prev headsetState=0
01-28 20:36:38.034 V/WiredAccessoryManager( 1232): init()
01-28 20:36:38.034 I/ActivityManager( 1232): Config changes=8000 {0 1.0 ?mcc?mnc zh_TW ldltr sw360dp w360dp h616dp 480dpi nrml long port finger -keyb/v/h -nav/h s.8}
01-28 20:36:38.035 D/MountService( 1232): onStartUser 0
01-28 20:36:38.035 E/VoldConnector( 1232): SND -> {17 volume user_started 0}
01-28 20:36:38.037 W/ContextImpl( 1232): Calling a method in the system process without a qualified user: android.app.ContextImpl.sendBroadcast:784 com.android.server.ThemeManagerService.broadcastThemeChangedLocked:252 com.android.server.ThemeManagerService.doApplyTheme:208 com.android.server.ThemeManagerService.access$000:36 com.android.server.ThemeManagerService$ThemeHandler.handleMessage:76 
01-28 20:36:38.060 D/WifiService( 1232): New client listening to asynchronous messages
01-28 20:36:38.307 D/ConnectivityService( 1232): listenForNetwork for Listen from uid/pid:10004/1646 for NetworkRequest [ id=3, legacyType=-1, [] ]
01-28 20:36:38.409 E/ActivityThread( 1646): Failed to find provider info for com.android.contacts
01-28 20:36:38.410 E/ActivityThread( 1646): Failed to find provider info for com.asus.kidslauncher.settings
01-28 20:36:38.426 W/StatusBar( 1646): isKeyguardSecure() called before startKeyguard(), returning false
01-28 20:36:38.426 W/StatusBar( 1646): java.lang.Throwable
01-28 20:36:38.426 W/StatusBar( 1646): 	at com.android.systemui.statusbar.BaseStatusBar.isKeyguardSecure(BaseStatusBar.java:2422)
01-28 20:36:38.426 W/StatusBar( 1646): 	at com.android.systemui.statusbar.BaseStatusBar.isSecureKeyguardLock(BaseStatusBar.java:2437)
01-28 20:36:38.426 W/StatusBar( 1646): 	at com.android.systemui.statusbar.phone.QSTileHost.isSecureKeyguardLock(QSTileHost.java:552)
01-28 20:36:38.426 W/StatusBar( 1646): 	at com.android.systemui.qs.QSPanel.getGridHeight(QSPanel.java:354)
01-28 20:36:38.426 W/StatusBar( 1646): 	at com.android.systemui.qs.QSContainer.getDesiredHeight(QSContainer.java:69)
01-28 20:36:38.426 W/StatusBar( 1646): 	at com.android.systemui.statusbar.phone.NotificationPanelView.setQsTranslation(NotificationPanelView.java:1527)
01-28 20:36:38.426 W/StatusBar( 1646): 	at com.android.systemui.statusbar.phone.NotificationPanelView.setQsExpansion(NotificationPanelView.java:1476)
01-28 20:36:38.426 W/StatusBar( 1646): 	at com.android.systemui.statusbar.phone.NotificationPanelView.closeQs(NotificationPanelView.java:626)
01-28 20:36:38.426 W/StatusBar( 1646): 	at com.android.systemui.statusbar.phone.NotificationPanelView.resetViews(NotificationPanelView.java:617)
01-28 20:36:38.426 W/StatusBar( 1646): 	at com.android.systemui.statusbar.phone.PanelBar.collapseAllPanels(PanelBar.java:212)
01-28 20:36:38.426 W/StatusBar( 1646): 	at com.android.systemui.statusbar.phone.PhoneStatusBar.animateCollapsePanels(PhoneStatusBar.java:2886)
