01-28 20:36:40.056 D/TelephonyProvider( 1961): dbh.insertAddingDefaults: db.insert returned >= 0; insert successful for cv is_default=1 password=38267 ppp_number=null sub_id=-1 mmsc=http://192.168.180.100/servlets/mms numeric=29702 authtype=1 user=38267 mnc=02 mmsport=8080 mmsproxy=010.000.005.019 name=T-Mobile MMS mcc=297 apn=tmcg-wnw type=mms
01-28 20:36:40.056 D/TelephonyProvider( 1961): dbh.insertAddingDefaults: db.insert returned >= 0; insert successful for cv is_default=1 mnc=08 mmsport=5080 ppp_number=null sub_id=-1 mmsc=http://mp.mobiel.kpn/mmsc mmsproxy=10.10.100.20 numeric=20408 name=KPN/Hi Mobiel Internet mcc=204 apn=portalmmm.nl type=*
01-28 20:36:40.056 V/BoostFramework( 1889): BoostFramework() : mPerf = com.qualcomm.qti.Performance@6a1f97c
01-28 20:36:40.056 D/TelephonyProvider( 1961): dbh.insertAddingDefaults: db.insert returned >= 0; insert successful for cv is_default=1 mnc=08 ppp_number=null sub_id=-1 numeric=20408 name=Ben internet mcc=204 apn=basic.internet.ben.data type=default,supl
01-28 20:36:40.056 V/BoostFramework( 1889): BoostFramework() : mPerf = com.qualcomm.qti.Performance@ee33205
01-28 20:36:40.056 D/TelephonyProvider( 1961): dbh.insertAddingDefaults: db.insert returned >= 0; insert successful for cv is_default=1 mnc=20 ppp_number=null sub_id=-1 numeric=20420 name=Orange Internet mcc=204 apn=internet type=default,supl
01-28 20:36:40.056 D/TelephonyProvider( 1961): dbh.insertAddingDefaults: db.insert returned >= 0; insert successful for cv is_default=1 mnc=20 mmsport=9201 ppp_number=null sub_id=-1 mmsc=http://mms.orange.nl:8002 mmsproxy=10.250.255.183 numeric=20420 name=Orange MMS mcc=204 apn=mms type=mms
01-28 20:36:40.057 D/TelephonyProvider( 1961): dbh.insertAddingDefaults: db.insert returned >= 0; insert successful for cv is_default=1 mnc=12 mmsport=8080 ppp_number=null sub_id=-1 mmsc=http://mms mmsproxy=193.113.200.195 numeric=20412 name=Telfort Mobiel Internet mcc=204 apn=internet type=*
01-28 20:36:40.057 D/TelephonyProvider( 1961): dbh.insertAddingDefaults: db.insert returned >= 0; insert successful for cv is_default=1 password=tmobile mnc=16 ppp_number=null sub_id=-1 numeric=20416 name=T-Mobile Internet mcc=204 apn=internet type=default,supl user=tmobile
01-28 20:36:40.057 D/TelephonyProvider( 1961): dbh.insertAddingDefaults: db.insert returned >= 0; insert successful for cv is_default=1 password=tmobilemms ppp_number=null sub_id=-1 mmsc=http://t-mobilemms numeric=20416 authtype=1 user=tmobilemms mnc=16 mmsport=8080 mmsproxy=10.10.10.11 name=T-Mobile MMS mcc=204 apn=mms type=mms
01-28 20:36:40.058 D/TelephonyProvider( 1961): dbh.insertAddingDefaults: db.insert returned >= 0; insert successful for cv is_default=1 password=vodafone mnc=04 ppp_number=null sub_id=-1 proxy=192.168.251.150 numeric=20404 name=Vodafone Internet port=8799 mcc=204 apn=live.vodafone.com type=default,supl user=vodafone
01-28 20:36:40.058 D/TelephonyProvider( 1961): dbh.insertAddingDefaults: db.insert returned >= 0; insert successful for cv is_default=1 password=vodafone ppp_number=null sub_id=-1 mmsc=http://mmsc.mms.vodafone.nl numeric=20404 user=vodafone mnc=04 mmsport=8799 mmsproxy=192.168.251.150 name=Vodafone MMS mcc=204 apn=live.vodafone.com type=mms
01-28 20:36:40.058 D/TelephonyProvider( 1961): dbh.insertAddingDefaults: db.insert returned >= 0; insert successful for cv is_default=1 mnc=05 ppp_number=null sub_id=-1 numeric=53005 name=TelecomDefault mcc=530 apn=wap.telecom.co.nz type=default,supl
01-28 20:36:40.058 D/TelephonyProvider( 1961): dbh.insertAddingDefaults: db.insert returned >= 0; insert successful for cv is_default=1 mnc=05 ppp_number=null sub_id=-1 proxy=210.55.11.73 numeric=53005 name=TelecomContent port=8080 mcc=530 apn=wap.telecom.co.nz type=default
01-28 20:36:40.058 D/TelephonyProvider( 1961): dbh.insertAddingDefaults: db.insert returned >= 0; insert successful for cv is_default=1 mnc=05 ppp_number=null sub_id=-1 numeric=53005 name=TelecomData mcc=530 apn=internet.telecom.co.nz type=default
01-28 20:36:40.059 D/TelephonyProvider( 1961): dbh.insertAddingDefaults: db.insert returned >= 0; insert successful for cv is_default=1 mnc=05 mmsport=80 ppp_number=null sub_id=-1 mmsc=http://lsmmsc.xtra.co.nz mmsproxy=210.55.11.73 numeric=53005 name=TelecomMMS mcc=530 apn=internet.telecom.co.nz type=mms
01-28 20:36:40.059 D/TelephonyProvider( 1961): dbh.insertAddingDefaults: db.insert returned >= 0; insert successful for cv is_default=1 mnc=01 ppp_number=null sub_id=-1 numeric=53001 name=Vodafone Internet mcc=530 apn=www.vodafone.net.nz type=default,supl
01-28 20:36:40.059 D/TelephonyProvider( 1961): dbh.insertAddingDefaults: db.insert returned >= 0; insert successful for cv is_default=1 mnc=01 mmsport=8080 ppp_number=null sub_id=-1 mmsc=http://pxt.vodafone.net.nz/pxtsend mmsproxy=172.30.38.3 numeric=53001 name=Vodafone MMS mcc=530 apn=live.vodafone.com type=mms
01-28 20:36:40.059 D/TelephonyProvider( 1961): dbh.insertAddingDefaults: db.insert returned >= 0; insert successful for cv is_default=1 mnc=01 ppp_number=null sub_id=-1 proxy=172.30.38.3 numeric=53001 name=Vodafone HTTP port=9201 mcc=530 authtype=1 apn=live.vodafone.com type=default
01-28 20:36:40.059 D/TelephonyProvider( 1961): dbh.insertAddingDefaults: db.insert returned >= 0; insert successful for cv is_default=1 mnc=24 ppp_number=null sub_id=-1 numeric=53024 name=2degrees Internet mcc=530 apn=internet type=default,supl
01-28 20:36:40.060 D/TelephonyProvider( 1961): dbh.insertAddingDefaults: db.insert returned >= 0; insert successful for cv is_default=1 mnc=24 mmsport=8080 ppp_number=null sub_id=-1 mmsc= http://mms.2degreesmobile.net.nz:48090 mmsproxy=118.148.1.118 numeric=53024 name=2degrees MMS mcc=530 apn=mms  type=mms
01-28 20:36:40.060 D/TelephonyProvider( 1961): dbh.insertAddingDefaults: db.insert returned >= 0; insert successful for cv is_default=1 password=web mnc=30 ppp_number=null sub_id=-1 proxy=10.199.212.2 numeric=62130 name=MTN GPRS port=8080 mcc=621 apn=Web.gprs.mtnnigeria.net type=default user=web
01-28 20:36:40.060 D/TelephonyProvider( 1961): dbh.insertAddingDefaults: db.insert returned >= 0; insert successful for cv is_default=1 password=web ppp_number=null sub_id=-1 mmsc=http://10.199.212.8/servlets/mms numeric=62130 user=web mnc=30 mmsport=8080 mmsproxy=10.199.212.2 proxy=10.199.212.2 name=MTN WAP port=8080 mcc=621 apn=Web.gprs.mtnnigeria.net type=mms,wap
01-28 20:36:40.061 I/SDM     (  544): HWCDisplayPrimary::ProcessBootAnimCompleted: ProcessBootAnimCompleted: cryptostate= encrypted
01-28 20:36:40.061 D/TelephonyProvider( 1961): dbh.insertAddingDefaults: db.insert returned >= 0; insert successful for cv is_default=1 password=Flat mnc=50 ppp_number=null sub_id=-1 numeric=62150 name=Glo Internet mcc=621 authtype=3 apn=APN type=default,supl user=Flat
01-28 20:36:40.061 I/SDM     (  544): HWCDisplayPrimary::ProcessBootAnimCompleted: ProcessBootAnimCompleted: vold= trigger_restart_min_framework
01-28 20:36:40.061 D/TelephonyProvider( 1961): dbh.insertAddingDefaults: db.insert returned >= 0; insert successful for cv is_default=1 password=mms ppp_number=null sub_id=-1 mmsc=http://mms.gloworld.com/mmsc numeric=62150 authtype=3 user=mms mnc=50 mmsport=9201 mmsproxy=10.100.82.4 name=Glo MMS mcc=621 apn=glomms type=mms
01-28 20:36:40.061 D/TelephonyProvider( 1961): dbh.insertAddingDefaults: db.insert returned >= 0; insert successful for cv is_default=1 mnc=60 ppp_number=null sub_id=-1 numeric=62160 name=Etisalat Internet mcc=621 apn=etisalat type=default,supl
01-28 20:36:40.061 D/TelephonyProvider( 1961): dbh.insertAddingDefaults: db.insert returned >= 0; insert successful for cv is_default=1 mnc=60 mmsport=8080 ppp_number=null sub_id=-1 mmsc=http://10.71.170.30:38090/was mmsproxy=10.71.170.5 numeric=62160 name=Etisalat MMS mcc=621 apn=etisalat type=mms
01-28 20:36:40.061 D/TelephonyProvider( 1961): dbh.insertAddingDefaults: db.insert returned >= 0; insert successful for cv is_default=1 mnc=20 ppp_number=null sub_id=-1 numeric=62120 name=Airtel NG mcc=621 authtype=1 apn=Internet.ng.airtel.com type=default,supl
01-28 20:36:40.062 D/TelephonyProvider( 1961): dbh.insertAddingDefaults: db.insert returned >= 0; insert successful for cv is_default=1 mnc=02 mmsport=8080 ppp_number=null sub_id=-1 mmsc=http://mm/ mmsproxy=212.169.66.4 numeric=24202 name=NetCom MMS mcc=242 apn=netcom type=mms
01-28 20:36:40.062 D/XT9IME  ( 1889): [Unbundle] Android 4.4 always add Emoji subtypes
01-28 20:36:40.062 D/TelephonyProvider( 1961): dbh.insertAddingDefaults: db.insert returned >= 0; insert successful for cv is_default=1 mnc=02 ppp_number=null sub_id=-1 numeric=24202 name=NetCom Internet mcc=242 apn=internet.netcom.no type=default,supl
01-28 20:36:40.062 D/XT9IME  ( 1889): [Unbundle] Android 4.4 always add Emoji subtypes
01-28 20:36:40.062 D/XT9IME  ( 1889): [Unbundle] Android 4.4 always add Emoji subtypes
01-28 20:36:40.062 D/XT9IME  ( 1889): [Unbundle] Android 4.4 always add Emoji subtypes
01-28 20:36:40.062 D/XT9IME  ( 1889): [Unbundle] Android 4.4 always add Emoji subtypes
01-28 20:36:40.062 D/XT9IME  ( 1889): [Unbundle] Android 4.4 always add Emoji subtypes
01-28 20:36:40.062 D/TelephonyProvider( 1961): dbh.insertAddingDefaults: db.insert returned >= 0; insert successful for cv is_default=1 mnc=02 ppp_number=null sub_id=-1 numeric=24202 name=Chess Internet mcc=242 apn=internet.netcom.no type=default,supl
01-28 20:36:40.062 D/XT9IME  ( 1889): [Unbundle] Android 4.4 always add Emoji subtypes
01-28 20:36:40.062 D/XT9IME  ( 1889): [Unbundle] Android 4.4 always add Emoji subtypes
01-28 20:36:40.062 D/XT9IME  ( 1889): [Unbundle] Android 4.4 always add Emoji subtypes
01-28 20:36:40.062 I/XT9IME  ( 1889): sIsHighend = true
01-28 20:36:40.062 D/TelephonyProvider( 1961): dbh.insertAddingDefaults: db.insert returned >= 0; insert successful for cv is_default=1 mnc=02 mmsport=8080 ppp_number=null sub_id=-1 mmsc=http://mms/ mmsproxy=212.169.66.4 numeric=24202 name=Chess MMS mcc=242 apn=netcom type=mms
01-28 20:36:40.062 D/XT9IME  ( 1889): [Unbundle] Android 4.4 always add Emoji subtypes
01-28 20:36:40.062 D/XT9IME  ( 1889): [Unbundle] Android 4.4 always add Emoji subtypes
01-28 20:36:40.062 D/XT9IME  ( 1889): [Unbundle] Android 4.4 always add Emoji subtypes
01-28 20:36:40.062 D/XT9IME  ( 1889): [Unbundle] Android 4.4 always add Emoji subtypes
01-28 20:36:40.062 D/XT9IME  ( 1889): [Unbundle] Android 4.4 always add Emoji subtypes
01-28 20:36:40.062 D/XT9IME  ( 1889): [Unbundle] Android 4.4 always add Emoji subtypes
01-28 20:36:40.062 D/XT9IME  ( 1889): [Unbundle] Android 4.4 always add Emoji subtypes
01-28 20:36:40.062 D/XT9IME  ( 1889): [Unbundle] Android 4.4 always add Emoji subtypes
01-28 20:36:40.062 D/XT9IME  ( 1889): [Unbundle] Android 4.4 always add Emoji subtypes
01-28 20:36:40.063 D/TelephonyProvider( 1961): dbh.insertAddingDefaults: db.insert returned >= 0; insert successful for cv is_default=1 mnc=05 ppp_number=null sub_id=-1 numeric=24205 name=NWN Internet mcc=242 apn=internet type=default,supl
01-28 20:36:40.063 D/TelephonyProvider( 1961): dbh.insertAddingDefaults: db.insert returned >= 0; insert successful for cv is_default=1 mnc=05 mmsport=80 ppp_number=null sub_id=-1 mmsc=http://mms.nwn.no mmsproxy=188.149.250.10 numeric=24205 name=NWN MMS mcc=242 apn=mms type=mms
01-28 20:36:40.063 I/XT9IME  ( 1889): sIsHighend = true
01-28 20:36:40.063 I/XT9IME  ( 1889): sIsHighend = true
01-28 20:36:40.063 D/XT9IME  ( 1889): [Unbundle] Android 4.4 always add Emoji subtypes
01-28 20:36:40.063 D/XT9IME  ( 1889): [Unbundle] Android 4.4 always add Emoji subtypes
01-28 20:36:40.063 D/XT9IME  ( 1889): [Unbundle] Android 4.4 always add Emoji subtypes
01-28 20:36:40.063 D/XT9IME  ( 1889): [Unbundle] Android 4.4 always add Emoji subtypes
01-28 20:36:40.063 D/XT9IME  ( 1889): [Unbundle] Android 4.4 always add Emoji subtypes
01-28 20:36:40.063 D/XT9IME  ( 1889): [Unbundle] Android 4.4 always add Emoji subtypes
01-28 20:36:40.063 D/XT9IME  ( 1889): [Unbundle] Android 4.4 always add Emoji subtypes
01-28 20:36:40.063 D/XT9IME  ( 1889): [Unbundle] Android 4.4 always add Emoji subtypes
01-28 20:36:40.063 D/XT9IME  ( 1889): [Unbundle] Android 4.4 always add Emoji subtypes
01-28 20:36:40.063 D/TelephonyProvider( 1961): dbh.insertAddingDefaults: db.insert returned >= 0; insert successful for cv is_default=1 mnc=05 ppp_number=null sub_id=-1 numeric=24205 name=One Call Internet mcc=242 apn=internet type=default,supl
01-28 20:36:40.063 D/TelephonyProvider( 1961): dbh.insertAddingDefaults: db.insert returned >= 0; insert successful for cv is_default=1 mnc=05 mmsport=80 ppp_number=null sub_id=-1 mmsc=http://mms.nwn.no mmsproxy=188.149.250.10 numeric=24205 name=One Call MMS mcc=242 apn=mms type=mms
01-28 20:36:40.063 I/XT9IME  ( 1889): sIsHighend = true
01-28 20:36:40.063 D/TelephonyProvider( 1961): dbh.insertAddingDefaults: db.insert returned >= 0; insert successful for cv is_default=1 mnc=04 mmsport=8080 ppp_number=null sub_id=-1 mmsc=http://mmsc.tele2.no mmsproxy=193.12.40.14 numeric=24204 name=Tele2 mcc=242 apn=internet.tele2.no type=default,mms,supl
01-28 20:36:40.064 D/TelephonyProvider( 1961): dbh.insertAddingDefaults: db.insert returned >= 0; insert successful for cv is_default=1 mnc=01 ppp_number=null sub_id=-1 numeric=24201 name=Telenor Internet mcc=242 apn=telenor type=default,supl
01-28 20:36:40.064 D/TelephonyProvider( 1961): dbh.insertAddingDefaults: db.insert returned >= 0; insert successful for cv is_default=1 mnc=01 mmsport=8080 ppp_number=null sub_id=-1 mmsc=http://mmsc/ mmsproxy=10.10.10.11 numeric=24201 name=Telenor MMS mcc=242 apn=telenor type=mms
01-28 20:36:40.064 D/TelephonyProvider( 1961): dbh.insertAddingDefaults: db.insert returned >= 0; insert successful for cv is_default=1 password=wap ppp_number=null sub_id=-1 numeric=42202 authtype=1 user=wap mnc=02 proxy=192.168.203.34 name=Oman Mobil HTTP port=8080 mcc=422 apn=wap type=default,supl
01-28 20:36:40.064 D/TelephonyProvider( 1961): dbh.insertAddingDefaults: db.insert returned >= 0; insert successful for cv is_default=1 password=mms ppp_number=null sub_id=-1 mmsc=http://mmsc.omanmobile.com:10021/mmsc numeric=42202 authtype=1 user=mms mnc=02 mmsport=9201 mmsproxy=192.168.203.35 name=Oman Mobil MMS mcc=422 apn=mms type=mms
01-28 20:36:40.065 D/TelephonyProvider( 1961): dbh.insertAddingDefaults: db.insert returned >= 0; insert successful for cv is_default=1 password=movistar mnc=06 ppp_number=null sub_id=-1 numeric=71606 name=Movistar INTERNET mcc=716 apn=movistar.pe type=default,hipri user=movistar@datos
01-28 20:36:40.065 D/TelephonyProvider( 1961): dbh.insertAddingDefaults: db.insert returned >= 0; insert successful for cv is_default=1 password=movistar ppp_number=null sub_id=-1 mmsc=http://mmsc.telefonicamovistar.com.pe:8088/mms/ numeric=71606 user=movistar@mms mnc=06 mmsport=8080 mmsproxy=200.4.196.118 name=Movistar MMS mcc=716 apn=mms.movistar.pe type=mms
01-28 20:36:40.065 D/TelephonyProvider( 1961): dbh.insertAddingDefaults: db.insert returned >= 0; insert successful for cv is_default=1 mnc=02 ppp_number=null sub_id=-1 numeric=51502 name=myGlobe Internet mcc=515 apn=internet.globe.com.ph type=default,supl
01-28 20:36:40.065 D/TelephonyProvider( 1961): dbh.insertAddingDefaults: db.insert returned >= 0; insert successful for cv is_default=1 mnc=02 ppp_number=null sub_id=-1 numeric=51502 name=myGlobe INET mcc=515 apn=http.globe.com.ph type=default,supl
01-28 20:36:40.066 D/TelephonyProvider( 1961): dbh.insertAddingDefaults: db.insert returned >= 0; insert successful for cv is_default=1 mnc=02 mmsport=8080 ppp_number=null sub_id=-1 mmsc=http://192.40.100.22:10021/mmsc mmsproxy=203.177.042.214 numeric=51502 name=myGlobe MMS mcc=515 apn=mms.globe.com.ph type=mms
01-28 20:36:40.066 D/TelephonyProvider( 1961): dbh.insertAddingDefaults: db.insert returned >= 0; insert successful for cv is_default=1 mnc=02 ppp_number=null sub_id=-1 numeric=51502 name=GLOBE Internet prepaid mcc=515 authtype=1 apn=http.globe.com.ph type=default
01-28 20:36:40.066 D/TelephonyProvider( 1961): dbh.insertAddingDefaults: db.insert returned >= 0; insert successful for cv is_default=1 mnc=02 ppp_number=null sub_id=-1 proxy=203.177.42.214 numeric=51502 name=GLOBE HTTP postpaid port=9201 mcc=515 authtype=1 apn=http.globe.com.ph type=default
01-28 20:36:40.066 D/TelephonyProvider( 1961): dbh.insertAddingDefaults: db.insert returned >= 0; insert successful for cv is_default=1 mnc=02 ppp_number=null sub_id=-1 numeric=51502 name=GLOBE(3G) HTTP prepaid mcc=515 authtype=1 apn=http.globe.com.ph type=default
01-28 20:36:40.066 D/TelephonyProvider( 1961): dbh.insertAddingDefaults: db.insert returned >= 0; insert successful for cv is_default=1 mnc=02 mmsport=8080 ppp_number=null sub_id=-1 mmsc=http://192.40.100.22:10021/mmsc mmsproxy=203.177.042.214 numeric=51502 name=GLOBE(3G) MMS prepaid mcc=515 apn=mms.globe.com.ph type=mms
01-28 20:36:40.067 D/TelephonyProvider( 1961): dbh.insertAddingDefaults: db.insert returned >= 0; insert successful for cv is_default=1 mnc=02 ppp_number=null sub_id=-1 numeric=51502 name=GLOBE(3G) Streaming prepaid mcc=515 authtype=1 apn=real.globe.com.ph type=default
01-28 20:36:40.067 D/TelephonyProvider( 1961): dbh.insertAddingDefaults: db.insert returned >= 0; insert successful for cv is_default=1 mnc=02 ppp_number=null sub_id=-1 proxy=203.177.42.214 numeric=51502 name=GLOBE(3G) HTTP postpaid port=9201 mcc=515 authtype=1 apn=www.globe.com.ph type=default
01-28 20:36:40.067 D/TelephonyProvider( 1961): dbh.insertAddingDefaults: db.insert returned >= 0; insert successful for cv is_default=1 mnc=02 mmsport=8080 ppp_number=null sub_id=-1 mmsc=http://192.40.100.22:10021/mmsc mmsproxy=203.177.042.214 numeric=51502 name=GLOBE(3G) MMS postpaid mcc=515 apn=mms.globe.com.ph type=mms
01-28 20:36:40.067 D/TelephonyProvider( 1961): dbh.insertAddingDefaults: db.insert returned >= 0; insert successful for cv is_default=1 mnc=02 ppp_number=null sub_id=-1 numeric=51502 name=GLOBE(3G) Streaming postpaid mcc=515 apn=real.globe.com.ph type=default
01-28 20:36:40.068 D/TelephonyProvider( 1961): dbh.insertAddingDefaults: db.insert returned >= 0; insert successful for cv is_default=1 mnc=03 ppp_number=null sub_id=-1 numeric=51503 name=SMART Internet postpaid mcc=515 authtype=1 apn=internet type=default
01-28 20:36:40.068 D/TelephonyProvider( 1961): dbh.insertAddingDefaults: db.insert returned >= 0; insert successful for cv is_default=1 password=smartwap ppp_number=null sub_id=-1 numeric=51503 authtype=1 user=smartwap mnc=03 proxy=10.102.61.46 name=SMART HTTP postpaid port=9201 mcc=515 apn=smart1 type=default
01-28 20:36:40.068 D/TelephonyProvider( 1961): dbh.insertAddingDefaults: db.insert returned >= 0; insert successful for cv is_default=1 mnc=03 ppp_number=null sub_id=-1 numeric=51503 name=SMART(3G) Internet postpaid mcc=515 apn=internet type=default,supl
01-28 20:36:40.068 D/TelephonyProvider( 1961): dbh.insertAddingDefaults: db.insert returned >= 0; insert successful for cv is_default=1 mnc=03 mmsport=8080 ppp_number=null sub_id=-1 mmsc=http://10.102.61.238:8002 mmsproxy=10.102.61.46 numeric=51503 name=SMART(3G) MMS postpaid mcc=515 apn=mms type=mms
01-28 20:36:40.068 D/TelephonyProvider( 1961): dbh.insertAddingDefaults: db.insert returned >= 0; insert successful for cv is_default=1 mnc=03 ppp_number=null sub_id=-1 numeric=51503 name=SMART(3G) Internet prepaid mcc=515 apn=internet type=default,supl
01-28 20:36:40.069 D/TelephonyProvider( 1961): dbh.insertAddingDefaults: db.insert returned >= 0; insert successful for cv is_default=1 password=smartwap ppp_number=null sub_id=-1 numeric=51503 authtype=1 user=smartwap mnc=03 proxy=10.102.61.46 name=SMART(3G) HTTP prepaid port=80 mcc=515 apn=smart1 type=default
01-28 20:36:40.069 D/TelephonyProvider( 1961): dbh.insertAddingDefaults: db.insert returned >= 0; insert successful for cv is_default=1 password=smartwap ppp_number=null sub_id=-1 mmsc=http://10.102.61.238:8002 numeric=51503 authtype=1 user=smartwap mnc=03 mmsport=8080 mmsproxy=10.102.61.46 name=SMART(3G) MMS prepaid mcc=515 apn=mms type=mms
01-28 20:36:40.069 D/TelephonyProvider( 1961): dbh.insertAddingDefaults: db.insert returned >= 0; insert successful for cv is_default=1 password=smartwap ppp_number=null sub_id=-1 mmsc=http://10.102.61.238:8002 numeric=51503 authtype=1 user=smartwap mnc=03 mmsport=9201 mmsproxy=10.102.61.46 name=SMART MMS postpaid mcc=515 apn=mms type=mms
01-28 20:36:40.069 D/TelephonyProvider( 1961): dbh.insertAddingDefaults: db.insert returned >= 0; insert successful for cv is_default=1 mnc=03 ppp_number=null sub_id=-1 proxy=10.102.61.46 numeric=51503 name=SMART(3G) HTTP postpaid port=9201 mcc=515 authtype=1 apn=smart1 type=default
01-28 20:36:40.070 D/TelephonyProvider( 1961): dbh.insertAddingDefaults: db.insert returned >= 0; insert successful for cv is_default=1 mnc=05 ppp_number=null sub_id=-1 numeric=51505 name=SUN Internet mcc=515 apn=minternet type=default,supl
01-28 20:36:40.070 D/TelephonyProvider( 1961): dbh.insertAddingDefaults: db.insert returned >= 0; insert successful for cv is_default=1 mnc=05 ppp_number=null sub_id=-1 proxy=202.138.159.78 numeric=51505 name=SUN HTTP postpaid port=9201 mcc=515 apn=wap type=default
01-28 20:36:40.070 D/TelephonyProvider( 1961): dbh.insertAddingDefaults: db.insert returned >= 0; insert successful for cv is_default=1 mnc=05 mmsport=8080 ppp_number=null sub_id=-1 mmsc=http://mmscenter.suncellular.com.ph mmsproxy=202.138.159.78 numeric=51505 name=SUN MMS mcc=515 apn=mms type=mms
01-28 20:36:40.070 D/TelephonyProvider( 1961): dbh.insertAddingDefaults: db.insert returned >= 0; insert successful for cv is_default=1 mnc=05 ppp_number=null sub_id=-1 numeric=51505 name=Sun Broadband mcc=515 apn=fbband type=default,supl
01-28 20:36:40.071 D/TelephonyProvider( 1961): dbh.insertAddingDefaults: db.insert returned >= 0; insert successful for cv is_default=1 password=erainternet mnc=02 ppp_number=null sub_id=-1 numeric=26002 name=Era Internet postpaid mcc=260 authtype=1 apn=erainternet type=default,supl user=erainternet
01-28 20:36:40.071 D/TelephonyProvider( 1961): dbh.insertAddingDefaults: db.insert returned >= 0; insert successful for cv is_default=1 password=eramms ppp_number=null sub_id=-1 mmsc=http://mms.era.pl/servlets/mms numeric=26002 authtype=1 user=eramms mnc=02 mmsport=8080 mmsproxy=213.158.194.226 name=Era MMS postpaid mcc=260 apn=eramms type=mms
01-28 20:36:40.071 D/TelephonyProvider( 1961): dbh.insertAddingDefaults: db.insert returned >= 0; insert successful for cv is_default=1 password=erainternet mnc=02 ppp_number=null sub_id=-1 numeric=26002 name=Era Internet prepaid mcc=260 authtype=1 apn=erainternettt type=default,supl user=erainternet
01-28 20:36:40.071 D/TelephonyProvider( 1961): dbh.insertAddingDefaults: db.insert returned >= 0; insert successful for cv is_default=1 password=eramms ppp_number=null sub_id=-1 mmsc=http://mms.era.pl/servlets/mms numeric=26002 authtype=1 user=eramms mnc=02 mmsport=8080 mmsproxy=213.158.194.226 name=Era MMS prepaid mcc=260 apn=eramms type=mms
01-28 20:36:40.072 D/TelephonyProvider( 1961): dbh.insertAddingDefaults: db.insert returned >= 0; insert successful for cv is_default=1 mnc=02 ppp_number=null sub_id=-1 proxy=213.158.194.226 numeric=26002 name=Era HTTP prepaid port=9201 mcc=260 authtype=1 apn=erawaptt type=default
01-28 20:36:40.072 D/TelephonyProvider( 1961): dbh.insertAddingDefaults: db.insert returned >= 0; insert successful for cv is_default=1 mnc=02 ppp_number=null sub_id=-1 proxy=213.158.194.226 numeric=26002 name=Era HTTP postpaid port=9201 mcc=260 authtype=1 apn=erawap type=default
01-28 20:36:40.072 D/TelephonyProvider( 1961): dbh.insertAddingDefaults: db.insert returned >= 0; insert successful for cv is_default=1 password=internet mnc=03 ppp_number=null sub_id=-1 numeric=26003 name=Orange Internet mcc=260 authtype=1 apn=internet type=default,supl user=internet
01-28 20:36:40.072 D/TelephonyProvider( 1961): dbh.insertAddingDefaults: db.insert returned >= 0; insert successful for cv is_default=1 password=wap ppp_number=null sub_id=-1 numeric=26003 authtype=1 user=wap mnc=03 proxy=192.168.6.102 name=Orange HTTP port=8080 mcc=260 apn=wap type=default
01-28 20:36:40.073 I/XT9IME  ( 1889): sIsHighend = true
01-28 20:36:40.073 D/XT9IME  ( 1889): [Unbundle] Android 4.4 always add Emoji subtypes
01-28 20:36:40.073 D/TelephonyProvider( 1961): dbh.insertAddingDefaults: db.insert returned >= 0; insert successful for cv is_default=1 password=mms ppp_number=null sub_id=-1 mmsc=http://mms.orange.pl numeric=26003 authtype=1 user=mms mnc=03 mmsport=8080 mmsproxy=192.168.6.104 name=Orange MMS mcc=260 apn=mms type=mms
01-28 20:36:40.073 D/XT9IME  ( 1889): [Unbundle] Android 4.4 always add Emoji subtypes
01-28 20:36:40.073 D/XT9IME  ( 1889): [Unbundle] Android 4.4 always add Emoji subtypes
01-28 20:36:40.073 D/XT9IME  ( 1889): [Unbundle] Android 4.4 always add Emoji subtypes
01-28 20:36:40.073 D/XT9IME  ( 1889): [Unbundle] Android 4.4 always add Emoji subtypes
01-28 20:36:40.073 D/XT9IME  ( 1889): [Unbundle] Android 4.4 always add Emoji subtypes
01-28 20:36:40.073 D/XT9IME  ( 1889): [Unbundle] Android 4.4 always add Emoji subtypes
01-28 20:36:40.073 D/XT9IME  ( 1889): [Unbundle] Android 4.4 always add Emoji subtypes
01-28 20:36:40.073 D/XT9IME  ( 1889): [Unbundle] Android 4.4 always add Emoji subtypes
01-28 20:36:40.073 D/TelephonyProvider( 1961): dbh.insertAddingDefaults: db.insert returned >= 0; insert successful for cv is_default=1 mnc=06 ppp_number=null sub_id=-1 numeric=26006 name=P4 Internet mcc=260 apn=internet type=default,supl
01-28 20:36:40.073 I/XT9IME  ( 1889): sIsHighend = true
01-28 20:36:40.073 D/TelephonyProvider( 1961): dbh.insertAddingDefaults: db.insert returned >= 0; insert successful for cv is_default=1 mnc=06 ppp_number=null sub_id=-1 proxy=10.10.25.5 numeric=26006 name=P4 Data HTTP port=8080 mcc=260 apn=wap type=default
01-28 20:36:40.073 D/TelephonyProvider( 1961): dbh.insertAddingDefaults: db.insert returned >= 0; insert successful for cv is_default=1 mnc=06 mmsport=8080 ppp_number=null sub_id=-1 mmsc=http://10.10.28.164/mms/wapenc mmsproxy=10.10.25.5 numeric=26006 name=P4 MMS network mcc=260 apn=mms type=mms
01-28 20:36:40.074 D/TelephonyProvider( 1961): dbh.insertAddingDefaults: db.insert returned >= 0; insert successful for cv is_default=1 mnc=01 ppp_number=null sub_id=-1 numeric=26001 name=Plus mcc=260 authtype=1 apn=plus type=default,supl
01-28 20:36:40.074 D/TelephonyProvider( 1961): dbh.insertAddingDefaults: db.insert returned >= 0; insert successful for cv is_default=1 mnc=01 mmsport=8080 ppp_number=null sub_id=-1 mmsc=http://mms.plusgsm.pl:8002 mmsproxy=212.2.96.16 numeric=26001 name=MMS mcc=260 authtype=1 apn=mms type=mms
01-28 20:36:40.074 D/TelephonyProvider( 1961): dbh.insertAddingDefaults: db.insert returned >= 0; insert successful for cv is_default=1 ppp_number=null sub_id=-1 mmsc=http://mmsc:10021/mmsc numeric=26803 mnc=03 mmsport=8799 mmsproxy=62.169.66.5 proxy=62.169.66.5 name=Optimus port=8799 mcc=268 apn=umts type=*
01-28 20:36:40.074 D/TelephonyProvider( 1961): dbh.insertAddingDefaults: db.insert returned >= 0; insert successful for cv is_default=1 mnc=06 ppp_number=null sub_id=-1 numeric=26806 name=TMN Internet mcc=268 apn=internet type=default,supl
01-28 20:36:40.075 D/TelephonyProvider( 1961): dbh.insertAddingDefaults: db.insert returned >= 0; insert successful for cv is_default=1 password=tmnnet ppp_number=null sub_id=-1 numeric=26806 authtype=1 user=tmn mnc=06 proxy=172.30.2.2 name=TMN HTTP prepaid port=80 mcc=268 apn=wap.tmn.pt type=default
01-28 20:36:40.075 D/TelephonyProvider( 1961): dbh.insertAddingDefaults: db.insert returned >= 0; insert successful for cv is_default=1 password=tmnnet ppp_number=null sub_id=-1 mmsc=http://mmsc numeric=26806 authtype=1 user=tmn mnc=06 mmsport=8080 mmsproxy=10.111.2.16 name=TMN MMS mcc=268 apn=mmsc.tmn.pt type=mms
01-28 20:36:40.075 D/TelephonyProvider( 1961): dbh.insertAddingDefaults: db.insert returned >= 0; insert successful for cv is_default=1 mnc=01 mmsport=80 ppp_number=null sub_id=-1 mmsc=http://mms.vodafone.pt/servlets/mms mmsproxy=iproxy.vodafone.pt numeric=26801 name=Vodafone Net2 mcc=268 authtype=3 apn=net2.vodafone.pt type=default,mms
01-28 20:36:40.075 D/TelephonyProvider( 1961): dbh.insertAddingDefaults: db.insert returned >= 0; insert successful for cv is_default=1 password=vodafone mnc=01 ppp_number=null sub_id=-1 numeric=26801 name=Vodafone Internet mcc=268 authtype=3 apn=internet.vodafone.pt type=dun user=vodafone
01-28 20:36:40.076 D/TelephonyProvider( 1961): dbh.insertAddingDefaults: db.insert returned >= 0; insert successful for cv is_default=1 mnc=01 ppp_number=null sub_id=-1 numeric=42701 name=Q-tel pospaid Internet mcc=427 authtype=1 apn=web.qtel type=default,supl
01-28 20:36:40.076 D/TelephonyProvider( 1961): dbh.insertAddingDefaults: db.insert returned >= 0; insert successful for cv is_default=1 password=gprs mnc=01 ppp_number=null sub_id=-1 numeric=42701 name=Q-tel prepaid Internet mcc=427 authtype=1 apn=gprs.qtel type=default user=gprs
01-28 20:36:40.076 D/SystemMonitorService( 1232): FocusApp service state is binding. Send message later
01-28 20:36:40.076 D/TelephonyProvider( 1961): dbh.insertAddingDefaults: db.insert returned >= 0; insert successful for cv is_default=1 password=gprs ppp_number=null sub_id=-1 numeric=42701 authtype=1 user=gprs mnc=01 proxy=10.23.8.3 name=Q-tel HTTP port=8080 mcc=427 apn=gprs.qtel type=default
01-28 20:36:40.076 D/TelephonyProvider( 1961): dbh.insertAddingDefaults: db.insert returned >= 0; insert successful for cv is_default=1 password=mms ppp_number=null sub_id=-1 mmsc=http://mmsr.qtelmms.qa numeric=42701 authtype=1 user=mms mnc=01 mmsport=8080 mmsproxy=10.23.8.3 name=Q-tel MMS mcc=427 apn=mms.qtel type=mms
01-28 20:36:40.077 D/TelephonyProvider( 1961): dbh.insertAddingDefaults: db.insert returned >= 0; insert successful for cv is_default=1 mnc=01 ppp_number=null sub_id=-1 numeric=42701 name=Virgin Internet mcc=427 authtype=1 apn=data type=default,supl
01-28 20:36:40.077 D/TelephonyProvider( 1961): dbh.insertAddingDefaults: db.insert returned >= 0; insert successful for cv is_default=1 mnc=01 ppp_number=null sub_id=-1 proxy=10.23.8.3 numeric=42701 name=Virgin HTTP port=8080 mcc=427 authtype=1 apn=data type=default
01-28 20:36:40.077 D/TelephonyProvider( 1961): dbh.insertAddingDefaults: db.insert returned >= 0; insert successful for cv is_default=1 mnc=01 mmsport=8080 ppp_number=null sub_id=-1 mmsc=http://mmsr.mms.qa mmsproxy=10.23.8.3 numeric=42701 name=Virgin MMS mcc=427 authtype=1 apn=data type=mms
01-28 20:36:40.077 D/TelephonyProvider( 1961): dbh.insertAddingDefaults: db.insert returned >= 0; insert successful for cv is_default=1 mnc=02 ppp_number=null sub_id=-1 numeric=42702 name=Vodafone Internet mcc=427 apn=web.vodafone.com.qa type=default,supl
01-28 20:36:40.078 D/TelephonyProvider( 1961): dbh.insertAddingDefaults: db.insert returned >= 0; insert successful for cv is_default=1 mnc=02 ppp_number=null sub_id=-1 proxy=10.101.97.102 numeric=42702 name=Vodafone HTTP port=80 mcc=427 apn=vodafone.com.qa type=default
01-28 20:36:40.078 D/TelephonyProvider( 1961): dbh.insertAddingDefaults: db.insert returned >= 0; insert successful for cv is_default=1 mnc=02 mmsport=80 ppp_number=null sub_id=-1 mmsc=http://mms.vodafone.com.qa/mmsc mmsproxy=10.101.97.102 numeric=42702 name=Vodafone MMS mcc=427 apn=vodafone.com.qa type=mms
01-28 20:36:40.078 D/TelephonyProvider( 1961): dbh.insertAddingDefaults: db.insert returned >= 0; insert successful for cv is_default=1 mnc=03 ppp_number=null sub_id=-1 numeric=22603 name=Connect Mobile mcc=226 apn=broadband type=default,supl
01-28 20:36:40.078 D/TelephonyProvider( 1961): dbh.insertAddingDefaults: db.insert returned >= 0; insert successful for cv is_default=1 password=mms ppp_number=null sub_id=-1 mmsc=http://mmsc1.mms.telekom.ro:8002  numeric=22603 authtype=1 user=mms mnc=03 mmsport=8080 mmsproxy=10.252.1.62 name=Telekom MMS mcc=226 apn=mms type=mms
01-28 20:36:40.079 D/TelephonyProvider( 1961): dbh.insertAddingDefaults: db.insert returned >= 0; insert successful for cv is_default=1 password=wnw mnc=03 ppp_number=null sub_id=-1 numeric=22603 name=web'n'walk mcc=226 authtype=3 apn=wnw type=default,supl user=wnw
01-28 20:36:40.079 I/XT9IME  ( 1889): sIsHighend = true
01-28 20:36:40.079 D/TelephonyProvider( 1961): dbh.insertAddingDefaults: db.insert returned >= 0; insert successful for cv is_default=1 mnc=06 ppp_number=null sub_id=-1 numeric=22606 name=Connect Mobile mcc=226 apn=broadband type=default,supl
01-28 20:36:40.079 D/TelephonyProvider( 1961): dbh.insertAddingDefaults: db.insert returned >= 0; insert successful for cv is_default=1 password=mms ppp_number=null sub_id=-1 mmsc=http://mmsc1.mms.telekom.ro:8002  numeric=22606 authtype=1 user=mms mnc=06 mmsport=8080 mmsproxy=10.252.1.62 name=Telekom MMS mcc=226 apn=mms type=mms
01-28 20:36:40.079 D/TelephonyProvider( 1961): dbh.insertAddingDefaults: db.insert returned >= 0; insert successful for cv is_default=1 password=wnw mnc=06 ppp_number=null sub_id=-1 numeric=22606 name=web'n'walk mcc=226 authtype=3 apn=wnw type=default,supl user=wnw
01-28 20:36:40.079 D/TelephonyProvider( 1961): dbh.insertAddingDefaults: db.insert returned >= 0; insert successful for cv is_default=1 mnc=10 ppp_number=null sub_id=-1 numeric=22610 name=Orange Internet prepaid mcc=226 apn=internet type=default,supl
01-28 20:36:40.080 D/TelephonyProvider( 1961): dbh.insertAddingDefaults: db.insert returned >= 0; insert successful for cv is_default=1 mnc=10 ppp_number=null sub_id=-1 proxy=62.217.247.252 numeric=22610 name=Orange HTTP prepaid port=8799 mcc=226 apn=wap type=default
01-28 20:36:40.080 D/TelephonyProvider( 1961): dbh.insertAddingDefaults: db.insert returned >= 0; insert successful for cv is_default=1 mnc=10 mmsport=9201 ppp_number=null sub_id=-1 mmsc=http://wap.mms.orange.ro:8002 mmsproxy=62.217.247.252 numeric=22610 name=Orange MMS prepaid mcc=226 apn=mms type=mms
01-28 20:36:40.080 D/TelephonyProvider( 1961): dbh.insertAddingDefaults: db.insert returned >= 0; insert successful for cv is_default=1 mnc=10 ppp_number=null sub_id=-1 numeric=22610 name=Orange Internet postpaid mcc=226 apn=internet type=default,supl
01-28 20:36:40.080 D/TelephonyProvider( 1961): dbh.insertAddingDefaults: db.insert returned >= 0; insert successful for cv is_default=1 mnc=10 ppp_number=null sub_id=-1 proxy=62.217.247.252 numeric=22610 name=Orange HTTP postpaid port=8799 mcc=226 apn=wap type=default
01-28 20:36:40.081 D/TelephonyProvider( 1961): dbh.insertAddingDefaults: db.insert returned >= 0; insert successful for cv is_default=1 mnc=10 mmsport=9201 ppp_number=null sub_id=-1 mmsc=http://wap.mms.orange.ro:8002 mmsproxy=62.217.247.252 numeric=22610 name=Orange MMS postpaid mcc=226 apn=mms type=mms
01-28 20:36:40.081 D/TelephonyProvider( 1961): dbh.insertAddingDefaults: db.insert returned >= 0; insert successful for cv is_default=1 mnc=05 ppp_number=null sub_id=-1 numeric=22605 name=RDS Internet postpaid mcc=226 authtype=1 apn=Internet type=default,supl
01-28 20:36:40.081 D/TelephonyProvider( 1961): dbh.insertAddingDefaults: db.insert returned >= 0; insert successful for cv is_default=1 mnc=01 ppp_number=null sub_id=-1 numeric=22601 name=Vodafone Internet postpaid mcc=226 authtype=1 apn=internet.vodafone.ro type=default,supl
01-28 20:36:40.081 D/TelephonyProvider( 1961): dbh.insertAddingDefaults: db.insert returned >= 0; insert successful for cv is_default=1 password=vodafone ppp_number=null sub_id=-1 numeric=22601 authtype=1 user=live mnc=01 proxy=193.230.161.231 name=Vodafone HTTP postpaid port=8080 mcc=226 apn=live.vodafone.com type=default
01-28 20:36:40.082 D/TelephonyProvider( 1961): dbh.insertAddingDefaults: db.insert returned >= 0; insert successful for cv is_default=1 password=vodafone ppp_number=null sub_id=-1 mmsc=http://multimedia/servlets/mms numeric=22601 authtype=1 user=mms mnc=01 mmsport=8080 mmsproxy=193.230.161.231 name=Vodafone MMS postpaid mcc=226 apn=mms.vodafone.ro type=mms
01-28 20:36:40.082 D/TelephonyProvider( 1961): dbh.insertAddingDefaults: db.insert returned >= 0; insert successful for cv is_default=1 password=vodafone mnc=01 ppp_number=null sub_id=-1 numeric=22601 name=Vodafone Internet prepaid mcc=226 authtype=1 apn=internet.pre.vodafone.ro type=default,supl user=internet.pre.vodafone.ro
01-28 20:36:40.082 D/TelephonyProvider( 1961): dbh.insertAddingDefaults: db.insert returned >= 0; insert successful for cv is_default=1 password=vodafone ppp_number=null sub_id=-1 numeric=22601 authtype=1 user=live mnc=01 proxy=193.230.161.231 name=Vodafone HTTP prepaid port=8080 mcc=226 apn=live.pre.vodafone.com type=default
01-28 20:36:40.083 D/TelephonyProvider( 1961): dbh.insertAddingDefaults: db.insert returned >= 0; insert successful for cv is_default=1 password=vodafone ppp_number=null sub_id=-1 mmsc=http://multimedia/servlets/mms numeric=22601 authtype=1 user=mms mnc=01 mmsport=8080 mmsproxy=193.230.161.231 name=Vodafone MMS prepaid mcc=226 apn=mms.pre.vodafone.ro type=mms
01-28 20:36:40.083 D/TelephonyProvider( 1961): dbh.insertAddingDefaults: db.insert returned >= 0; insert successful for cv is_default=1 password=beeline mnc=99 ppp_number=null sub_id=-1 numeric=25099 name=BeeLine Internet mcc=250 apn=internet.beeline.ru type=default,supl user=beeline
01-28 20:36:40.083 D/TelephonyProvider( 1961): dbh.insertAddingDefaults: db.insert returned >= 0; insert successful for cv is_default=1 password=beeline mnc=99 ppp_number=null sub_id=-1 proxy=192.168.17.1 numeric=25099 name=BeeLine HTTP port=8080 mcc=250 apn=wap.beeline.ru type=default user=beeline
01-28 20:36:40.083 D/TelephonyProvider( 1961): dbh.insertAddingDefaults: db.insert returned >= 0; insert successful for cv is_default=1 password=beeline ppp_number=null sub_id=-1 mmsc=http://mms/ numeric=25099 user=beeline mnc=99 mmsport=8080 mmsproxy=192.168.94.23 name=BeeLine MMS mcc=250 apn=mms.beeline.ru type=mms
01-28 20:36:40.083 D/TelephonyProvider( 1961): dbh.insertAddingDefaults: db.insert returned >= 0; insert successful for cv is_default=1 mnc=02 ppp_number=null sub_id=-1 numeric=25002 name=Megafon Internet mcc=250 apn=internet type=default,supl
01-28 20:36:40.084 D/TelephonyProvider( 1961): dbh.insertAddingDefaults: db.insert returned >= 0; insert successful for cv is_default=1 password=wap ppp_number=null sub_id=-1 numeric=25002 authtype=1 user=wap mnc=02 proxy=10.10.10.10 name=Megafon HTTP port=8080 mcc=250 apn=wap type=default
01-28 20:36:40.084 D/TelephonyProvider( 1961): dbh.insertAddingDefaults: db.insert returned >= 0; insert successful for cv is_default=1 password=mms ppp_number=null sub_id=-1 mmsc=http://mmsc:8002 numeric=25002 authtype=1 user=mms mnc=02 mmsport=8080 mmsproxy=10.10.10.10 name=Megafon MMS mcc=250 apn=mms type=mms
01-28 20:36:40.084 D/TelephonyProvider( 1961): dbh.insertAddingDefaults: db.insert returned >= 0; insert successful for cv is_default=1 password=mts mnc=01 ppp_number=null sub_id=-1 numeric=25001 name=MTS Internet mcc=250 authtype=1 apn=internet.mts.ru type=default,supl user=mts
01-28 20:36:40.084 D/TelephonyProvider( 1961): dbh.insertAddingDefaults: db.insert returned >= 0; insert successful for cv is_default=1 password=mts ppp_number=null sub_id=-1 numeric=25001 authtype=1 user=mts mnc=01 proxy=192.168.192.168 name=MTS HTTP port=8080 mcc=250 apn=wap.mts.ru type=default
01-28 20:36:40.085 D/TelephonyProvider( 1961): dbh.insertAddingDefaults: db.insert returned >= 0; insert successful for cv is_default=1 password=mts ppp_number=null sub_id=-1 mmsc=http://mmsc numeric=25001 authtype=1 user=mts mnc=01 mmsport=9201 mmsproxy=192.168.192.192 name=MTS MMS mcc=250 apn=mms.mts.ru type=mms
01-28 20:36:40.085 D/TelephonyProvider( 1961): dbh.insertAddingDefaults: db.insert returned >= 0; insert successful for cv is_default=1 mnc=20 ppp_number=null sub_id=-1 numeric=25020 name=TELE2 Internet mcc=250 apn=internet.tele2.ru type=default
01-28 20:36:40.085 D/TelephonyProvider( 1961): dbh.insertAddingDefaults: db.insert returned >= 0; insert successful for cv is_default=1 mnc=20 mmsport=8080 ppp_number=null sub_id=-1 mmsc=http://mmsc.tele2.ru mmsproxy=193.012.040.065 numeric=25020 name=TELE2 MMS mcc=250 apn=mms.tele2.ru type=mms
01-28 20:36:40.086 D/TelephonyProvider( 1961): dbh.insertAddingDefaults: db.insert returned >= 0; insert successful for cv is_default=1 mnc=03 ppp_number=null sub_id=-1 numeric=42003 name=Mobily Internet postpaid mcc=420 apn=web1 type=default,supl
01-28 20:36:40.086 D/TelephonyProvider( 1961): dbh.insertAddingDefaults: db.insert returned >= 0; insert successful for cv is_default=1 mnc=03 ppp_number=null sub_id=-1 proxy=10.3.2.133 numeric=42003 name=Mobily HTTP postpaid port=8080 mcc=420 apn=wap1 type=default
01-28 20:36:40.086 D/TelephonyProvider( 1961): dbh.insertAddingDefaults: db.insert returned >= 0; insert successful for cv is_default=1 mnc=03 mmsport=8080 ppp_number=null sub_id=-1 mmsc=http://10.3.3.133:9090/was mmsproxy=10.3.2.133 numeric=42003 name=Mobily MMS postpaid mcc=420 apn=mms1 type=mms
01-28 20:36:40.086 D/TelephonyProvider( 1961): dbh.insertAddingDefaults: db.insert returned >= 0; insert successful for cv is_default=1 mnc=03 ppp_number=null sub_id=-1 numeric=42003 name=Mobily Internet prepaid mcc=420 apn=web2 type=default,supl
01-28 20:36:40.087 D/TelephonyProvider( 1961): dbh.insertAddingDefaults: db.insert returned >= 0; insert successful for cv is_default=1 mnc=03 ppp_number=null sub_id=-1 proxy=10.3.2.133 numeric=42003 name=Mobily HTTP prepaid port=8080 mcc=420 apn=wap2 type=default
01-28 20:36:40.087 D/TelephonyProvider( 1961): dbh.insertAddingDefaults: db.insert returned >= 0; insert successful for cv is_default=1 mnc=03 mmsport=8080 ppp_number=null sub_id=-1 mmsc=http://10.3.3.133:9090/was mmsproxy=10.3.2.133 numeric=42003 name=Mobily MMS prepaid mcc=420 apn=mms2 type=mms
01-28 20:36:40.087 D/TelephonyProvider( 1961): dbh.insertAddingDefaults: db.insert returned >= 0; insert successful for cv is_default=1 mnc=01 ppp_number=null sub_id=-1 numeric=42001 name=STC Internet mcc=420 apn=jawalnet.com.sa type=default,supl
01-28 20:36:40.087 D/TelephonyProvider( 1961): dbh.insertAddingDefaults: db.insert returned >= 0; insert successful for cv is_default=1 mnc=01 ppp_number=null sub_id=-1 proxy=proxy.jawalnet.com.sa numeric=42001 name=STC HTTP port=8080 mcc=420 apn=jawalnet.com.sa type=default
01-28 20:36:40.088 D/TelephonyProvider( 1961): dbh.insertAddingDefaults: db.insert returned >= 0; insert successful for cv is_default=1 mnc=01 mmsport=8080 ppp_number=null sub_id=-1 mmsc=http://mms.net.sa:8002 mmsproxy=10.1.1.1 numeric=42001 name=STC MMS mcc=420 apn=mms.net.sa type=mms
01-28 20:36:40.088 D/TelephonyProvider( 1961): dbh.insertAddingDefaults: db.insert returned >= 0; insert successful for cv is_default=1 mnc=04 mmsport=8080 ppp_number=null sub_id=-1 mmsc=http://10.122.200.12:8002 mmsproxy=10.122.200.10 numeric=42004 name=Zain Internet mcc=420 apn=zain type=*
01-28 20:36:40.088 W/XT9IME.InputView( 1889): loadKeyboardDatabase kbEx.getKdbId()[0xffff] skipped.
01-28 20:36:40.088 D/TelephonyProvider( 1961): dbh.insertAddingDefaults: db.insert returned >= 0; insert successful for cv is_default=1 ppp_number=null sub_id=-1 mmsc=http://10.122.200.12:8002 numeric=42004 mnc=04 mmsport=8080 mmsproxy=10.122.200.10 proxy=10.122.200.10 name=Zain HTTP port=8080 mcc=420 apn=zain type=*
01-28 20:36:40.088 I/XT9IME.AlphaInputView( 1889): AlphaInputView initTrace pageNumber = 0x0
01-28 20:36:40.088 D/TelephonyProvider( 1961): dbh.insertAddingDefaults: db.insert returned >= 0; insert successful for cv is_default=1 password=064 mnc=03 ppp_number=null sub_id=-1 numeric=22003 name=mts internet mcc=220 apn=3gnet type=default,supl user=mts
01-28 20:36:40.089 D/TelephonyProvider( 1961): dbh.insertAddingDefaults: db.insert returned >= 0; insert successful for cv is_default=1 password=064 mnc=03 ppp_number=null sub_id=-1 proxy=172.017.088.198 numeric=22003 name=mts wap port=8080 mcc=220 apn=gprswap type=default user=mts
01-28 20:36:40.089 D/TelephonyProvider( 1961): dbh.insertAddingDefaults: db.insert returned >= 0; insert successful for cv is_default=1 password=064 ppp_number=null sub_id=-1 mmsc=http://mms.mts064.telekom.rs/mms/wapenc numeric=22003 user=mts mnc=03 mmsport=8080 mmsproxy=172.017.085.131 name=mts mms mcc=220 apn=mms type=mms
01-28 20:36:40.089 I/XT9IME  ( 1889): sIsHighend = true
01-28 20:36:40.089 D/TelephonyProvider( 1961): dbh.insertAddingDefaults: db.insert returned >= 0; insert successful for cv is_default=1 password=gprs mnc=01 ppp_number=null sub_id=-1 numeric=22001 name=Telenor INTERNET mcc=220 apn=internet type=default user=telenor
01-28 20:36:40.089 I/XT9IME  ( 1889): sIsHighend = true
01-28 20:36:40.089 D/TelephonyProvider( 1961): dbh.insertAddingDefaults: db.insert returned >= 0; insert successful for cv is_default=1 mnc=01 mmsport=8080 ppp_number=null sub_id=-1 mmsc=http://mms.telenor.rs/servlets/mms mmsproxy=217.65.192.33 numeric=22001 name=Telenor MMS mcc=220 apn=mms type=mms
01-28 20:36:40.090 I/XT9IME  ( 1889): sIsHighend = true
01-28 20:36:40.090 D/TelephonyProvider( 1961): dbh.insertAddingDefaults: db.insert returned >= 0; insert successful for cv is_default=1 password=vipmobile mnc=05 ppp_number=null sub_id=-1 proxy=212.15.182.82 numeric=22005 name=Vip GPRS port=8080 mcc=220 apn=vipmobile type=default,supl user=vipmobile
01-28 20:36:40.090 D/TelephonyProvider( 1961): dbh.insertAddingDefaults: db.insert returned >= 0; insert successful for cv is_default=1 password=vipmobile ppp_number=null sub_id=-1 mmsc=http://mmsc.vipmobile.rs numeric=22005 user=vipmobile mnc=05 mmsport=8080 mmsproxy=212.15.182.82 name=Vip MMS mcc=220 apn=vipmobile.mms type=mms
01-28 20:36:40.090 D/TelephonyProvider( 1961): dbh.insertAddingDefaults: db.insert returned >= 0; insert successful for cv is_default=1 password=user123 mnc=03 ppp_number=null sub_id=-1 numeric=52503 name=Sunsurf Internet mcc=525 apn=sunsurf type=default,supl user=MSISDN
01-28 20:36:40.090 D/TelephonyProvider( 1961): dbh.insertAddingDefaults: db.insert returned >= 0; insert successful for cv is_default=1 password=user123 ppp_number=null sub_id=-1 numeric=52503 authtype=1 user=MSISDN mnc=03 proxy=172.16.1.23 name=MiWorld GPRS port=8081 mcc=525 apn=miworld type=default
01-28 20:36:40.091 D/TelephonyProvider( 1961): dbh.insertAddingDefaults: db.insert returned >= 0; insert successful for cv is_default=1 password=user123 ppp_number=null sub_id=-1 mmsc=http://mmsgw:8002 numeric=52503 authtype=1 user=MSISDN mnc=03 mmsport=8080 mmsproxy=172.16.14.10 name=MiWorld MMS mcc=525 apn=miworld type=mms
01-28 20:36:40.091 D/TelephonyProvider( 1961): dbh.insertAddingDefaults: db.insert returned >= 0; insert successful for cv is_default=1 password=user123 mnc=03 ppp_number=null sub_id=-1 proxy=172.16.1.23 numeric=52503 name=MiWorld GPRS prepaid port=8081 mcc=525 apn=miworldmcard type=default user=+65
01-28 20:36:40.091 D/TelephonyProvider( 1961): dbh.insertAddingDefaults: db.insert returned >= 0; insert successful for cv is_default=1 password=user123 ppp_number=null sub_id=-1 mmsc=http://mmsgw:8002 numeric=52503 authtype=1 user=MSISDN mnc=03 mmsport=8080 mmsproxy=172.16.14.10 name=MiWorld MMS prepaid mcc=525 apn=miworldmcard type=mms
01-28 20:36:40.092 D/TelephonyProvider( 1961): dbh.insertAddingDefaults: db.insert returned >= 0; insert successful for cv is_default=1 password=user123 mnc=03 ppp_number=null sub_id=-1 numeric=52503 name=MiWorld Internet prepaid mcc=525 apn=sunsurfmcard type=default,supl user=MSISDN
01-28 20:36:40.092 D/XT9IME  ( 1889): showWindow
01-28 20:36:40.092 D/TelephonyProvider( 1961): dbh.insertAddingDefaults: db.insert returned >= 0; insert successful for cv is_default=1 mnc=01 mmsport=8080 ppp_number=null sub_id=-1 mmsc=http://mms.singtel.com:10021/mmsc mmsproxy=165.21.42.84 numeric=52501 name=Singtel (Postpaid) mcc=525 authtype=1 apn=e-ideas type=default,mms,supl
01-28 20:36:40.092 D/TelephonyProvider( 1961): dbh.insertAddingDefaults: db.insert returned >= 0; insert successful for cv is_default=1 mnc=01 mmsport=8080 ppp_number=null sub_id=-1 mmsc=http://mms.singtel.com:10021/mmsc mmsproxy=165.21.42.84 numeric=52501 name=Singtel (Prepaid) mcc=525 authtype=1 apn=hicard type=default,mms,supl
01-28 20:36:40.092 D/TelephonyProvider( 1961): dbh.insertAddingDefaults: db.insert returned >= 0; insert successful for cv is_default=1 mnc=02 ppp_number=null sub_id=-1 numeric=52502 name=SingTel Internet mcc=525 authtype=1 apn=internet type=default,supl
01-28 20:36:40.092 V/ReflectionMethods( 1646): ========ReflectionMethods.isSnapView = true ===============
01-28 20:36:40.093 D/TelephonyProvider( 1961): dbh.insertAddingDefaults: db.insert returned >= 0; insert successful for cv is_default=1 password=IDEAS ppp_number=null sub_id=-1 numeric=52502 authtype=1 user=65IDEAS mnc=02 proxy=165.21.42.84 name=SingTel HTTP port=8080 mcc=525 apn=e-ideas type=default
01-28 20:36:40.093 D/TelephonyProvider( 1961): dbh.insertAddingDefaults: db.insert returned >= 0; insert successful for cv is_default=1 password=ideas ppp_number=null sub_id=-1 mmsc=http://mms.singtel.com:10021/mmsc numeric=52502 authtype=1 user=65ideas mnc=02 mmsport=8080 mmsproxy=165.21.42.84 name=SingTel MMS mcc=525 apn=e-ideas(s) type=mms
01-28 20:36:40.093 D/TelephonyProvider( 1961): dbh.insertAddingDefaults: db.insert returned >= 0; insert successful for cv is_default=1 mnc=02 ppp_number=null sub_id=-1 numeric=52502 name=SingTel Internet prepaid mcc=525 authtype=1 apn=hicard type=default,supl
01-28 20:36:40.094 D/TelephonyProvider( 1961): dbh.insertAddingDefaults: db.insert returned >= 0; insert successful for cv is_default=1 password=ideas ppp_number=null sub_id=-1 numeric=52502 authtype=1 user=65ideas mnc=02 proxy=165.21.42.84 name=SingTel HTTP prepaid port=8080 mcc=525 apn=e-ideas(s) type=default
