01-28 20:36:40.133 D/TelephonyProvider( 1961): dbh.insertAddingDefaults: db.insert returned >= 0; insert successful for cv is_default=1 mnc=03 mmsport=8080 ppp_number=null sub_id=-1 mmsc=http://mms.du.ae mmsproxy=10.19.18.4 numeric=42403 name=du MMS mcc=424 apn=du type=mms
01-28 20:36:40.133 D/TelephonyProvider( 1961): dbh.insertAddingDefaults: db.insert returned >= 0; insert successful for cv is_default=1 mnc=02 ppp_number=null sub_id=-1 numeric=42402 name=Etisalat Internet mcc=424 apn=etisalat.ae type=default,supl
01-28 20:36:40.134 D/TelephonyProvider( 1961): dbh.insertAddingDefaults: db.insert returned >= 0; insert successful for cv is_default=1 mnc=02 mmsport=8080 ppp_number=null sub_id=-1 mmsc=http://mms/servlets/mms mmsproxy=10.12.0.30 numeric=42402 name=Etisalat MMS mcc=424 authtype=1 apn=etisalat type=mms
01-28 20:36:40.134 D/TelephonyProvider( 1961): dbh.insertAddingDefaults: db.insert returned >= 0; insert successful for cv is_default=1 mnc=20 mmsport=8799 ppp_number=null sub_id=-1 mmsc=http://mms.um.three.co.uk:10021/mmsc mmsproxy=mms.three.co.uk numeric=23420 name=3 Internet mcc=234 apn=three.co.uk type=*
01-28 20:36:40.134 D/TelephonyProvider( 1961): dbh.insertAddingDefaults: db.insert returned >= 0; insert successful for cv is_default=1 mnc=31 ppp_number=null sub_id=-1 numeric=23431 name=Virgin Media Mobile Internet mcc=234 authtype=1 apn=goto.virginmobile.uk type=default user=user
01-28 20:36:40.135 D/TelephonyProvider( 1961): dbh.insertAddingDefaults: db.insert returned >= 0; insert successful for cv is_default=1 mnc=31 mmsport=8002 ppp_number=null sub_id=-1 mmsc=http://mms.virginmobile.co.uk mmsproxy=193.030.166.002 numeric=23431 name=Virgin MMS mcc=234 apn=goto.virginmobile.uk type=default user=user
01-28 20:36:40.135 I/OpenGLRenderer( 1889): Initialized EGL, version 1.4
01-28 20:36:40.135 D/TelephonyProvider( 1961): dbh.insertAddingDefaults: db.insert returned >= 0; insert successful for cv is_default=1 mnc=31 ppp_number=null sub_id=-1 proxy=193.030.166.004 numeric=23431 name=Virgin Mobile GPRS port=8080 mcc=234 apn=goto.virginmobile.uk type=default user=user
01-28 20:36:40.135 D/TelephonyProvider( 1961): dbh.insertAddingDefaults: db.insert returned >= 0; insert successful for cv is_default=1 password=secure mnc=30 ppp_number=null sub_id=-1 numeric=23430 name=Internet mcc=234 authtype=1 apn=everywhere type=default,supl user=eesecure
01-28 20:36:40.136 D/TelephonyProvider( 1961): dbh.insertAddingDefaults: db.insert returned >= 0; insert successful for cv is_default=1 password=secure ppp_number=null sub_id=-1 mmsc=http://mms/ numeric=23430 authtype=1 user=eesecure mnc=30 mmsport=8080 mmsproxy=149.254.201.135 name=MMS mcc=234 apn=eezone type=mms
01-28 20:36:40.136 D/TelephonyProvider( 1961): dbh.insertAddingDefaults: db.insert returned >= 0; insert successful for cv is_default=1 password=secure mnc=31 ppp_number=null sub_id=-1 numeric=23431 name=Internet mcc=234 authtype=1 apn=everywhere type=default,supl user=eesecure
01-28 20:36:40.136 D/TelephonyProvider( 1961): dbh.insertAddingDefaults: db.insert returned >= 0; insert successful for cv is_default=1 password=secure ppp_number=null sub_id=-1 mmsc=http://mms/ numeric=23431 authtype=1 user=eesecure mnc=31 mmsport=8080 mmsproxy=149.254.201.135 name=MMS mcc=234 apn=eezone type=mms
01-28 20:36:40.136 D/TelephonyProvider( 1961): dbh.insertAddingDefaults: db.insert returned >= 0; insert successful for cv is_default=1 password=secure mnc=32 ppp_number=null sub_id=-1 numeric=23432 name=Internet mcc=234 authtype=1 apn=everywhere type=default,supl user=eesecure
01-28 20:36:40.137 D/TelephonyProvider( 1961): dbh.insertAddingDefaults: db.insert returned >= 0; insert successful for cv is_default=1 password=secure ppp_number=null sub_id=-1 mmsc=http://mms/ numeric=23432 authtype=1 user=eesecure mnc=32 mmsport=8080 mmsproxy=149.254.201.135 name=MMS mcc=234 apn=eezone type=mms
01-28 20:36:40.137 D/TelephonyProvider( 1961): dbh.insertAddingDefaults: db.insert returned >= 0; insert successful for cv is_default=1 password=secure mnc=33 ppp_number=null sub_id=-1 numeric=23433 name=Internet mcc=234 authtype=1 apn=everywhere type=default,supl user=eesecure
01-28 20:36:40.137 D/TelephonyProvider( 1961): dbh.insertAddingDefaults: db.insert returned >= 0; insert successful for cv is_default=1 password=secure ppp_number=null sub_id=-1 mmsc=http://mms/ numeric=23433 authtype=1 user=eesecure mnc=33 mmsport=8080 mmsproxy=149.254.201.135 name=MMS mcc=234 apn=eezone type=mms
01-28 20:36:40.137 D/TelephonyProvider( 1961): dbh.insertAddingDefaults: db.insert returned >= 0; insert successful for cv is_default=1 password=secure mnc=34 ppp_number=null sub_id=-1 numeric=23434 name=Internet mcc=234 authtype=1 apn=everywhere type=default,supl user=eesecure
01-28 20:36:40.137 D/TelephonyProvider( 1961): dbh.insertAddingDefaults: db.insert returned >= 0; insert successful for cv is_default=1 password=secure ppp_number=null sub_id=-1 mmsc=http://mms/ numeric=23434 authtype=1 user=eesecure mnc=34 mmsport=8080 mmsproxy=149.254.201.135 name=MMS mcc=234 apn=eezone type=mms
01-28 20:36:40.138 D/TelephonyProvider( 1961): dbh.insertAddingDefaults: db.insert returned >= 0; insert successful for cv is_default=1 password=password mnc=02 ppp_number=null sub_id=-1 numeric=23402 name=O2 Mobile Web mcc=234 apn=mobile.o2.co.uk type=default,supl,hipri user=o2web
01-28 20:36:40.138 D/TelephonyProvider( 1961): dbh.insertAddingDefaults: db.insert returned >= 0; insert successful for cv is_default=1 password=password ppp_number=null sub_id=-1 mmsc=http://mmsc.mms.o2.co.uk:8002 numeric=23402 user=payandgo mnc=02 mmsport=8080 mmsproxy=82.132.254.1 name=O2 Pay & Go mcc=234 apn=payandgo.o2.co.uk type=default,supl,hipri
01-28 20:36:40.138 D/TelephonyProvider( 1961): dbh.insertAddingDefaults: db.insert returned >= 0; insert successful for cv is_default=1 password=password ppp_number=null sub_id=-1 mmsc=http://mmsc.mms.o2.co.uk:8002 numeric=23402 user=o2wap mnc=02 mmsport=8080 mmsproxy=82.132.254.1 name=O2 MMS mcc=234 apn=wap.o2.co.uk type=mms
01-28 20:36:40.138 D/TelephonyProvider( 1961): dbh.insertAddingDefaults: db.insert returned >= 0; insert successful for cv is_default=1 password=password mnc=10 ppp_number=null sub_id=-1 numeric=23410 name=O2 Mobile Web mcc=234 apn=mobile.o2.co.uk type=default,supl,hipri user=o2web
01-28 20:36:40.139 D/TelephonyProvider( 1961): dbh.insertAddingDefaults: db.insert returned >= 0; insert successful for cv is_default=1 password=password ppp_number=null sub_id=-1 mmsc=http://mmsc.mms.o2.co.uk:8002 numeric=23410 user=payandgo mnc=10 mmsport=8080 mmsproxy=82.132.254.1 name=O2 Pay & Go mcc=234 apn=payandgo.o2.co.uk type=default,supl,hipri
01-28 20:36:40.139 D/TelephonyProvider( 1961): dbh.insertAddingDefaults: db.insert returned >= 0; insert successful for cv is_default=1 password=password ppp_number=null sub_id=-1 mmsc=http://mmsc.mms.o2.co.uk:8002 numeric=23410 user=o2wap mnc=10 mmsport=8080 mmsproxy=82.132.254.1 name=O2 MMS mcc=234 apn=wap.o2.co.uk type=mms
01-28 20:36:40.139 D/TelephonyProvider( 1961): dbh.insertAddingDefaults: db.insert returned >= 0; insert successful for cv is_default=1 password=password ppp_number=null sub_id=-1 mmsc=http://mmsc.mms.o2.co.uk:8002 numeric=23410 user=tescowap mnc=10 mmsport=8080 mmsproxy=193.113.200.195 server=193.113.200.195 name=Tesco WAP GPRS mcc=234 apn=prepay.tesco-mobile.com type=default,mms,supl
01-28 20:36:40.140 D/TelephonyProvider( 1961): dbh.insertAddingDefaults: db.insert returned >= 0; insert successful for cv is_default=1 password=wap ppp_number=null sub_id=-1 mmsc=http://mms.vodafone.co.uk/servlets/mms numeric=23415 user=wap mnc=15 mmsport=8799 mmsproxy=212.183.137.12 name=Contract WAP mcc=234 apn=wap.vodafone.co.uk type=default,mms,supl
01-28 20:36:40.140 D/TelephonyProvider( 1961): dbh.insertAddingDefaults: db.insert returned >= 0; insert successful for cv is_default=1 password=wap ppp_number=null sub_id=-1 mmsc=http://mms.vodafone.co.uk/servlets/mms numeric=23415 user=wap mnc=15 mmsport=8799 mmsproxy=212.183.137.12 name=PAYG WAP mcc=234 apn=pp.vodafone.co.uk type=default,mms,supl
01-28 20:36:40.140 D/TelephonyProvider( 1961): dbh.insertAddingDefaults: db.insert returned >= 0; insert successful for cv is_default=1 mnc=15 ppp_number=null sub_id=-1 numeric=23415 name=TalkTalk Internet mcc=234 apn=mobile.talktalk.co.uk type=default,supl
01-28 20:36:40.140 D/TelephonyProvider( 1961): dbh.insertAddingDefaults: db.insert returned >= 0; insert successful for cv is_default=1 mnc=15 ppp_number=null sub_id=-1 proxy=212.183.137.012 numeric=23415 name=TalkTalk WAP port=8799 mcc=234 apn=mobile.talktalk.co.uk type=default
01-28 20:36:40.141 D/TelephonyProvider( 1961): dbh.insertAddingDefaults: db.insert returned >= 0; insert successful for cv is_default=1 mnc=15 mmsport=8799 ppp_number=null sub_id=-1 mmsc=http://mms.talktalk.co.uk/servlets/mms mmsproxy=212.183.137.012 numeric=23415 name=TalkTalk MMS mcc=234 apn=mobile.talktalk.co.uk type=mms
01-28 20:36:40.141 D/TelephonyProvider( 1961): dbh.insertAddingDefaults: db.insert returned >= 0; insert successful for cv is_default=1 mvno_match_data=0affffffffff544553434f202020202020202020 password=password ppp_number=null sub_id=-1 mvno_type=gid mmsc=http://mmsc.mms.o2.co.uk:8002 numeric=23410 user=tescowap mnc=10 mmsport=8080 mmsproxy=193.113.200.195 server=193.113.200.195 name=Tesco WAP GPRS mcc=234 apn=prepay.tesco-mobile.com type=default,mms,supl
01-28 20:36:40.142 D/TelephonyProvider( 1961): dbh.insertAddingDefaults: db.insert returned >= 0; insert successful for cv is_default=1 mnc=02 ppp_number=null sub_id=-1 numeric=25502 name=Beeline Internet mcc=255 apn=internet.beeline.ua type=default,supl
01-28 20:36:40.142 D/TelephonyProvider( 1961): dbh.insertAddingDefaults: db.insert returned >= 0; insert successful for cv is_default=1 mnc=02 ppp_number=null sub_id=-1 proxy=10.11.8.18 numeric=25502 name=Beeline HTTP port=8080 mcc=255 apn=wap.beeline.ua type=default
01-28 20:36:40.142 D/TelephonyProvider( 1961): dbh.insertAddingDefaults: db.insert returned >= 0; insert successful for cv is_default=1 mnc=02 mmsport=8080 ppp_number=null sub_id=-1 mmsc=http://mms/ mmsproxy=172.29.18.192 numeric=25502 name=Beeline MMS mcc=255 apn=mms.beeline.ua type=mms
01-28 20:36:40.142 D/TelephonyProvider( 1961): dbh.insertAddingDefaults: db.insert returned >= 0; insert successful for cv is_default=1 password=internet mnc=03 ppp_number=null sub_id=-1 numeric=25503 name=Kyivstar Post Paid Internet mcc=255 authtype=1 apn=www.kyivstar.net type=default,supl user=igprs
01-28 20:36:40.142 D/TelephonyProvider( 1961): dbh.insertAddingDefaults: db.insert returned >= 0; insert successful for cv is_default=1 mnc=03 ppp_number=null sub_id=-1 numeric=25503 name=Kyivstar Pre Paid Internet mcc=255 apn=www.ab.kyivstar.net type=default,supl
01-28 20:36:40.143 D/TelephonyProvider( 1961): dbh.insertAddingDefaults: db.insert returned >= 0; insert successful for cv is_default=1 mnc=03 ppp_number=null sub_id=-1 proxy=10.10.10.10 numeric=25503 name=Kyivstar HTTP port=8080 mcc=255 apn=wap.kyivstar.net type=default
01-28 20:36:40.143 D/TelephonyProvider( 1961): dbh.insertAddingDefaults: db.insert returned >= 0; insert successful for cv is_default=1 password=mms ppp_number=null sub_id=-1 mmsc=http://mms.kyivstar.net numeric=25503 authtype=1 user=mms mnc=03 mmsport=8080 mmsproxy=10.10.10.10 name=Kyivstar MMS mcc=255 apn=mms.kyivstar.net type=mms
01-28 20:36:40.143 D/TelephonyProvider( 1961): dbh.insertAddingDefaults: db.insert returned >= 0; insert successful for cv is_default=1 mnc=03 ppp_number=null sub_id=-1 numeric=25503 name=Ace_Base G Internet mcc=255 apn=www.ab.kyivstar.net type=default,supl
01-28 20:36:40.143 D/TelephonyProvider( 1961): dbh.insertAddingDefaults: db.insert returned >= 0; insert successful for cv is_default=1 mnc=03 ppp_number=null sub_id=-1 proxy=10.10.10.10 numeric=25503 name=Ace_Base G HTTP port=8080 mcc=255 apn=wap.ab.kyivstar.net type=default
01-28 20:36:40.144 D/TelephonyProvider( 1961): dbh.insertAddingDefaults: db.insert returned >= 0; insert successful for cv is_default=1 password=mms ppp_number=null sub_id=-1 mmsc=http://mms.kyivstar.net numeric=25503 user=mms mnc=03 mmsport=8080 mmsproxy=10.10.10.10 name=Ace_Base G MMS mcc=255 apn=mms.kyivstar.net type=mms
01-28 20:36:40.144 I/SDM     (  544): HWCDisplayPrimary::ProcessBootAnimCompleted: ProcessBootAnimCompleted: cryptostate= encrypted
01-28 20:36:40.144 D/TelephonyProvider( 1961): dbh.insertAddingDefaults: db.insert returned >= 0; insert successful for cv is_default=1 mnc=03 ppp_number=null sub_id=-1 numeric=25503 name=Djuice Internet mcc=255 apn=www.djuice.com.ua type=default,supl
01-28 20:36:40.144 I/SDM     (  544): HWCDisplayPrimary::ProcessBootAnimCompleted: ProcessBootAnimCompleted: vold= trigger_restart_min_framework
01-28 20:36:40.144 D/TelephonyProvider( 1961): dbh.insertAddingDefaults: db.insert returned >= 0; insert successful for cv is_default=1 mnc=03 ppp_number=null sub_id=-1 proxy=10.10.10.10 numeric=25503 name=Djuice HTTP port=8080 mcc=255 apn=wap.djuice.com.ua type=default
01-28 20:36:40.145 D/TelephonyProvider( 1961): dbh.insertAddingDefaults: db.insert returned >= 0; insert successful for cv is_default=1 password=mms ppp_number=null sub_id=-1 mmsc=http://mms.kyivstar.net numeric=25503 authtype=1 user=djuice mnc=03 mmsport=8080 mmsproxy=10.10.10.10 name=Djuice MMS mcc=255 apn=mms.djuice.com.ua type=mms
01-28 20:36:40.145 D/VirtualKeyBackLightService( 1232): full screen state = false
01-28 20:36:40.145 D/TelephonyProvider( 1961): dbh.insertAddingDefaults: db.insert returned >= 0; insert successful for cv is_default=1 mnc=03 ppp_number=null sub_id=-1 numeric=25503 name=Mobilych Internet mcc=255 apn=www.ab.kyivstar.net type=default,supl
01-28 20:36:40.145 D/TelephonyProvider( 1961): dbh.insertAddingDefaults: db.insert returned >= 0; insert successful for cv is_default=1 mnc=03 ppp_number=null sub_id=-1 proxy=10.10.10.10 numeric=25503 name=Mobilych HTTP port=8080 mcc=255 apn=wap.ab.kyivstar.net type=default
01-28 20:36:40.145 D/TelephonyProvider( 1961): dbh.insertAddingDefaults: db.insert returned >= 0; insert successful for cv is_default=1 mnc=03 mmsport=8080 ppp_number=null sub_id=-1 mmsc=http://mms.kyivstar.net mmsproxy=10.10.10.10 numeric=25503 name=Mobilych MMS mcc=255 apn=mms.kyivstar.net type=mms
01-28 20:36:40.146 D/TelephonyProvider( 1961): dbh.insertAddingDefaults: db.insert returned >= 0; insert successful for cv is_default=1 mnc=06 ppp_number=null sub_id=-1 numeric=25506 name=life Internet mcc=255 apn=internet type=default,supl
01-28 20:36:40.146 D/TelephonyProvider( 1961): dbh.insertAddingDefaults: db.insert returned >= 0; insert successful for cv is_default=1 mnc=06 ppp_number=null sub_id=-1 proxy=212.58.162.230 numeric=25506 name=life HTTP port=8080 mcc=255 apn=wap type=default
01-28 20:36:40.146 D/TelephonyProvider( 1961): dbh.insertAddingDefaults: db.insert returned >= 0; insert successful for cv is_default=1 mnc=06 mmsport=8080 ppp_number=null sub_id=-1 mmsc=http://mms.life.com.ua/cmms/post mmsproxy=212.58.162.230 numeric=25506 name=life MMS mcc=255 apn=mms type=mms
01-28 20:36:40.146 D/TelephonyProvider( 1961): dbh.insertAddingDefaults: db.insert returned >= 0; insert successful for cv is_default=1 mnc=01 ppp_number=null sub_id=-1 numeric=25501 name=MTS Internet mcc=255 apn=internet type=default,supl
01-28 20:36:40.146 D/TelephonyProvider( 1961): dbh.insertAddingDefaults: db.insert returned >= 0; insert successful for cv is_default=1 mnc=01 ppp_number=null sub_id=-1 proxy=192.168.10.10 numeric=25501 name=MTS HTTP port=8080 mcc=255 apn=wap type=default
01-28 20:36:40.147 D/TelephonyProvider( 1961): dbh.insertAddingDefaults: db.insert returned >= 0; insert successful for cv is_default=1 mnc=01 mmsport=8080 ppp_number=null sub_id=-1 mmsc=http://mmsc:8002 mmsproxy=192.168.10.10 numeric=25501 name=MTS MMS mcc=255 apn=mms type=mms
01-28 20:36:40.147 D/TelephonyProvider( 1961): dbh.insertAddingDefaults: db.insert returned >= 0; insert successful for cv is_default=1 mnc=01 ppp_number=null sub_id=-1 numeric=25501 name=JEANS Internet mcc=255 apn=www.jeans.ua type=default,supl
01-28 20:36:40.147 D/TelephonyProvider( 1961): dbh.insertAddingDefaults: db.insert returned >= 0; insert successful for cv is_default=1 mnc=01 ppp_number=null sub_id=-1 proxy=192.168.10.10 numeric=25501 name=JEANS HTTP port=8080 mcc=255 apn=wap.jeans.ua type=default
01-28 20:36:40.147 D/TelephonyProvider( 1961): dbh.insertAddingDefaults: db.insert returned >= 0; insert successful for cv is_default=1 mnc=01 mmsport=8080 ppp_number=null sub_id=-1 mmsc=http://mmsc:8002 mmsproxy=192.168.10.10 numeric=25501 name=JEANS MMS mcc=255 apn=mms.jeans.ua type=mms
01-28 20:36:40.148 D/TelephonyProvider( 1961): dbh.insertAddingDefaults: db.insert returned >= 0; insert successful for cv is_default=1 mnc=01 ppp_number=null sub_id=-1 numeric=25501 name=MTS Internet_old mcc=255 apn=www.umc.ua type=default,supl
01-28 20:36:40.148 D/TelephonyProvider( 1961): dbh.insertAddingDefaults: db.insert returned >= 0; insert successful for cv is_default=1 mnc=07 ppp_number=null sub_id=-1 numeric=25507 name=Utel Internet mcc=255 apn=3g.utel.ua type=default,supl
01-28 20:36:40.148 I/XT9IME  ( 1889): sIsHighend = true
01-28 20:36:40.148 D/XT9IME  ( 1889): [Unbundle] Android 4.4 always add Emoji subtypes
01-28 20:36:40.148 D/XT9IME  ( 1889): [Unbundle] Android 4.4 always add Emoji subtypes
01-28 20:36:40.148 D/XT9IME  ( 1889): [Unbundle] Android 4.4 always add Emoji subtypes
01-28 20:36:40.148 D/XT9IME  ( 1889): [Unbundle] Android 4.4 always add Emoji subtypes
01-28 20:36:40.148 D/XT9IME  ( 1889): [Unbundle] Android 4.4 always add Emoji subtypes
01-28 20:36:40.148 D/XT9IME  ( 1889): [Unbundle] Android 4.4 always add Emoji subtypes
01-28 20:36:40.148 D/TelephonyProvider( 1961): dbh.insertAddingDefaults: db.insert returned >= 0; insert successful for cv is_default=1 mnc=07 mmsport=8080 ppp_number=null sub_id=-1 mmsc=http://10.212.1.4/mms/wapenc mmsproxy=10.212.3.148 numeric=25507 name=Utel MMS mcc=255 apn=3g.utel.ua type=mms
01-28 20:36:40.148 D/XT9IME  ( 1889): [Unbundle] Android 4.4 always add Emoji subtypes
01-28 20:36:40.148 D/XT9IME  ( 1889): [Unbundle] Android 4.4 always add Emoji subtypes
01-28 20:36:40.148 D/XT9IME  ( 1889): [Unbundle] Android 4.4 always add Emoji subtypes
01-28 20:36:40.148 I/XT9IME  ( 1889): sIsHighend = true
01-28 20:36:40.148 D/TelephonyProvider( 1961): dbh.insertAddingDefaults: db.insert returned >= 0; insert successful for cv is_default=1 ppp_number=null sub_id=-1 roaming_protocol=IPV4V6 mmsc=http://mmsc.mobile.att.net numeric=310070 protocol=IPV4V6 mnc=070 mmsport=80 mmsproxy=proxy.mobile.att.net name=ATT Phone mcc=310 apn=phone type=default,mms,supl,hipri,fota
01-28 20:36:40.149 D/TelephonyProvider( 1961): dbh.insertAddingDefaults: db.insert returned >= 0; insert successful for cv is_default=1 ppp_number=null sub_id=-1 roaming_protocol=IPV4V6 mmsc=http://mmsc.mobile.att.net numeric=310090 protocol=IPV4V6 mnc=090 mmsport=80 mmsproxy=proxy.mobile.att.net name=ATT Phone mcc=310 apn=phone type=default,mms,supl,hipri,fota
01-28 20:36:40.149 D/TelephonyProvider( 1961): dbh.insertAddingDefaults: db.insert returned >= 0; insert successful for cv is_default=1 mnc=150 mmsport=80 ppp_number=null sub_id=-1 mmsc=http://mmsc.aiowireless.net mmsproxy=proxy.aiowireless.net numeric=310150 name=internet mcc=310 apn=ndo type=default,mms,supl,hipri,fota
01-28 20:36:40.149 D/TelephonyProvider( 1961): dbh.insertAddingDefaults: db.insert returned >= 0; insert successful for cv is_default=1 ppp_number=null sub_id=-1 roaming_protocol=IPV4V6 mmsc=http://mmsc.mobile.att.net numeric=310170 protocol=IPV4V6 mnc=170 mmsport=80 mmsproxy=proxy.mobile.att.net name=ATT Phone mcc=310 apn=phone type=default,mms,supl,hipri,fota
01-28 20:36:40.150 D/TelephonyProvider( 1961): dbh.insertAddingDefaults: db.insert returned >= 0; insert successful for cv is_default=1 ppp_number=null sub_id=-1 roaming_protocol=IPV4V6 mmsc=http://mmsc.mobile.att.net numeric=310380 protocol=IPV4V6 mnc=380 mmsport=80 mmsproxy=proxy.mobile.att.net name=ATT Phone mcc=310 apn=phone type=default,mms,supl,hipri,fota
01-28 20:36:40.150 D/TelephonyProvider( 1961): dbh.insertAddingDefaults: db.insert returned >= 0; insert successful for cv is_default=1 ppp_number=null sub_id=-1 roaming_protocol=IPV4V6 mmsc=http://mmsc.mobile.att.net numeric=310410 protocol=IPV4V6 mnc=410 mmsport=80 mmsproxy=proxy.mobile.att.net name=ATT Phone mcc=310 apn=phone type=default,mms,supl,hipri,fota
01-28 20:36:40.150 D/TelephonyProvider( 1961): dbh.insertAddingDefaults: db.insert returned >= 0; insert successful for cv is_default=1 ppp_number=null sub_id=-1 roaming_protocol=IPV4V6 mmsc=http://mmsc.mobile.att.net numeric=310560 protocol=IPV4V6 mnc=560 mmsport=80 mmsproxy=proxy.mobile.att.net name=ATT Phone mcc=310 apn=phone type=default,mms,supl,hipri,fota
01-28 20:36:40.151 D/TelephonyProvider( 1961): dbh.insertAddingDefaults: db.insert returned >= 0; insert successful for cv is_default=1 ppp_number=null sub_id=-1 roaming_protocol=IPV4V6 mmsc=http://mmsc.mobile.att.net numeric=310680 protocol=IPV4V6 mnc=680 mmsport=80 mmsproxy=proxy.mobile.att.net name=ATT Phone mcc=310 apn=phone type=default,mms,supl,hipri,fota
01-28 20:36:40.151 D/TelephonyProvider( 1961): dbh.insertAddingDefaults: db.insert returned >= 0; insert successful for cv is_default=1 mnc=160 mmsport=80 ppp_number=null sub_id=-1 mmsc=http://mms.msg.eng.t-mobile.com/mms/wapenc numeric=310160 name=T-Mobile US LTE mcc=310 apn=fast.t-mobile.com type=default,mms,supl
01-28 20:36:40.152 D/TelephonyProvider( 1961): dbh.insertAddingDefaults: db.insert returned >= 0; insert successful for cv is_default=1 mnc=200 mmsport=80 ppp_number=null sub_id=-1 mmsc=http://mms.msg.eng.t-mobile.com/mms/wapenc numeric=310200 name=T-Mobile US LTE mcc=310 apn=fast.t-mobile.com type=default,mms,supl
01-28 20:36:40.152 D/TelephonyProvider( 1961): dbh.insertAddingDefaults: db.insert returned >= 0; insert successful for cv is_default=1 mnc=210 mmsport=80 ppp_number=null sub_id=-1 mmsc=http://mms.msg.eng.t-mobile.com/mms/wapenc numeric=310210 name=T-Mobile US LTE mcc=310 apn=fast.t-mobile.com type=default,mms,supl
01-28 20:36:40.152 D/TelephonyProvider( 1961): dbh.insertAddingDefaults: db.insert returned >= 0; insert successful for cv is_default=1 mnc=220 mmsport=80 ppp_number=null sub_id=-1 mmsc=http://mms.msg.eng.t-mobile.com/mms/wapenc numeric=310220 name=T-Mobile US LTE mcc=310 apn=fast.t-mobile.com type=default,mms,supl
01-28 20:36:40.152 D/TelephonyProvider( 1961): dbh.insertAddingDefaults: db.insert returned >= 0; insert successful for cv is_default=1 mnc=230 mmsport=80 ppp_number=null sub_id=-1 mmsc=http://mms.msg.eng.t-mobile.com/mms/wapenc numeric=310230 name=T-Mobile US LTE mcc=310 apn=fast.t-mobile.com type=default,mms,supl
01-28 20:36:40.153 D/TelephonyProvider( 1961): dbh.insertAddingDefaults: db.insert returned >= 0; insert successful for cv is_default=1 mnc=240 mmsport=80 ppp_number=null sub_id=-1 mmsc=http://mms.msg.eng.t-mobile.com/mms/wapenc numeric=310240 name=T-Mobile US LTE mcc=310 apn=fast.t-mobile.com type=default,mms,supl
01-28 20:36:40.153 D/TelephonyProvider( 1961): dbh.insertAddingDefaults: db.insert returned >= 0; insert successful for cv is_default=1 mnc=250 mmsport=80 ppp_number=null sub_id=-1 mmsc=http://mms.msg.eng.t-mobile.com/mms/wapenc numeric=310250 name=T-Mobile US LTE mcc=310 apn=fast.t-mobile.com type=default,mms,supl
01-28 20:36:40.153 D/TelephonyProvider( 1961): dbh.insertAddingDefaults: db.insert returned >= 0; insert successful for cv is_default=1 mnc=26 mmsport=80 ppp_number=null sub_id=-1 mmsc=http://mms.msg.eng.t-mobile.com/mms/wapenc numeric=31026 name=T-Mobile US LTE mcc=310 apn=fast.t-mobile.com type=default,mms,supl
01-28 20:36:40.153 D/TelephonyProvider( 1961): dbh.insertAddingDefaults: db.insert returned >= 0; insert successful for cv is_default=1 mnc=260 mmsport=80 ppp_number=null sub_id=-1 mmsc=http://mms.msg.eng.t-mobile.com/mms/wapenc numeric=310260 name=T-Mobile US LTE mcc=310 apn=fast.t-mobile.com type=default,mms,supl
01-28 20:36:40.153 D/TelephonyProvider( 1961): dbh.insertAddingDefaults: db.insert returned >= 0; insert successful for cv is_default=1 mnc=270 mmsport=80 ppp_number=null sub_id=-1 mmsc=http://mms.msg.eng.t-mobile.com/mms/wapenc numeric=310270 name=T-Mobile US LTE mcc=310 apn=fast.t-mobile.com type=default,mms,supl
01-28 20:36:40.154 D/TelephonyProvider( 1961): dbh.insertAddingDefaults: db.insert returned >= 0; insert successful for cv is_default=1 mnc=31 mmsport=80 ppp_number=null sub_id=-1 mmsc=http://mms.msg.eng.t-mobile.com/mms/wapenc numeric=31031 name=T-Mobile US LTE mcc=310 apn=fast.t-mobile.com type=default,mms,supl
01-28 20:36:40.154 D/TelephonyProvider( 1961): dbh.insertAddingDefaults: db.insert returned >= 0; insert successful for cv is_default=1 mnc=660 mmsport=80 ppp_number=null sub_id=-1 mmsc=http://mms.msg.eng.t-mobile.com/mms/wapenc numeric=310660 name=T-Mobile US LTE mcc=310 apn=fast.t-mobile.com type=default,mms,supl
01-28 20:36:40.155 D/TelephonyProvider( 1961): dbh.insertAddingDefaults: db.insert returned >= 0; insert successful for cv is_default=1 mvno_match_data=50 mnc=380 ppp_number=null sub_id=-1 mvno_type=gid numeric=310380 name=AGMS Global mcc=310 apn=agms.nl.gmm type=default,supl
01-28 20:36:40.155 D/TelephonyProvider( 1961): dbh.insertAddingDefaults: db.insert returned >= 0; insert successful for cv is_default=1 mvno_match_data=50 mnc=65 ppp_number=null sub_id=-1 mvno_type=gid numeric=20465 name=AGMS NL mcc=204 apn=agms.nl.gmm type=default,supl
01-28 20:36:40.155 D/TelephonyProvider( 1961): dbh.insertAddingDefaults: db.insert returned >= 0; insert successful for cv is_default=1 password=mms mnc=00 ppp_number=null sub_id=-1 numeric=45200 name=Mobifone Internet mcc=452 apn=m-wap type=default,supl user=mms
01-28 20:36:40.155 D/TelephonyProvider( 1961): dbh.insertAddingDefaults: db.insert returned >= 0; insert successful for cv is_default=1 password=mms ppp_number=null sub_id=-1 mmsc=http://203.162.21.114/mmsc numeric=45200 user=mms mnc=00 mmsport=3130 mmsproxy=203.162.21.114 name=Mobifone MMS mcc=452 apn=m-i090 type=mms
01-28 20:36:40.156 D/TelephonyProvider( 1961): dbh.insertAddingDefaults: db.insert returned >= 0; insert successful for cv is_default=1 password=wap mnc=00 ppp_number=null sub_id=-1 proxy=203.162.21.114 numeric=45200 name=Mobifone CSD port=8000 mcc=452 apn=998 type=default user=wap
01-28 20:36:40.156 D/TelephonyProvider( 1961): dbh.insertAddingDefaults: db.insert returned >= 0; insert successful for cv is_default=1 password=mms mnc=01 ppp_number=null sub_id=-1 numeric=45201 name=Mobifone Internet mcc=452 apn=m-wap type=default,supl user=mms
01-28 20:36:40.156 D/TelephonyProvider( 1961): dbh.insertAddingDefaults: db.insert returned >= 0; insert successful for cv is_default=1 password=mms ppp_number=null sub_id=-1 mmsc=http://203.162.21.114/mmsc numeric=45201 user=mms mnc=01 mmsport=3130 mmsproxy=203.162.21.114 name=Mobifone MMS mcc=452 apn=m-i090 type=mms
01-28 20:36:40.156 D/TelephonyProvider( 1961): dbh.insertAddingDefaults: db.insert returned >= 0; insert successful for cv is_default=1 password=wap mnc=01 ppp_number=null sub_id=-1 proxy=203.162.21.114 numeric=45201 name=Mobifone CSD port=8000 mcc=452 apn=998 type=default user=wap
01-28 20:36:40.157 D/TelephonyProvider( 1961): dbh.insertAddingDefaults: db.insert returned >= 0; insert successful for cv is_default=1 mnc=04 ppp_number=null sub_id=-1 numeric=45204 name=Viettel Internet mcc=452 apn=v-internet type=default,supl
01-28 20:36:40.157 D/TelephonyProvider( 1961): dbh.insertAddingDefaults: db.insert returned >= 0; insert successful for cv is_default=1 mnc=04 ppp_number=null sub_id=-1 proxy=192.168.233.10 numeric=45204 name=Viettel HTTP port=8080 mcc=452 apn=v-wap type=default
01-28 20:36:40.157 D/TelephonyProvider( 1961): dbh.insertAddingDefaults: db.insert returned >= 0; insert successful for cv is_default=1 mnc=04 mmsport=8080 ppp_number=null sub_id=-1 mmsc=http://mms.viettelmobile.com.vn/mms/wapenc mmsproxy=192.168.233.10 numeric=45204 name=Viettel MMS mcc=452 apn=v-mms type=mms
01-28 20:36:40.157 D/TelephonyProvider( 1961): dbh.insertAddingDefaults: db.insert returned >= 0; insert successful for cv is_default=1 password=mms mnc=02 ppp_number=null sub_id=-1 numeric=45202 name=Vinaphone HTTP mcc=452 apn=m3-world type=default,supl user=mms
01-28 20:36:40.157 D/TelephonyProvider( 1961): dbh.insertAddingDefaults: db.insert returned >= 0; insert successful for cv is_default=1 password=mms ppp_number=null sub_id=-1 mmsc=http://mms.vinaphone.com.vn numeric=45202 user=mms mnc=02 mmsport=8000 mmsproxy=10.1.10.46 name=Vinaphone MMS mcc=452 apn=m3-mms type=mms
01-28 20:36:40.161 D/TelephonyProvider( 1961): dbh.insertAddingDefaults: db.insert returned >= 0; insert successful for cv is_default=1 password=vinaphone mnc=02 ppp_number=null sub_id=-1 proxy=203.162.21.203 numeric=45202 name=Vinaphone CSD port=8000 mcc=452 apn=999 type=default user=vinaphone
01-28 20:36:40.163 D/VirtualKeyBackLightService( 1232): full screen state = false
01-28 20:36:40.164 D/TelephonyProvider( 1961): dbh.insertAddingDefaults: db.insert returned >= 0; insert successful for cv is_default=1 protocol=IPV4V6 mnc=05 ppp_number=null sub_id=-1 numeric=45205 name=Vietnamobile mcc=452 apn=internet type=default,supl
01-28 20:36:40.166 D/TelephonyProvider( 1961): Regional apns file not found
01-28 20:36:40.166 D/TelephonyProvider( 1961): initDatabase: deleting USER_DELETED and replacing DELETED_BUT_PRESENT_IN_XML with DELETED
01-28 20:36:40.172 D/TelephonyProvider( 1961): dbh.initDatabase:- db=SQLiteDatabase: /data/user/0/com.android.providers.telephony/databases/telephony.db
01-28 20:36:40.172 D/TelephonyProvider( 1961): dbh.initDatabase: AMAX++ db=SQLiteDatabase: /data/user/0/com.android.providers.telephony/databases/telephony.db
01-28 20:36:40.172 D/TelephonyProvider( 1961): dbh.initDatabase: AMAX++ newBuildId = MMB29P, oldBuildId = MMB29P
01-28 20:36:40.172 D/TelephonyProvider( 1961): dbh.initDatabase: AMAX+-
01-28 20:36:40.173 D/VirtualKeyBackLightService( 1232): full screen state = false
01-28 20:36:40.173 D/VirtualKeyBackLightService( 1232): full screen state = false
01-28 20:36:40.174 D/TelephonyProvider( 1961): AMAX restoreUserApn: user apn count = 0
01-28 20:36:40.174 D/SystemMonitorService( 1232): FocusApp service state is binding. Send message later
01-28 20:36:40.175 D/TelephonyProvider( 1961): AMAX restorePreferApn: prefer apn count = 0
01-28 20:36:40.175 D/TelephonyProvider( 1961): dbh.initDatabase: AMAX--
01-28 20:36:40.176 D/TelephonyProvider( 1961): onCreate:- ret true
01-28 20:36:40.178 I/SDM     (  544): HWCDisplayPrimary::ProcessBootAnimCompleted: ProcessBootAnimCompleted: cryptostate= encrypted
01-28 20:36:40.178 I/SDM     (  544): HWCDisplayPrimary::ProcessBootAnimCompleted: ProcessBootAnimCompleted: vold= trigger_restart_min_framework
01-28 20:36:40.179 D/VirtualKeyBackLightService( 1232): full screen state = false
01-28 20:36:40.194 I/SDM     (  544): HWCDisplayPrimary::ProcessBootAnimCompleted: ProcessBootAnimCompleted: cryptostate= encrypted
01-28 20:36:40.194 I/SDM     (  544): HWCDisplayPrimary::ProcessBootAnimCompleted: ProcessBootAnimCompleted: vold= trigger_restart_min_framework
01-28 20:36:40.211 I/SDM     (  544): HWCDisplayPrimary::ProcessBootAnimCompleted: ProcessBootAnimCompleted: cryptostate= encrypted
01-28 20:36:40.211 I/SDM     (  544): HWCDisplayPrimary::ProcessBootAnimCompleted: ProcessBootAnimCompleted: vold= trigger_restart_min_framework
01-28 20:36:40.265 D/[TELESERVICE][PhoneApp]( 1961): onCreate()
01-28 20:36:40.265 D/[TELESERVICE][PhoneApp]( 1961): onCreate(): my used id is 0
01-28 20:36:40.277 I/SDM     (  544): HWCDisplayPrimary::ProcessBootAnimCompleted: ProcessBootAnimCompleted: cryptostate= encrypted
01-28 20:36:40.277 I/SDM     (  544): HWCDisplayPrimary::ProcessBootAnimCompleted: ProcessBootAnimCompleted: vold= trigger_restart_min_framework
01-28 20:36:40.279 V/PhoneGlobals( 1961): onCreate()...
01-28 20:36:40.280 D/[TELESERVICE][AsusPhoneUtils]( 1961): checkDeviceTotalRAM(): sDeviceTotalRAM = 2994442240
01-28 20:36:40.281 D/[TELESERVICE][AsusPhoneUtils]( 1961): FotaToAndroidL(): isFotaToAndroidLDone = 0
01-28 20:36:40.282 D/[TELESERVICE][AsusPhoneUtils]( 1961): FotaToAndroidL(): alertType = 0
01-28 20:36:40.284 D/[TELESERVICE][AsusPhoneUtils]( 1961): FotaToAndroidL(): iMultiSimVoiceCall = -1
01-28 20:36:40.284 D/[TELESERVICE][AsusPhoneUtils]( 1961): FotaToAndroidL(): iMobileDataSim = -1
01-28 20:36:40.284 D/[TELESERVICE][AsusPhoneUtils]( 1961): FotaToAndroidL(): iMultiSimPrompt = 1
01-28 20:36:40.285 D/[TELESERVICE][AsusPhoneUtils]( 1961): FotaToAndroidL(): iPreferNetworkType = -1
01-28 20:36:40.327 D/VirtualKeyBackLightService( 1232): full screen state = false
01-28 20:36:40.328 I/SDM     (  544): HWCDisplayPrimary::ProcessBootAnimCompleted: ProcessBootAnimCompleted: cryptostate= encrypted
01-28 20:36:40.328 I/SDM     (  544): HWCDisplayPrimary::ProcessBootAnimCompleted: ProcessBootAnimCompleted: vold= trigger_restart_min_framework
01-28 20:36:40.330 D/VirtualKeyBackLightService( 1232): full screen state = false
01-28 20:36:40.345 I/SDM     (  544): HWCDisplayPrimary::ProcessBootAnimCompleted: ProcessBootAnimCompleted: cryptostate= encrypted
01-28 20:36:40.345 I/SDM     (  544): HWCDisplayPrimary::ProcessBootAnimCompleted: ProcessBootAnimCompleted: vold= trigger_restart_min_framework
01-28 20:36:40.358 D/TelephonyProvider( 1961): query: url=content://telephony/carriers, projectionIn=null, selection=type="emergency"selectionArgs=null, sort=null
01-28 20:36:40.359 D/TelephonyProvider( 1961): query(): match = 1
01-28 20:36:40.359 D/TelephonyProvider( 1961): query: selection modified to type="emergency" and edited!=2 and edited!=3 and edited!=5 and edited!=6
01-28 20:36:40.382 D/MmsSmsDatabaseHelper( 1961): createMmsTables
01-28 20:36:40.383 D/KeyguardUpdateMonitor( 1646): received broadcast android.intent.action.SIM_STATE_CHANGED
01-28 20:36:40.384 D/KeyguardUpdateMonitor( 1646): sim slot:0
01-28 20:36:40.384 D/KeyguardUpdateMonitor( 1646): stateExtra:NOT_READY
01-28 20:36:40.384 V/KeyguardUpdateMonitor( 1646): action android.intent.action.SIM_STATE_CHANGED state: NOT_READY slotId: 0 subid: 2147483643
01-28 20:36:40.384 D/KeyguardUpdateMonitor( 1646): handleSimStateChange(subId=2147483643, slotId=0, state=NOT_READY)
01-28 20:36:40.384 W/Settings( 1646): Setting airplane_mode_on has moved from android.provider.Settings.System to android.provider.Settings.Global, returning read-only value.
01-28 20:36:40.385 D/MmsSmsDatabaseHelper( 1961): createSmsTables
01-28 20:36:40.385 D/NetworkController( 1646): onReceive: intent=Intent { act=android.intent.action.SIM_STATE_CHANGED flg=0x4000010 (has extras) }
01-28 20:36:40.385 D/KeyguardUpdateMonitor( 1646): mSimActive[0]: true
01-28 20:36:40.385 D/KeyguardUpdateMonitor( 1646): mSimActive[1]: true
01-28 20:36:40.385 D/CarrierText( 1646): updateCarrierText(): 0
01-28 20:36:40.387 D/NetworkController( 1646): hasCorrectMobileControllers true
01-28 20:36:40.388 D/QC_RIL_OEM_HOOK( 1961): Starting QcrilMsgTunnel Service
01-28 20:36:40.388 D/MmsSmsDatabaseHelper( 1961): createCommonTables
01-28 20:36:40.389 D/MmsSmsDatabaseHelper( 1961): createCommonTriggers
01-28 20:36:40.393 D/MmsSmsDatabaseHelper( 1961): createMmsTriggers
01-28 20:36:40.399 I/ActivityManager( 1232): Start proc 2079:com.qualcomm.qcrilmsgtunnel/1001 for service com.qualcomm.qcrilmsgtunnel/.QcrilMsgTunnelService
01-28 20:36:40.400 D/QC_RIL_OEM_HOOK( 1961): The QcrilMsgTunnelService will be connected soon 
01-28 20:36:40.400 D/QC_RIL_OEM_HOOK( 1961): Registering for intent ACTION_UNSOL_RESPONSE_OEM_HOOK_RAW
01-28 20:36:40.401 D/MmsSmsDatabaseHelper( 1961): createWordsTables
01-28 20:36:40.403 E/SQLiteLog( 1961): (1) trigger mms_words_update already exists
01-28 20:36:40.404 E/MmsSmsDatabaseHelper( 1961): got exception creating words table: android.database.sqlite.SQLiteException: trigger mms_words_update already exists (code 1): , while compiling: CREATE TRIGGER mms_words_update AFTER UPDATE ON part BEGIN UPDATE words  SET index_text = NEW.text WHERE (source_id=NEW._id AND table_to_use=2);  END;
01-28 20:36:40.404 D/MmsSmsDatabaseHelper( 1961): createIndices
01-28 20:36:40.407 D/MmsSmsDatabaseHelper( 1961): Shared Preference Created with name:  upgradeSmsMmsDb
01-28 20:36:40.414 D/TelephonyProvider( 1961): query: url=content://telephony/carriers, projectionIn=null, selection=type="emergency"selectionArgs=null, sort=null
01-28 20:36:40.414 D/TelephonyProvider( 1961): query(): match = 1
01-28 20:36:40.414 D/TelephonyProvider( 1961): query: selection modified to type="emergency" and edited!=2 and edited!=3 and edited!=5 and edited!=6
01-28 20:36:40.427 I/SDM     (  544): HWCDisplayPrimary::ProcessBootAnimCompleted: ProcessBootAnimCompleted: cryptostate= encrypted
01-28 20:36:40.427 I/SDM     (  544): HWCDisplayPrimary::ProcessBootAnimCompleted: ProcessBootAnimCompleted: vold= trigger_restart_min_framework
01-28 20:36:40.428 D/NetworkController( 1646): onReceive: intent=Intent { act=android.intent.action.SIM_STATE_CHANGED flg=0x4000010 (has extras) }
01-28 20:36:40.429 D/NetworkController( 1646): hasCorrectMobileControllers true
01-28 20:36:40.431 E/DcSwitchStateMachine-0( 1961): DctController is not ready
01-28 20:36:40.432 E/ConnectivityService( 1232): Failed to find Messenger in unregisterNetworkFactory
01-28 20:36:40.433 D/ConnectivityService( 1232): Got NetworkFactory Messenger for Telephony
01-28 20:36:40.434 E/DcSwitchStateMachine-1( 1961): DctController is not ready
01-28 20:36:40.434 E/ConnectivityService( 1232): Failed to find Messenger in unregisterNetworkFactory
01-28 20:36:40.435 D/ConnectivityService( 1232): Got NetworkFactory Messenger for Telephony
01-28 20:36:40.438 D/SmsApplication( 1961): defaultSMSPackage=com.android.messaging
01-28 20:36:40.447 D/CarrierText( 1646): simState[0] = UNKNOWN, simState[1] = UNKNOWN
01-28 20:36:40.447 D/CarrierText( 1646): hasTwoSimCard--true
01-28 20:36:40.447 D/CarrierText( 1646): simState[0] = UNKNOWN, simState[1] = UNKNOWN
01-28 20:36:40.448 D/CarrierText( 1646): displayText--
01-28 20:36:40.448 D/KeyguardViewMediator( 1646): onSimStateChanged(subId=2147483643, slotId=0,state=NOT_READY)
01-28 20:36:40.449 W/Settings( 1646): Setting airplane_mode_on has moved from android.provider.Settings.System to android.provider.Settings.Global, returning read-only value.
01-28 20:36:40.449 D/KeyguardViewMediator( 1646): onSimStateChanged get simstate: NOT_READY ,current sim state: UNKNOWN , and isSimSetup: true , is airplane mode on: true , rilRestart: 0
01-28 20:36:40.449 D/KeyguardViewMediator( 1646): ICC_ABSENT isn't showing, we need to show the keyguard since the device isn't provisioned yet.
01-28 20:36:40.450 D/KeyguardViewMediator( 1646): doKeyguard: not showing because device isn't provisioned and the sim is not locked or missing
01-28 20:36:40.450 D/KeyguardUpdateMonitor( 1646): received broadcast android.intent.action.SIM_STATE_CHANGED
01-28 20:36:40.450 D/KeyguardUpdateMonitor( 1646): sim slot:1
01-28 20:36:40.450 D/KeyguardUpdateMonitor( 1646): stateExtra:NOT_READY
01-28 20:36:40.450 V/KeyguardUpdateMonitor( 1646): action android.intent.action.SIM_STATE_CHANGED state: NOT_READY slotId: 1 subid: 2147483644
01-28 20:36:40.450 D/KeyguardUpdateMonitor( 1646): handleSimStateChange(subId=2147483644, slotId=1, state=NOT_READY)
01-28 20:36:40.450 W/Settings( 1646): Setting airplane_mode_on has moved from android.provider.Settings.System to android.provider.Settings.Global, returning read-only value.
01-28 20:36:40.450 D/KeyguardUpdateMonitor( 1646): mSimActive[0]: true
01-28 20:36:40.450 D/KeyguardUpdateMonitor( 1646): mSimActive[1]: true
01-28 20:36:40.450 D/CarrierText( 1646): updateCarrierText(): 0
01-28 20:36:40.450 D/[TELESERVICE][CallController]( 1961): CallController constructor: app = com.android.phone.PhoneGlobals@2e9129
01-28 20:36:40.451 D/CarrierText( 1646): simState[0] = UNKNOWN, simState[1] = UNKNOWN
01-28 20:36:40.451 D/CarrierText( 1646): hasTwoSimCard--true
01-28 20:36:40.451 D/CarrierText( 1646): simState[0] = UNKNOWN, simState[1] = UNKNOWN
01-28 20:36:40.452 D/CarrierText( 1646): displayText--
01-28 20:36:40.452 D/KeyguardViewMediator( 1646): onSimStateChanged(subId=2147483644, slotId=1,state=NOT_READY)
01-28 20:36:40.453 W/Settings( 1646): Setting airplane_mode_on has moved from android.provider.Settings.System to android.provider.Settings.Global, returning read-only value.
01-28 20:36:40.453 D/KeyguardViewMediator( 1646): onSimStateChanged get simstate: NOT_READY ,current sim state: UNKNOWN , and isSimSetup: true , is airplane mode on: true , rilRestart: 0
01-28 20:36:40.453 D/KeyguardViewMediator( 1646): ICC_ABSENT isn't showing, we need to show the keyguard since the device isn't provisioned yet.
01-28 20:36:40.453 D/KeyguardViewMediator( 1646): doKeyguard: not showing because device isn't provisioned and the sim is not locked or missing
01-28 20:36:40.453 E/ActivityThread( 1961): Failed to find provider info for com.android.contacts
01-28 20:36:40.453 W/CallerInfoCache( 1961): cursor is null
01-28 20:36:40.454 D/PhoneInterfaceManager( 1961): [PhoneIntfMgr] publish: com.android.phone.PhoneInterfaceManager@83a4a4f
01-28 20:36:40.456 D/CarrierConfigLoader( 1961): CarrierConfigLoader has started
01-28 20:36:40.458 D/BluetoothManagerService( 1232): Message: 20
01-28 20:36:40.458 D/BluetoothManagerService( 1232): Added callback: android.bluetooth.IBluetoothManagerCallback$Stub$Proxy@58e7560:true
01-28 20:36:40.458 D/BluetoothManagerService( 1232): Message: 30
01-28 20:36:40.459 E/BluetoothHeadset( 1961): Could not bind to Bluetooth Headset Service with Intent { act=android.bluetooth.IBluetoothHeadset }
01-28 20:36:40.460 D/[TELESERVICE][AsusPhoneUtils]( 1961): isATT(): sku=WW
01-28 20:36:40.460 D/[TELESERVICE][AsusPhoneUtils]( 1961): isATT(): name=WW_Phone
01-28 20:36:40.460 D/CallNotifier( 1961): [CORE][NOTIFIER] CallNotifier Constructor: Not AT&T => do not registerForMobilityRejected
01-28 20:36:40.465 D/[TELESERVICE][SimBroadcastReceiver]( 1961): [SIM] addListener(): mListeners [], listener com.android.phone.PhoneGlobals@2e9129
01-28 20:36:40.465 D/[TELESERVICE][SimBroadcastReceiver]( 1961): [SIM] addListener(): listener com.android.phone.PhoneGlobals@2e9129
01-28 20:36:40.466 D/TeleService( 1961): PhoneGlobals: onSimStateChange() state: 
01-28 20:36:40.476 D/PhoneGlobals( 1961): onCreate(): mBoolCompletetrue
01-28 20:36:40.477 V/PhoneGlobals( 1961): [mPhoneStateListener] initPhoneStateListener, i = 0SUCCESS
01-28 20:36:40.478 V/PhoneGlobals( 1961): [mPhoneStateListener] initPhoneStateListener, i = 1SUCCESS
01-28 20:36:40.478 D/[TELESERVICE][AsusPhoneUtils]( 1961): isVerizon(): ret = false
01-28 20:36:40.481 D/Telecom ( 1232): [TELECOM][TelecomServiceImpl]: getCurrentTtyMode callingPackage = com.android.phone
01-28 20:36:40.482 D/Telecom ( 1232): [TELECOM][TelecomServiceImpl]: canReadPhoneState callingPackage = com.android.phone
01-28 20:36:40.482 D/Telecom ( 1232): [TELECOM][TelecomServiceImpl]: isPrivilegedDialerCalling = com.android.phone
01-28 20:36:40.483 I/Telephony( 1961): TtyManager: updateUiTtyMode -1 -> 0
01-28 20:36:40.484 D/Telecom ( 1232): [TELECOM][TelecomServiceImpl]: getCurrentTtyMode callingPackage = com.android.phone
01-28 20:36:40.484 D/Telecom ( 1232): [TELECOM][TelecomServiceImpl]: canReadPhoneState callingPackage = com.android.phone
01-28 20:36:40.484 D/Telecom ( 1232): [TELECOM][TelecomServiceImpl]: isPrivilegedDialerCalling = com.android.phone
01-28 20:36:40.486 I/Telephony( 1961): TtyManager: updateUiTtyMode -1 -> 0
01-28 20:36:40.492 V/ConfigResourceUtil( 1961): resourceName = config_spn_display_control resourceId = 2130837514resourceValue = false
01-28 20:36:40.493 D/NetworkController( 1646): onReceive: intent=Intent { act=android.provider.Telephony.SPN_STRINGS_UPDATED flg=0x4000010 (has extras) }
01-28 20:36:40.494 D/NetworkController( 1646): hasCorrectMobileControllers true
01-28 20:36:40.495 V/KeyguardUpdateMonitor( 1646): onSubscriptionInfoChanged()
01-28 20:36:40.496 V/KeyguardUpdateMonitor( 1646): onSubscriptionInfoChanged: list is null
01-28 20:36:40.496 D/NetworkController( 1646): hasCorrectMobileControllers true
01-28 20:36:40.497 D/CarrierText( 1646): updateCarrierText(): 0
01-28 20:36:40.497 D/NetworkController( 1646): onReceive: intent=Intent { act=android.intent.action.ACTION_SUBINFO_RECORD_UPDATED flg=0x10 }
01-28 20:36:40.497 D/CarrierText( 1646): simState[0] = UNKNOWN, simState[1] = UNKNOWN
01-28 20:36:40.497 D/CarrierText( 1646): hasTwoSimCard--true
01-28 20:36:40.498 D/NetworkController( 1646): hasCorrectMobileControllers true
01-28 20:36:40.498 D/CarrierText( 1646): simState[0] = UNKNOWN, simState[1] = UNKNOWN
01-28 20:36:40.499 D/CarrierText( 1646): Getting plmn/spn sticky brdcst /
01-28 20:36:40.499 D/CarrierText( 1646): displayText--
01-28 20:36:40.499 V/KeyguardUpdateMonitor( 1646): onSubscriptionInfoChanged()
01-28 20:36:40.499 D/NetworkController( 1646): onReceive: intent=Intent { act=android.intent.action.ACTION_SUBINFO_RECORD_UPDATED flg=0x10 }
01-28 20:36:40.500 V/KeyguardUpdateMonitor( 1646): onSubscriptionInfoChanged: list is null
01-28 20:36:40.501 D/CarrierText( 1646): updateCarrierText(): 0
01-28 20:36:40.501 D/CarrierText( 1646): simState[0] = UNKNOWN, simState[1] = UNKNOWN
01-28 20:36:40.501 D/CarrierText( 1646): hasTwoSimCard--true
01-28 20:36:40.501 D/CarrierText( 1646): simState[0] = UNKNOWN, simState[1] = UNKNOWN
01-28 20:36:40.502 D/NetworkController( 1646): onReceive: intent=Intent { act=android.intent.action.SERVICE_STATE flg=0x10 (has extras) }
01-28 20:36:40.502 D/CarrierText( 1646): Getting plmn/spn sticky brdcst /
01-28 20:36:40.503 D/CarrierText( 1646): displayText--
01-28 20:36:40.503 D/KeyguardUpdateMonitor( 1646): received broadcast android.intent.action.SERVICE_STATE
01-28 20:36:40.503 V/KeyguardUpdateMonitor( 1646): action android.intent.action.SERVICE_STATE serviceState=3 3 voice home data home null null null null null null  Unknown Unknown CSS not supported -1 -1 RoamInd=-1 DefRoamInd=-1 EmergOnly=false IsDataRoamingFromRegistration=false subId=2147483643
01-28 20:36:40.503 D/KeyguardUpdateMonitor( 1646): handleServiceStateChange(subId=2147483643, serviceState=3 3 voice home data home null null null null null null  Unknown Unknown CSS not supported -1 -1 RoamInd=-1 DefRoamInd=-1 EmergOnly=false IsDataRoamingFromRegistration=false
01-28 20:36:40.503 D/CarrierText( 1646): updateCarrierText(): 0
01-28 20:36:40.504 D/CarrierText( 1646): simState[0] = UNKNOWN, simState[1] = UNKNOWN
01-28 20:36:40.504 D/CarrierText( 1646): hasTwoSimCard--true
01-28 20:36:40.504 D/CarrierText( 1646): simState[0] = UNKNOWN, simState[1] = UNKNOWN
01-28 20:36:40.505 D/CarrierText( 1646): Getting plmn/spn sticky brdcst /
01-28 20:36:40.506 D/CarrierText( 1646): displayText--
01-28 20:36:40.558 V/ConfigResourceUtil( 1961): resourceName = config_spn_display_control resourceId = 2130837514resourceValue = false
01-28 20:36:40.569 I/ActivityManager( 1232): Start proc 2116:org.codeaurora.ims/1001 for broadcast org.codeaurora.ims/.ImsServiceAutoboot
01-28 20:36:40.570 D/NetworkController( 1646): onReceive: intent=Intent { act=android.provider.Telephony.SPN_STRINGS_UPDATED flg=0x4000010 (has extras) }
01-28 20:36:40.571 D/NetworkController( 1646): hasCorrectMobileControllers true
01-28 20:36:40.572 V/KeyguardUpdateMonitor( 1646): onSubscriptionInfoChanged()
01-28 20:36:40.573 V/KeyguardUpdateMonitor( 1646): onSubscriptionInfoChanged: list is null
01-28 20:36:40.573 D/NetworkController( 1646): hasCorrectMobileControllers true
01-28 20:36:40.573 D/NetworkController( 1646): onReceive: intent=Intent { act=android.intent.action.ACTION_SUBINFO_RECORD_UPDATED flg=0x10 }
01-28 20:36:40.574 D/CarrierText( 1646): updateCarrierText(): 0
01-28 20:36:40.575 D/CarrierText( 1646): simState[0] = UNKNOWN, simState[1] = UNKNOWN
01-28 20:36:40.575 D/CarrierText( 1646): hasTwoSimCard--true
01-28 20:36:40.575 D/CarrierText( 1646): simState[0] = UNKNOWN, simState[1] = UNKNOWN
01-28 20:36:40.576 D/NetworkController( 1646): hasCorrectMobileControllers true
01-28 20:36:40.576 D/NetworkController( 1646): onReceive: intent=Intent { act=android.intent.action.ACTION_SUBINFO_RECORD_UPDATED flg=0x10 }
01-28 20:36:40.577 D/CarrierText( 1646): Getting plmn/spn sticky brdcst /
01-28 20:36:40.577 D/CarrierText( 1646): displayText--
01-28 20:36:40.577 V/KeyguardUpdateMonitor( 1646): onSubscriptionInfoChanged()
01-28 20:36:40.578 V/KeyguardUpdateMonitor( 1646): onSubscriptionInfoChanged: list is null
01-28 20:36:40.579 D/CarrierText( 1646): updateCarrierText(): 0
01-28 20:36:40.579 D/NetworkController( 1646): onReceive: intent=Intent { act=android.intent.action.SERVICE_STATE flg=0x10 (has extras) }
01-28 20:36:40.579 D/CarrierText( 1646): simState[0] = UNKNOWN, simState[1] = UNKNOWN
01-28 20:36:40.579 D/CarrierText( 1646): hasTwoSimCard--true
01-28 20:36:40.580 D/CarrierText( 1646): simState[0] = UNKNOWN, simState[1] = UNKNOWN
01-28 20:36:40.581 D/CarrierText( 1646): Getting plmn/spn sticky brdcst /
01-28 20:36:40.582 D/CarrierText( 1646): displayText--
01-28 20:36:40.582 D/KeyguardUpdateMonitor( 1646): received broadcast android.intent.action.SERVICE_STATE
01-28 20:36:40.582 V/KeyguardUpdateMonitor( 1646): action android.intent.action.SERVICE_STATE serviceState=3 3 voice home data home null null null null null null  Unknown Unknown CSS not supported -1 -1 RoamInd=-1 DefRoamInd=-1 EmergOnly=false IsDataRoamingFromRegistration=false subId=2147483644
01-28 20:36:40.582 D/KeyguardUpdateMonitor( 1646): handleServiceStateChange(subId=2147483644, serviceState=3 3 voice home data home null null null null null null  Unknown Unknown CSS not supported -1 -1 RoamInd=-1 DefRoamInd=-1 EmergOnly=false IsDataRoamingFromRegistration=false
01-28 20:36:40.582 D/CarrierText( 1646): updateCarrierText(): 0
